--------- beginning of system
12-10 08:13:19.136  1660  1882 D ConnectivityService: handleLingerComplete for [100 WIFI]
12-10 08:17:44.783  1660  1796 D KernelCpuUidUserSysTimeReader: Removing uids 1037-1037
12-10 08:17:44.784  1660  1796 D KernelCpuUidUserSysTimeReader: Removing uids 1037-1037
12-10 08:18:00.011  1660  1796 V BatteryExternalStatsWorker: WiFi energy data was reset, new WiFi energy data is WifiActivityEnergyInfo{ mTimeSinceBootMillis=334067 mStackState=3 mControllerTxDurationMillis=263 mControllerRxDurationMillis=386 mControllerScanDurationMillis=2133 mControllerIdleDurationMillis=11762 mControllerEnergyUsedMicroJoules=0 }
12-10 08:18:20.010  1660  1749 W ProcessCpuTracker: Failed to stat(/proc/16446): android.system.ErrnoException: stat failed: ENOENT (No such file or directory)
12-10 08:18:20.010  1660  1749 W ProcessCpuTracker: Skipping unknown process pid 16446
12-10 08:18:46.513  1660  1796 V BatteryExternalStatsWorker: WiFi energy data was reset, new WiFi energy data is WifiActivityEnergyInfo{ mTimeSinceBootMillis=380569 mStackState=3 mControllerTxDurationMillis=0 mControllerRxDurationMillis=0 mControllerScanDurationMillis=0 mControllerIdleDurationMillis=0 mControllerEnergyUsedMicroJoules=0 }
12-10 08:21:04.600  1660  1796 V BatteryExternalStatsWorker: WiFi energy data was reset, new WiFi energy data is WifiActivityEnergyInfo{ mTimeSinceBootMillis=518648 mStackState=3 mControllerTxDurationMillis=273 mControllerRxDurationMillis=467 mControllerScanDurationMillis=2450 mControllerIdleDurationMillis=13495 mControllerEnergyUsedMicroJoules=0 }
12-10 08:21:14.085  1660  1749 W ProcessCpuTracker: Failed to stat(/proc/23511): android.system.ErrnoException: stat failed: ENOENT (No such file or directory)
12-10 08:21:14.086  1660  1749 W ProcessCpuTracker: Skipping unknown process pid 23511
12-10 08:22:39.307  1660  1804 V DisplayPowerController: Brightness [0.05] reason changing to: 'manual [ dim ]', previous reason: 'manual'.
12-10 08:22:46.305  1660  1804 I PowerManagerService: Going to sleep due to timeout (uid 1000)...
12-10 08:22:46.307  1660  1804 I PowerManagerService: Sleeping (uid 1000)...
12-10 08:22:46.308  1660  1804 I DisplayPowerController: Blocking screen off
12-10 08:22:46.309  1660  1804 I DisplayPowerController: Unblocked screen off after 1 ms
12-10 08:22:46.339  1660  1804 D ActivityTaskManager: Top Process State changed to PROCESS_STATE_TOP_SLEEPING
12-10 08:22:46.352  1660  1804 V DisplayPowerController: Brightness [-1.0] reason changing to: 'screen_off', previous reason: 'manual [ dim ]'.
12-10 08:22:46.359  1660  1744 I DisplayManagerService: Display device changed: DisplayDeviceInfo{"Integrierter Bildschirm": uniqueId="local:19260321094673538", 1080 x 1920, modeId 1, defaultModeId 1, supportedModes [{id=1, width=1080, height=1920, fps=60.000004}], colorMode 0, supportedColorModes [0], HdrCapabilities HdrCapabilities{mSupportedHdrTypes=[2, 3, 4], mMaxLuminance=500.0, mMaxAverageLuminance=500.0, mMinLuminance=0.0}, allmSupported false, gameContentTypeSupported false, density 400, 442.451 x 443.345 dpi, appVsyncOff 1000000, presDeadline 16666666, touch INTERNAL, rotation 0, type INTERNAL, address {port=130, model=0x446d28f51ba4}, deviceProductInfo DeviceProductInfo{name=, manufacturerPnpId=QCM, productId=1, modelYear=null, manufactureDate=ManufactureDate{week=27, year=2006}, relativeAddress=null}, state OFF, FLAG_DEFAULT_DISPLAY, FLAG_ROTATES_WITH_CONTENT, FLAG_SECURE, FLAG_SUPPORTS_PROTECTED_BUFFERS}
12-10 08:22:46.447  2592  3031 E ActivityThread: Failed to find provider info for user_dictionary
12-10 08:22:46.538  2195  2195 I ContextImpl: [DJIDEBUG] CtxImpl.construct not set device protected flag for pkg:dji.go.v5,  prevent exception in low version components androidx.work-runtime.WokManagerInitialize for calling ctx.isDeviceProtectedStorage check!
12-10 08:22:51.352  1660  1744 W ActivityTaskManager: Sleep timeout!  Sleeping now.
12-10 08:22:51.432  1660  1749 W ProcessCpuTracker: Failed to stat(/proc/27465): android.system.ErrnoException: stat failed: ENOENT (No such file or directory)
12-10 08:22:51.433  1660  1749 W ProcessCpuTracker: Skipping unknown process pid 27465
12-10 08:24:03.819  1660  1749 W ProcessCpuTracker: Failed to stat(/proc/30419): android.system.ErrnoException: stat failed: ENOENT (No such file or directory)
12-10 08:24:03.820  1660  1749 W ProcessCpuTracker: Skipping unknown process pid 30419
12-10 08:24:41.825  1660  1749 W ProcessCpuTracker: Failed to stat(/proc/31994): android.system.ErrnoException: stat failed: ENOENT (No such file or directory)
12-10 08:24:41.826  1660  1749 W ProcessCpuTracker: Skipping unknown process pid 31994
12-10 08:24:45.558  1660  1863 I PowerManagerService: Waking up from Asleep (uid=1000, reason=WAKE_REASON_POWER_BUTTON, details=android.policy:POWER)...
12-10 08:24:45.571  1660  1804 I DisplayPowerController: Blocking screen on until initial contents have been drawn.
12-10 08:24:45.572  1660  1804 D ActivityTaskManager: Top Process State changed to PROCESS_STATE_TOP
12-10 08:24:45.626  1660  1804 V DisplayPowerController: Brightness [0.097143866] reason changing to: 'manual', previous reason: 'screen_off'.
12-10 08:24:45.630  1660  1804 I DisplayPowerController: Unblocked screen on after 60 ms
12-10 08:24:45.826  1660  1804 W PowerManagerService: Screen on took 280 ms
12-10 08:24:45.828  1660  1742 W Looper  : Slow dispatch took 174ms android.ui h=android.hardware.display.DisplayManagerGlobal$DisplayListenerDelegate c=null m=2
12-10 08:24:45.831  1660  1744 I DisplayManagerService: Display device changed state: "Integrierter Bildschirm", ON
12-10 08:24:45.832  1660  1660 W Looper  : Slow dispatch took 175ms main h=com.android.server.job.JobSchedulerService$JobHandler c=null m=6
12-10 08:24:45.833  1660  1741 W Looper  : Slow dispatch took 187ms android.fg h=android.os.Handler c=com.android.server.location.-$$Lambda$AppForegroundHelper$7asxY_maANt1D_AUTchqbCjktH0@b86ecf1 m=0
12-10 08:24:45.872  1660  1660 W Looper  : Slow delivery took 224ms main h=com.android.server.job.controllers.QuotaController$QcHandler c=null m=3
12-10 08:24:45.879  1660  1660 W Looper  : Drained
12-10 08:24:45.894  2195  2195 I ContextImpl: [DJIDEBUG] CtxImpl.construct not set device protected flag for pkg:dji.go.v5,  prevent exception in low version components androidx.work-runtime.WokManagerInitialize for calling ctx.isDeviceProtectedStorage check!
12-10 08:24:45.899  1660  1745 W WindowManager: [DJIDEBUG] ActivityRecord.onWindowsDrawn firstDrawn set com.dji.mainpageui.device.DJIDeviceActivity
12-10 08:24:45.989  2592  3031 E ActivityThread: Failed to find provider info for user_dictionary
12-10 08:24:46.741  1660  2175 I PackageManager: [DJIDEBUG] PMS.resolveIntentInternal Intent { act=android.intent.action.MAIN cat=[android.intent.category.HOME] } query.size:1
12-10 08:24:46.741  1660  2175 I PackageManager: [DJIDEBUG] PMS.resolveIntentInternal cResolveInfo:ActivityInfo{b2ffddc com.android.settings.FallbackHome}
12-10 08:24:46.741  1660  2175 I PackageManager: [DJIDEBUG] PMS.resolveIntentInternal complete intent:Intent { act=android.intent.action.MAIN cat=[android.intent.category.HOME] } query.size:1 bestChoice:ActivityInfo{b2ffddc com.android.settings.FallbackHome}
12-10 08:24:46.865  1660  2171 I PackageManager: [DJIDEBUG] PMS.resolveIntentInternal Intent { act=android.intent.action.MAIN cat=[android.intent.category.HOME] } query.size:1
12-10 08:24:46.865  1660  2171 I PackageManager: [DJIDEBUG] PMS.resolveIntentInternal cResolveInfo:ActivityInfo{6f04ee5 com.android.settings.FallbackHome}
12-10 08:24:46.865  1660  2171 I PackageManager: [DJIDEBUG] PMS.resolveIntentInternal complete intent:Intent { act=android.intent.action.MAIN cat=[android.intent.category.HOME] } query.size:1 bestChoice:ActivityInfo{6f04ee5 com.android.settings.FallbackHome}
12-10 08:24:46.931  1660  2171 I PackageManager: [DJIDEBUG] PMS.resolveIntentInternal Intent { act=android.intent.action.MAIN cat=[android.intent.category.HOME] } query.size:1
12-10 08:24:46.931  1660  2171 I PackageManager: [DJIDEBUG] PMS.resolveIntentInternal cResolveInfo:ActivityInfo{6798dba com.android.settings.FallbackHome}
12-10 08:24:46.931  1660  2171 I PackageManager: [DJIDEBUG] PMS.resolveIntentInternal complete intent:Intent { act=android.intent.action.MAIN cat=[android.intent.category.HOME] } query.size:1 bestChoice:ActivityInfo{6798dba com.android.settings.FallbackHome}
12-10 08:24:47.595  1660  1744 W WindowManager: App freeze timeout expired.
12-10 08:24:51.783  1660  1741 W UsbDeviceManager: [DJIDEBUG] MSG_UPDATE_STATE mConnected:true mConfigured:false
12-10 08:24:51.788  1660  1741 W NotificationService: [DJIDEBUG] NMS.enqueueNotificationInternal: pkg=android id=27 notification=Notification(channel=USB shortcut=null contentView=null vibrate=null sound=null tick defaults=0x0 flags=0x2 color=0xff607d8b vis=PUBLIC) ignore!
12-10 08:24:51.788  1660  1741 D UsbDeviceManager: push notification:USB-Dateiübertragung aktiviert
12-10 08:24:51.791  1660  1741 W NotificationService: [DJIDEBUG] NMS.enqueueNotificationInternal: pkg=android id=26 notification=Notification(channel=DEVELOPER_IMPORTANT shortcut=null contentView=null vibrate=null sound=null tick defaults=0x0 flags=0x2 color=0xff607d8b vis=PUBLIC) ignore!
12-10 08:24:51.792  1660  1741 I UsbDeviceManager: [DJIDEBUG] broadcasting Intent { act=android.hardware.usb.action.USB_STATE flg=0x31000000 (has extras) } extras: Bundle[{host_connected=false, connected=true, unlocked=true, adb=true, mtp=true, configured=false}]
12-10 08:24:51.794  1660  1741 W UsbDeviceManager: [DJIDEBUG] MSG_UPDATE_STATE mConnected:true mConfigured:true
12-10 08:24:51.795  1660  1741 I UsbDeviceManager: [DJIDEBUG] broadcasting Intent { act=android.hardware.usb.action.USB_STATE flg=0x31000000 (has extras) } extras: Bundle[{host_connected=false, connected=true, unlocked=true, adb=true, mtp=true, configured=true}]
12-10 08:24:54.200  1660  1743 I EntropyMixer: Writing entropy...
12-10 08:25:04.051  1660  1742 D AutofillManagerService: onBackKeyPressed()
12-10 08:25:04.059  1660  1742 D AutofillManagerServiceImpl: Reset component for user 0:
12-10 08:25:04.062  1660  1742 D AutofillUI: destroySaveUiUiThread(): already destroyed
12-10 08:25:09.161  1660  1741 W UsbDeviceManager: [DJIDEBUG] MSG_UPDATE_STATE mConnected:true mConfigured:false
12-10 08:25:09.161  1660  1741 I UsbDeviceManager: [DJIDEBUG] broadcasting Intent { act=android.hardware.usb.action.USB_STATE flg=0x31000000 (has extras) } extras: Bundle[{host_connected=false, connected=true, unlocked=true, adb=true, mtp=true, configured=false}]
12-10 08:25:09.173  1660  1741 W UsbDeviceManager: [DJIDEBUG] MSG_UPDATE_STATE mConnected:true mConfigured:true
12-10 08:25:09.173  1660  1741 I UsbDeviceManager: [DJIDEBUG] broadcasting Intent { act=android.hardware.usb.action.USB_STATE flg=0x31000000 (has extras) } extras: Bundle[{host_connected=false, connected=true, unlocked=true, adb=true, mtp=true, configured=true}]
12-10 08:25:09.618  1660  1796 I BatteryStatsImpl: Resetting battery stats: level=95 status=2 dischargeLevel=95 lowAmount=4 highAmount=5
12-10 08:25:14.681  1660  1743 I EntropyMixer: Writing entropy...
12-10 08:25:14.714  1660  1796 V BatteryExternalStatsWorker: WiFi energy data was reset, new WiFi energy data is WifiActivityEnergyInfo{ mTimeSinceBootMillis=768766 mStackState=3 mControllerTxDurationMillis=0 mControllerRxDurationMillis=0 mControllerScanDurationMillis=0 mControllerIdleDurationMillis=0 mControllerEnergyUsedMicroJoules=0 }
12-10 08:27:59.450  1660  1749 W ProcessCpuTracker: Failed to stat(/proc/9108): android.system.ErrnoException: stat failed: ENOENT (No such file or directory)
12-10 08:27:59.450  1660  1749 W ProcessCpuTracker: Skipping unknown process pid 9108
12-10 08:29:19.630  1660  1741 W UsbDeviceManager: [DJIDEBUG] MSG_UPDATE_STATE mConnected:true mConfigured:false
12-10 08:29:19.630  1660  1741 I UsbDeviceManager: [DJIDEBUG] broadcasting Intent { act=android.hardware.usb.action.USB_STATE flg=0x31000000 (has extras) } extras: Bundle[{host_connected=false, connected=true, unlocked=true, adb=true, mtp=true, configured=false}]
12-10 08:29:19.642  1660  1741 W UsbDeviceManager: [DJIDEBUG] MSG_UPDATE_STATE mConnected:true mConfigured:true
12-10 08:29:19.642  1660  1741 I UsbDeviceManager: [DJIDEBUG] broadcasting Intent { act=android.hardware.usb.action.USB_STATE flg=0x31000000 (has extras) } extras: Bundle[{host_connected=false, connected=true, unlocked=true, adb=true, mtp=true, configured=true}]
12-10 08:29:20.218  1660  2653 D AdbDebuggingManager: Received public key: QAAAALNtFIeF9qNI1CCGOZD/nrX0DnIXz4HSCuM+mt0lOUoipg/Gdk/VMLyMemQrbS8PI5TNsnDekJJva5i6bZ0ke+C15RFFYPsjQWH1s8E1mL9SSFgkHPHNIiw09yWhOr+rdUxdZhR+orcDaTYLFcf99NJwqQesqERdPRaSg97Y9HHv74Lp7dqNQi3wwutfFjw4kOwtSsArKrQ2N6wM2iTREcH3roNBXMwkW8VIKyvIo8LlFXVR+sDXJutR63Sowp63WUe6k+w44XZW8n2zhz3G1WRCjMbPULOHQGBkBrQ0mJg6vulHIxgmzmd91Y41+qw6gNUcuudH2CD7uNkbB0WKIFWlBheffXmwvCtQzd5Up9CNLvomqlpTQL4/Ts0HmU1NRsRtK+gTK63EtJT/1SRUo0apS+uTvggR2IJMEP6PLThFjVyg2xNgIPW0irhIVYwrRhIelJGPHpad+k6JipShWXkbD8R60+W2Jr3ltCneW2mWF21E0xez4wZ/3lNd/QRwgRbH9DILD7fxkEdCkZGClksNMmjX7+3xjj074Wo/Dzhm/bicxN8LuHZGcU5K8Ui/qMeKWJHWuqBk2gNFMxNisJJy6GCl7/Ajq/T1oa1iCwxVg+aOkqm+g2tHHhSSrkWGRFg0ZOkm5qvlFGhF3OnXEwmAnPOqeicivHjwkVIYYI7QCTXJZAEAAQA= Tango@app.tangoapp.dev
12-10 08:29:20.220  1660  1741 D AdbDebuggingManager: Logging key QAAAALNtFIeF9qNI1CCGOZD/nrX0DnIXz4HSCuM+mt0lOUoipg/Gdk/VMLyMemQrbS8PI5TNsnDekJJva5i6bZ0ke+C15RFFYPsjQWH1s8E1mL9SSFgkHPHNIiw09yWhOr+rdUxdZhR+orcDaTYLFcf99NJwqQesqERdPRaSg97Y9HHv74Lp7dqNQi3wwutfFjw4kOwtSsArKrQ2N6wM2iTREcH3roNBXMwkW8VIKyvIo8LlFXVR+sDXJutR63Sowp63WUe6k+w44XZW8n2zhz3G1WRCjMbPULOHQGBkBrQ0mJg6vulHIxgmzmd91Y41+qw6gNUcuudH2CD7uNkbB0WKIFWlBheffXmwvCtQzd5Up9CNLvomqlpTQL4/Ts0HmU1NRsRtK+gTK63EtJT/1SRUo0apS+uTvggR2IJMEP6PLThFjVyg2xNgIPW0irhIVYwrRhIelJGPHpad+k6JipShWXkbD8R60+W2Jr3ltCneW2mWF21E0xez4wZ/3lNd/QRwgRbH9DILD7fxkEdCkZGClksNMmjX7+3xjj074Wo/Dzhm/bicxN8LuHZGcU5K8Ui/qMeKWJHWuqBk2gNFMxNisJJy6GCl7/Ajq/T1oa1iCwxVg+aOkqm+g2tHHhSSrkWGRFg0ZOkm5qvlFGhF3OnXEwmAnPOqeicivHjwkVIYYI7QCTXJZAEAAQA= Tango@app.tangoapp.dev, state = 1, alwaysAllow = false, lastConnectionTime = 0, authWindow = 604800000
12-10 08:29:20.223  1660  1741 I ActivityTaskManager: START u0 {flg=0x10000000 cmp=com.android.systemui/.usb.UsbDebuggingActivity (has extras)} from uid 1000
12-10 08:29:20.257  1660  1741 W ActivityTaskManager: [DJIDEBUG] ActivityRecord.addStartingWindow pkg:com.android.systemui
12-10 08:29:20.257  1660  1741 W ActivityTaskManager: [DJIDEBUG] AS.startActivityLocked postFinishBooting
12-10 08:29:20.272  1660  3869 I ActivityTaskManager: The Process com.android.systemui Already Exists in BG. So sending its PID: 2003
12-10 08:29:20.320  2195  2195 I ContextImpl: [DJIDEBUG] CtxImpl.construct not set device protected flag for pkg:dji.go.v5,  prevent exception in low version components androidx.work-runtime.WokManagerInitialize for calling ctx.isDeviceProtectedStorage check!
12-10 08:29:20.323  1660  1744 I WindowManager: [DJIDEBUG] WMS.enableScreenAfterBoot: mDisplayEnabled=true mForceDisplayEnabled=false mShowingBootMessages=false mSystemBooted=true
12-10 08:29:20.575  1660  1745 W WindowManager: [DJIDEBUG] ActivityRecord.onWindowsDrawn firstDrawn set com.android.systemui.usb.UsbDebuggingActivity
12-10 08:29:21.545  1660  2171 I PackageManager: [DJIDEBUG] PMS.resolveIntentInternal Intent { act=android.intent.action.MAIN cat=[android.intent.category.HOME] } query.size:1
12-10 08:29:21.546  1660  2171 I PackageManager: [DJIDEBUG] PMS.resolveIntentInternal cResolveInfo:ActivityInfo{e2b61cb com.android.settings.FallbackHome}
12-10 08:29:21.546  1660  2171 I PackageManager: [DJIDEBUG] PMS.resolveIntentInternal complete intent:Intent { act=android.intent.action.MAIN cat=[android.intent.category.HOME] } query.size:1 bestChoice:ActivityInfo{e2b61cb com.android.settings.FallbackHome}
12-10 08:29:21.549  1660  2171 I PackageManager: [DJIDEBUG] PMS.resolveIntentInternal Intent { act=android.intent.action.MAIN cat=[android.intent.category.HOME] } query.size:1
12-10 08:29:21.549  1660  2171 I PackageManager: [DJIDEBUG] PMS.resolveIntentInternal cResolveInfo:ActivityInfo{e46ada8 com.android.settings.FallbackHome}
12-10 08:29:21.549  1660  2171 I PackageManager: [DJIDEBUG] PMS.resolveIntentInternal complete intent:Intent { act=android.intent.action.MAIN cat=[android.intent.category.HOME] } query.size:1 bestChoice:ActivityInfo{e46ada8 com.android.settings.FallbackHome}
12-10 08:29:21.552  1660  2171 I PackageManager: [DJIDEBUG] PMS.resolveIntentInternal Intent { act=android.intent.action.MAIN cat=[android.intent.category.HOME] } query.size:1
12-10 08:29:21.552  1660  2171 I PackageManager: [DJIDEBUG] PMS.resolveIntentInternal cResolveInfo:ActivityInfo{4f150c1 com.android.settings.FallbackHome}
12-10 08:29:21.552  1660  2171 I PackageManager: [DJIDEBUG] PMS.resolveIntentInternal complete intent:Intent { act=android.intent.action.MAIN cat=[android.intent.category.HOME] } query.size:1 bestChoice:ActivityInfo{4f150c1 com.android.settings.FallbackHome}
12-10 08:29:22.097  1660  1741 D AdbDebuggingManager: Logging key QAAAALNtFIeF9qNI1CCGOZD/nrX0DnIXz4HSCuM+mt0lOUoipg/Gdk/VMLyMemQrbS8PI5TNsnDekJJva5i6bZ0ke+C15RFFYPsjQWH1s8E1mL9SSFgkHPHNIiw09yWhOr+rdUxdZhR+orcDaTYLFcf99NJwqQesqERdPRaSg97Y9HHv74Lp7dqNQi3wwutfFjw4kOwtSsArKrQ2N6wM2iTREcH3roNBXMwkW8VIKyvIo8LlFXVR+sDXJutR63Sowp63WUe6k+w44XZW8n2zhz3G1WRCjMbPULOHQGBkBrQ0mJg6vulHIxgmzmd91Y41+qw6gNUcuudH2CD7uNkbB0WKIFWlBheffXmwvCtQzd5Up9CNLvomqlpTQL4/Ts0HmU1NRsRtK+gTK63EtJT/1SRUo0apS+uTvggR2IJMEP6PLThFjVyg2xNgIPW0irhIVYwrRhIelJGPHpad+k6JipShWXkbD8R60+W2Jr3ltCneW2mWF21E0xez4wZ/3lNd/QRwgRbH9DILD7fxkEdCkZGClksNMmjX7+3xjj074Wo/Dzhm/bicxN8LuHZGcU5K8Ui/qMeKWJHWuqBk2gNFMxNisJJy6GCl7/Ajq/T1oa1iCwxVg+aOkqm+g2tHHhSSrkWGRFg0ZOkm5qvlFGhF3OnXEwmAnPOqeicivHjwkVIYYI7QCTXJZAEAAQA= Tango@app.tangoapp.dev, state = 2, alwaysAllow = false, lastConnectionTime = 0, authWindow = 604800000
12-10 08:29:22.483  2592  3031 E ActivityThread: Failed to find provider info for user_dictionary
12-10 08:29:23.380  1660  1894 I PackageManager: [DJIDEBUG] PMS.resolveIntentInternal Intent { act=android.intent.action.MAIN cat=[android.intent.category.HOME] } query.size:1
12-10 08:29:23.381  1660  1894 I PackageManager: [DJIDEBUG] PMS.resolveIntentInternal cResolveInfo:ActivityInfo{725a1ab com.android.settings.FallbackHome}
12-10 08:29:23.381  1660  1894 I PackageManager: [DJIDEBUG] PMS.resolveIntentInternal complete intent:Intent { act=android.intent.action.MAIN cat=[android.intent.category.HOME] } query.size:1 bestChoice:ActivityInfo{725a1ab com.android.settings.FallbackHome}
12-10 08:29:23.815 12545 12545 I PackageParser: Skipping target and overlay pair com.android.wifi.resources and /vendor/overlay/WifiResTarget.apk: overlay ignored due to required system property: ro.boot.product.vendor.sku with value: lahaina
12-10 08:29:25.713  1660  2373 D NotificationService: 0|com.android.systemui|2001|null|10014: granting content://settings/system/notification_sound
12-10 08:29:25.715  1660  2373 D NotificationService: 0|com.celzero.bravedns|1|null|10023: granting content://settings/system/notification_sound
12-10 08:29:39.305  1660  1757 I ActivityManager: Force stopping com.celzero.bravedns appid=10023 user=-1: deletePackageX
12-10 08:29:39.309  1660  1757 I ActivityManager: Killing 2884:com.celzero.bravedns/u0a23 (adj 200): stop com.celzero.bravedns due to deletePackageX
12-10 08:29:39.318  1660  1660 W WindowManager: removeWindowToken: Attempted to remove non-existing token: android.os.Binder@1ea7fac
12-10 08:29:39.325  1660  1757 W ActivityManager: Error canceling notification for service
12-10 08:29:39.325  1660  1757 W ActivityManager: java.lang.SecurityException: Caller com.celzero.bravedns:10023 cannot post for pkg com.celzero.bravedns in user 0
12-10 08:29:39.325  1660  1757 W ActivityManager: 	at com.android.server.notification.NotificationManagerService.resolveNotificationUid(NotificationManagerService.java:6179)
12-10 08:29:39.325  1660  1757 W ActivityManager: 	at com.android.server.notification.NotificationManagerService.cancelNotificationInternal(NotificationManagerService.java:5792)
12-10 08:29:39.325  1660  1757 W ActivityManager: 	at com.android.server.notification.NotificationManagerService$11.cancelNotification(NotificationManagerService.java:5737)
12-10 08:29:39.325  1660  1757 W ActivityManager: 	at com.android.server.am.ServiceRecord$2.run(ServiceRecord.java:962)
12-10 08:29:39.325  1660  1757 W ActivityManager: 	at android.os.Handler.handleCallback(Handler.java:938)
12-10 08:29:39.325  1660  1757 W ActivityManager: 	at android.os.Handler.dispatchMessage(Handler.java:99)
12-10 08:29:39.325  1660  1757 W ActivityManager: 	at android.os.Looper.loop(Looper.java:223)
12-10 08:29:39.325  1660  1757 W ActivityManager: 	at android.os.HandlerThread.run(HandlerThread.java:67)
12-10 08:29:39.325  1660  1757 W ActivityManager: 	at com.android.server.ServiceThread.run(ServiceThread.java:44)
12-10 08:29:39.334  1660  1813 I PackageManager: Removing permission com.celzero.bravedns.DYNAMIC_RECEIVER_NOT_EXPORTED_PERMISSION that used to be declared by com.celzero.bravedns
12-10 08:29:39.336  1660  1813 W PackageManager: Removing dangling permission: com.celzero.bravedns.DYNAMIC_RECEIVER_NOT_EXPORTED_PERMISSION from package com.celzero.bravedns
12-10 08:29:39.336  1660  1813 I PackageManager: Permission ownership changed. Updating all permissions.
12-10 08:29:39.359  1660  1882 D ConnectivityService: [101 WIFI|VPN] EVENT_NETWORK_INFO_CHANGED, going from CONNECTED to DISCONNECTED
12-10 08:29:39.359  1660  1741 W NotificationService: [DJIDEBUG] NMS.enqueueNotificationInternal: pkg=android id=17 notification=Notification(channel=VPN shortcut=null contentView=null vibrate=null sound=null defaults=0x0 flags=0x2 color=0xff607d8b category=sys vis=PUBLIC) ignore!
12-10 08:29:39.363  1660  1882 D ConnectivityService: [101 WIFI|VPN] disconnected, was satisfying 11
12-10 08:29:39.378  1660  1882 E ConnectivityService: RemoteException caught trying to send a callback msg for NetworkRequest [ LISTEN id=23, [ Transports: CELLULAR|WIFI|ETHERNET|VPN Capabilities: INTERNET Uid: 10023 AdministratorUids: [] RequestorUid: 10023 RequestorPackageName: com.celzero.bravedns] ]
12-10 08:29:39.378  1660  1882 E ConnectivityService: RemoteException caught trying to send a callback msg for NetworkRequest [ TRACK_DEFAULT id=24, [ Capabilities: INTERNET&NOT_RESTRICTED&TRUSTED Uid: 10023 AdministratorUids: [] RequestorUid: 10023 RequestorPackageName: com.celzero.bravedns] ]
12-10 08:29:39.379  1660  1882 D ConnectivityService: Sending DISCONNECTED broadcast for type 17 [101 WIFI|VPN] isDefaultNetwork=false
12-10 08:29:39.385  1660  1674 D ConnectivityService: ConnectivityService NetworkRequestInfo binderDied(NetworkRequest [ LISTEN id=23, [ Transports: CELLULAR|WIFI|ETHERNET|VPN Capabilities: INTERNET Uid: 10023 AdministratorUids: [] RequestorUid: 10023 RequestorPackageName: com.celzero.bravedns] ], android.os.BinderProxy@1441a58)
12-10 08:29:39.385  1660  3869 D ConnectivityService: ConnectivityService NetworkRequestInfo binderDied(NetworkRequest [ TRACK_DEFAULT id=24, [ Capabilities: INTERNET&NOT_RESTRICTED&TRUSTED Uid: 10023 AdministratorUids: [] RequestorUid: 10023 RequestorPackageName: com.celzero.bravedns] ], android.os.BinderProxy@21637b1)
12-10 08:29:39.410  1660  1673 D ConnectivityService: Returning BLOCKED NetworkInfo to uid=10021
12-10 08:29:39.415  1660  1882 D ConnectivityService: NetReassign [24 : null → 100, 9 : null → 100, 10 : null → 100, 15 : null → 100, 14 : null → 100, 21 : null → 100, 22 : null → 100]
12-10 08:29:39.418  1660  1882 E ConnectivityService: RemoteException caught trying to send a callback msg for NetworkRequest [ TRACK_DEFAULT id=24, [ Capabilities: INTERNET&NOT_RESTRICTED&TRUSTED Uid: 10023 AdministratorUids: [] RequestorUid: 10023 RequestorPackageName: com.celzero.bravedns] ]
12-10 08:29:39.419  1660  1813 D PackageManager: Instant App installer not found with android.intent.action.INSTALL_INSTANT_APP_PACKAGE
12-10 08:29:39.419  1660  1813 D PackageManager: Clear ephemeral installer activity
12-10 08:29:39.426  1660  2830 E TaskPersister: File error accessing recents directory (directory doesn't exist?).
12-10 08:29:39.434  1660  1660 D ConnectivityService: Returning BLOCKED NetworkInfo to uid=1000
12-10 08:29:39.439  1660  1882 D ProxyTracker: sending Proxy Broadcast for [] 0 xl=
12-10 08:29:39.441  1660  1882 D ConnectivityService: releasing NetworkRequest [ TRACK_DEFAULT id=24, [ Capabilities: INTERNET&NOT_RESTRICTED&TRUSTED Uid: 10023 AdministratorUids: [] RequestorUid: 10023 RequestorPackageName: com.celzero.bravedns] ] (release request)
12-10 08:29:39.479  1660  1813 I ActivityManager: Force stopping com.celzero.bravedns appid=10023 user=0: pkg removed
12-10 08:29:39.540  1660  1882 D ConnectivityService: Removing always-on VPN package com.celzero.bravedns for user 0
12-10 08:29:39.541  1660  1868 V StorageManagerService: Package com.celzero.bravedns does not have legacy storage
12-10 08:29:39.542  1660  2830 E TaskPersister: File error accessing recents directory (directory doesn't exist?).
12-10 08:29:39.542  1660  1757 W BroadcastQueue: Background execution not allowed: receiving Intent { act=android.intent.action.PACKAGE_REMOVED dat=package:com.celzero.bravedns flg=0x4000010 (has extras) } to com.android.gallery3d/.app.PackagesMonitor
12-10 08:29:39.545  1660  1741 I RoleManagerService: Granting default roles...
12-10 08:29:39.546  1660  1813 I ActivityManager: Force stopping com.celzero.bravedns appid=10023 user=0: pkg removed
12-10 08:29:39.559  1660  1848 I RollbackManager: broadcast=ACTION_PACKAGE_FULLY_REMOVED pkg=com.celzero.bravedns
12-10 08:29:39.564  1660  1757 D CompatibilityChangeReporter: Compat change id reported: 135634846; UID 10004; state: DISABLED
12-10 08:29:39.565  1660  1758 D CompatibilityChangeReporter: Compat change id reported: 143937733; UID 10004; state: ENABLED
12-10 08:29:39.578  1660  1758 I ActivityManager: Start proc 13275:com.android.documentsui/u0a4 for broadcast {com.android.documentsui/com.android.documentsui.PackageReceiver}
12-10 08:29:39.604  1660  1660 I ConditionProviders: Disallowing condition provider com.celzero.bravedns
12-10 08:29:39.886  1660  1673 D CompatibilityChangeReporter: Compat change id reported: 135634846; UID 10002; state: DISABLED
12-10 08:29:39.888  1660  1758 D CompatibilityChangeReporter: Compat change id reported: 143937733; UID 10002; state: ENABLED
12-10 08:29:39.900  1660  1758 I ActivityManager: Start proc 13330:com.android.externalstorage/u0a2 for content provider {com.android.externalstorage/com.android.externalstorage.ExternalStorageProvider}
12-10 08:30:23.748  1660  1867 W RuleEvaluation: Integrity rule files are not available.
12-10 08:30:23.750  1660  1813 I PackageManager: Integrity check passed for file:///data/app/vmdl111845087.tmp
12-10 08:30:23.751  1660  1813 W PackageManager: [DJIDEBUG] installPackagesLI add abiOverride:armeabi-v7a for /data/app/vmdl111845087.tmp
12-10 08:30:23.779  1660  1813 W PackageManager: No IntentFilter verification will not be done as there is no IntentFilterVerifier available!
12-10 08:30:23.783  1660  1813 D CompatibilityChangeReporter: Compat change id reported: 135549675; UID 10024; state: ENABLED
12-10 08:30:23.831  1660  1813 I PackageManager: Permission ownership changed. Updating all permissions.
12-10 08:30:23.884  1660  1813 D PackageManager: Instant App installer not found with android.intent.action.INSTALL_INSTANT_APP_PACKAGE
12-10 08:30:23.884  1660  1813 D PackageManager: Clear ephemeral installer activity
12-10 08:30:23.889  1660  1741 W Looper  : Slow dispatch took 105ms android.fg h=com.android.server.location.gnss.GnssLocationProvider$ProviderHandler c=null m=17
12-10 08:30:23.889  1660  1813 E ArtManagerService: Failed to prepare profile for com.dronescontrol.dronesecure:/data/app/~~o1GIyEKncfYkEp6k6UU96Q==/com.dronescontrol.dronesecure-7AHOlOD5eDMgMdxDJfLBfA==/base.apk
12-10 08:30:23.890  1660  1813 V BackupManagerService: [UserID:0] restoreAtInstall pkg=com.dronescontrol.dronesecure token=1 restoreSet=0
12-10 08:30:23.891  1660  1813 W BackupTransportManager: Transport com.android.localtransport/.LocalTransport not registered
12-10 08:30:23.891  1660  1813 W BackupManagerService: [UserID:0] No transport client
12-10 08:30:23.891  1660  1813 V BackupManagerService: [UserID:0] Finishing install immediately
12-10 08:30:23.898  1660  1813 V StorageManagerService: Package null does not have legacy storage
12-10 08:30:23.914  1660  1741 I RoleManagerService: Granting default roles...
12-10 08:30:23.931  1660  1757 W BroadcastQueue: Background execution not allowed: receiving Intent { act=android.intent.action.PACKAGE_ADDED dat=package:com.dronescontrol.dronesecure flg=0x4000010 (has extras) } to com.android.packageinstaller/.PackageInstalledReceiver
12-10 08:30:23.942  1660  1757 W BroadcastQueue: Background execution not allowed: receiving Intent { act=android.intent.action.PACKAGE_ADDED dat=package:com.dronescontrol.dronesecure flg=0x4000010 (has extras) } to com.android.gallery3d/.app.PackagesMonitor
12-10 08:30:23.974  1660  1660 V BackupManagerConstants: getFullBackupIntervalMilliseconds(...) returns 86400000
12-10 08:30:23.974  1660  1660 V BackupManagerConstants: getFullBackupRequiredNetworkType(...) returns 2
12-10 08:30:23.974  1660  1660 V BackupManagerConstants: getFullBackupRequireCharging(...) returns true
12-10 08:30:23.996  1660  1749 W VoiceInteractionManager: no available voice recognition services found for user 0
12-10 08:30:36.551  1660 13265 I ActivityTaskManager: START u0 {flg=0x10000000 cmp=com.dronescontrol.dronesecure/.ui.activity.LauncherAliasAppLock} from uid 0
12-10 08:30:36.586  1660 13265 W ActivityTaskManager: [DJIDEBUG] ActivityRecord.addStartingWindow pkg:com.dronescontrol.dronesecure
12-10 08:30:36.586  1660 13265 W ActivityTaskManager: [DJIDEBUG] AS.startActivityLocked postFinishBooting
12-10 08:30:36.606  1660  1744 I WindowManager: [DJIDEBUG] WMS.enableScreenAfterBoot: mDisplayEnabled=true mForceDisplayEnabled=false mShowingBootMessages=false mSystemBooted=true
12-10 08:30:36.615  1660  1758 D CompatibilityChangeReporter: Compat change id reported: 143937733; UID 10024; state: ENABLED
12-10 08:30:36.632  2195  2195 I ContextImpl: [DJIDEBUG] CtxImpl.construct not set device protected flag for pkg:dji.go.v5,  prevent exception in low version components androidx.work-runtime.WokManagerInitialize for calling ctx.isDeviceProtectedStorage check!
12-10 08:30:36.633  1660  1758 I ActivityManager: Start proc 15628:com.dronescontrol.dronesecure/u0a24 for pre-top-activity {com.dronescontrol.dronesecure/com.dronescontrol.dronesecure.ui.activity.LauncherAliasAppLock}
12-10 08:30:37.213  1660 13260 D PackageManager: Instant App installer not found with android.intent.action.INSTALL_INSTANT_APP_PACKAGE
12-10 08:30:37.213  1660 13260 D PackageManager: Clear ephemeral installer activity
12-10 08:30:37.500  1660 13260 I ActivityTaskManager: START u0 {flg=0x10008000 pkg=com.dronescontrol.dronesecure cmp=com.dronescontrol.dronesecure/.ui.HomeScreenActivity} from uid 10024
12-10 08:30:37.506  1660 13260 W ActivityTaskManager: [DJIDEBUG] ActivityRecord.addStartingWindow pkg:com.dronescontrol.dronesecure
12-10 08:30:37.506  1660 13260 W ActivityTaskManager: [DJIDEBUG] AS.startActivityLocked postFinishBooting
12-10 08:30:37.509  1660 13260 W ActivityTaskManager: Duplicate finish request for r=ActivityRecord{e24366e u0 com.dronescontrol.dronesecure/.ui.activity.LauncherAliasAppLock t55 f}}
12-10 08:30:37.509  1660  1744 I WindowManager: [DJIDEBUG] WMS.enableScreenAfterBoot: mDisplayEnabled=true mForceDisplayEnabled=false mShowingBootMessages=false mSystemBooted=true
12-10 08:30:37.518  1660 13260 I ActivityTaskManager: The Process com.dronescontrol.dronesecure Already Exists in BG. So sending its PID: 15628
12-10 08:30:37.519  1660 13260 W ActivityTaskManager: Tried to set launchTime (0) < mLastActivityLaunchTime (1090801)
12-10 08:30:37.530  1660 13260 D PackageManager: Instant App installer not found with android.intent.action.INSTALL_INSTANT_APP_PACKAGE
12-10 08:30:37.530  1660 13260 D PackageManager: Clear ephemeral installer activity
12-10 08:30:37.696  1660  1894 I ActivityTaskManager: START u0 {cmp=com.dronescontrol.dronesecure/.ui.activity.WelcomeActivity} from uid 10024
12-10 08:30:37.701  1660  1894 W ActivityTaskManager: [DJIDEBUG] ActivityRecord.addStartingWindow pkg:com.dronescontrol.dronesecure
12-10 08:30:37.701  1660  1894 W ActivityTaskManager: [DJIDEBUG] AS.startActivityLocked postFinishBooting
12-10 08:30:37.706  1660  1744 I WindowManager: [DJIDEBUG] WMS.enableScreenAfterBoot: mDisplayEnabled=true mForceDisplayEnabled=false mShowingBootMessages=false mSystemBooted=true
12-10 08:30:37.711  1660  1894 I ActivityTaskManager: The Process com.dronescontrol.dronesecure Already Exists in BG. So sending its PID: 15628
12-10 08:30:37.712  1660  1894 W ActivityTaskManager: Tried to set launchTime (0) < mLastActivityLaunchTime (1091584)
12-10 08:30:37.978  1660  1745 W WindowManager: [DJIDEBUG] ActivityRecord.onWindowsDrawn firstDrawn set com.dronescontrol.dronesecure.ui.activity.WelcomeActivity
12-10 08:30:38.276  1660  1741 I RoleManagerService: Granting default roles...
12-10 08:30:38.284  2592  3031 E ActivityThread: Failed to find provider info for user_dictionary
12-10 08:30:38.459  1660  1660 D NotificationService: 0|com.dronescontrol.dronesecure|103|Firewall_Alerts|10024: granting content://settings/system/notification_sound
12-10 08:30:38.460  1660  1660 I chatty  : uid=1000(system) Binder:1660_3 identical 1 line
12-10 08:30:38.461  1660  1660 D NotificationService: 0|com.dronescontrol.dronesecure|103|Firewall_Alerts|10024: granting content://settings/system/notification_sound
12-10 08:30:38.461  1660 15792 I DropBoxManagerService: add tag=data_app_crash isTagEnabled=true flags=0x2
12-10 08:30:38.462  1660  1660 D NotificationService: 0|com.dronescontrol.dronesecure|103|Firewall_Alerts|10024: granting content://settings/system/notification_sound
12-10 08:30:38.463  1660  3869 W ActivityTaskManager:   Force finishing activity com.dronescontrol.dronesecure/.ui.activity.WelcomeActivity
12-10 08:30:38.463  1660  1660 W NotificationHistory: Attempted to add notif for locked/gone/disabled user 0
12-10 08:30:38.509  1660  3869 D ConnectivityService: Returning UNBLOCKED NetworkInfo to uid=10021
12-10 08:30:38.561  1660  1674 I ActivityManager: Process com.dronescontrol.dronesecure (pid 15628) has died: prcp CRE 
12-10 08:30:38.562  1660  1894 I WindowManager: WIN DEATH: Window{826ceeb u0 com.dronescontrol.dronesecure/com.dronescontrol.dronesecure.ui.activity.WelcomeActivity}
12-10 08:30:38.583  1660  1674 W ActivityManager: Scheduling restart of crashed service com.dronescontrol.dronesecure/androidx.work.impl.background.systemjob.SystemJobService in 1000ms for connection
12-10 08:30:38.612  1660  1744 W ActivityManager: setHasOverlayUi called on unknown pid: 15628
12-10 08:30:38.762  2592  3031 E ActivityThread: Failed to find provider info for user_dictionary
12-10 08:30:34.939  1660  1660 D DevicePolicyManager: updateSystemUpdateFreezePeriodsRecord
12-10 08:30:34.949  1660  1660 W SyncManager: Clock is valid now.
12-10 08:30:34.949  1660  1660 D ConditionProviders.SCP: onReceive android.intent.action.TIME_SET
12-10 08:30:34.950  1660  1660 D ConditionProviders.SCP: evaluateSubscriptionLocked cal=ScheduleCalendar[mDays={1, 2, 3, 4, 5, 6, 7}, mSchedule=ScheduleInfo{days=[1, 2, 3, 4, 5, 6, 7], startHour=22, startMinute=0, endHour=7, endMinute=0, exitAtAlarm=true, nextAlarm=Thu Jan 01 01:00:00 GMT+01:00 1970 (0)}], now=Wed Dec 10 08:30:34 GMT+01:00 2025 (1765351834949), nextUserAlarmTime=Thu Jan 01 01:00:00 GMT+01:00 1970 (0)
12-10 08:30:34.950  1660  1660 D ConditionProviders.SCP: notifyCondition condition://android/schedule?days=1.2.3.4.5.6.7&start=22.0&end=7.0&exitAtAlarm=true STATE_FALSE reason=!meetsSchedule
12-10 08:30:34.952  1660  1660 D ConditionProviders.SCP: Scheduling evaluate for Wed Dec 10 22:00:00 GMT+01:00 2025 (1765400400000), in +13h29m25s51ms, now=Wed Dec 10 08:30:34 GMT+01:00 2025 (1765351834949)
12-10 08:30:34.957  1660  1758 D CompatibilityChangeReporter: Compat change id reported: 143937733; UID 10024; state: ENABLED
12-10 08:30:34.968  1660  1887 E ActivityThread: Failed to find provider info for com.android.calendar
12-10 08:30:34.969  1660  1887 E ActivityThread: Failed to find provider info for com.android.calendar
12-10 08:30:34.970  1660  1758 I ActivityManager: Start proc 15819:com.dronescontrol.dronesecure/u0a24 for broadcast {com.dronescontrol.dronesecure/androidx.work.impl.background.systemalarm.RescheduleReceiver}
12-10 08:30:35.523  1660  2830 E TaskPersister: File error accessing recents directory (directory doesn't exist?).
12-10 08:30:39.558  1660  1674 I ActivityTaskManager: START u0 {flg=0x10000000 cmp=com.dronescontrol.dronesecure/.ui.activity.LauncherAliasAppLock} from uid 0
12-10 08:30:39.587  1660  1674 W ActivityTaskManager: [DJIDEBUG] ActivityRecord.addStartingWindow pkg:com.dronescontrol.dronesecure
12-10 08:30:39.587  1660  1674 W ActivityTaskManager: [DJIDEBUG] AS.startActivityLocked postFinishBooting
12-10 08:30:39.602  1660 13260 I ActivityTaskManager: The Process com.dronescontrol.dronesecure Already Exists in BG. So sending its PID: 15819
12-10 08:30:39.622  2195  2195 I ContextImpl: [DJIDEBUG] CtxImpl.construct not set device protected flag for pkg:dji.go.v5,  prevent exception in low version components androidx.work-runtime.WokManagerInitialize for calling ctx.isDeviceProtectedStorage check!
12-10 08:30:39.624  1660  1749 I UsageStatsService: User[0] Time changed in by -4 seconds
12-10 08:30:39.625  1660  1749 I UsageStatsService: User[0] Flushing usage stats to disk
12-10 08:30:39.625  1660  1744 I WindowManager: [DJIDEBUG] WMS.enableScreenAfterBoot: mDisplayEnabled=true mForceDisplayEnabled=false mShowingBootMessages=false mSystemBooted=true
12-10 08:30:39.701  1660  1749 I UsageStatsDatabase: Time changed by -4s676ms. files deleted: 0 files moved: 5
12-10 08:30:39.722  1660  1749 E IntervalStats: Unable to parse usage stats package 27
12-10 08:30:39.732  1660  1749 I chatty  : uid=1000(system) android.bg identical 2 lines
12-10 08:30:39.734  1660  1749 E IntervalStats: Unable to parse usage stats package 27
12-10 08:30:39.734  1660  1749 I UsageStatsService: User[0] Rollover scheduled @ 2025-12-10 09:17:43(1765354663658)
12-10 08:30:39.737  1660  1660 W Looper  : Slow dispatch took 111ms main h=com.android.server.job.JobSchedulerService$JobHandler c=null m=6
12-10 08:30:39.737  1660  1741 W Looper  : Slow dispatch took 109ms android.fg h=com.android.server.AppStateTracker$MyHandler c=null m=0
12-10 08:30:39.859  1660 13265 I ActivityTaskManager: START u0 {flg=0x10008000 pkg=com.dronescontrol.dronesecure cmp=com.dronescontrol.dronesecure/.ui.HomeScreenActivity} from uid 10024
12-10 08:30:39.864  1660 13265 W ActivityTaskManager: [DJIDEBUG] ActivityRecord.addStartingWindow pkg:com.dronescontrol.dronesecure
12-10 08:30:39.864  1660 13265 W ActivityTaskManager: [DJIDEBUG] AS.startActivityLocked postFinishBooting
12-10 08:30:39.867  1660 13265 W ActivityTaskManager: Duplicate finish request for r=ActivityRecord{17fafba u0 com.dronescontrol.dronesecure/.ui.activity.LauncherAliasAppLock t56 f}}
12-10 08:30:39.868  1660  1744 I WindowManager: [DJIDEBUG] WMS.enableScreenAfterBoot: mDisplayEnabled=true mForceDisplayEnabled=false mShowingBootMessages=false mSystemBooted=true
12-10 08:30:39.874  1660 13265 I ActivityTaskManager: The Process com.dronescontrol.dronesecure Already Exists in BG. So sending its PID: 15819
12-10 08:30:39.875  1660 13265 W ActivityTaskManager: Tried to set launchTime (0) < mLastActivityLaunchTime (1098347)
12-10 08:30:40.039  1660  1894 I ActivityTaskManager: START u0 {cmp=com.dronescontrol.dronesecure/.ui.activity.WelcomeActivity} from uid 10024
12-10 08:30:40.051  1660  1894 W ActivityTaskManager: [DJIDEBUG] ActivityRecord.addStartingWindow pkg:com.dronescontrol.dronesecure
12-10 08:30:40.051  1660  1894 W ActivityTaskManager: [DJIDEBUG] AS.startActivityLocked postFinishBooting
12-10 08:30:40.061  1660  1744 I WindowManager: [DJIDEBUG] WMS.enableScreenAfterBoot: mDisplayEnabled=true mForceDisplayEnabled=false mShowingBootMessages=false mSystemBooted=true
12-10 08:30:40.066  1660  1673 I ActivityTaskManager: The Process com.dronescontrol.dronesecure Already Exists in BG. So sending its PID: 15819
12-10 08:30:40.067  1660  1673 W ActivityTaskManager: Tried to set launchTime (0) < mLastActivityLaunchTime (1098616)
12-10 08:30:40.363  1660  1745 W WindowManager: [DJIDEBUG] ActivityRecord.onWindowsDrawn firstDrawn set com.dronescontrol.dronesecure.ui.activity.WelcomeActivity
12-10 08:30:40.488  2592  3031 E ActivityThread: Failed to find provider info for user_dictionary
12-10 08:30:43.265  1660  1673 I ActivityTaskManager: START u0 {pkg=com.dronescontrol.dronesecure cmp=com.dronescontrol.dronesecure/.ui.HomeScreenActivity} from uid 10024
12-10 08:30:43.278  1660  1673 W ActivityTaskManager: [DJIDEBUG] ActivityRecord.addStartingWindow pkg:com.dronescontrol.dronesecure
12-10 08:30:43.279  1660  1673 W ActivityTaskManager: [DJIDEBUG] AS.startActivityLocked postFinishBooting
12-10 08:30:43.290  1660  1744 I WindowManager: [DJIDEBUG] WMS.enableScreenAfterBoot: mDisplayEnabled=true mForceDisplayEnabled=false mShowingBootMessages=false mSystemBooted=true
12-10 08:30:43.302  1660  1674 I ActivityTaskManager: The Process com.dronescontrol.dronesecure Already Exists in BG. So sending its PID: 15819
12-10 08:30:43.304  1660  1674 W ActivityTaskManager: Tried to set launchTime (0) < mLastActivityLaunchTime (1098808)
12-10 08:30:43.756  1660  1745 W WindowManager: [DJIDEBUG] ActivityRecord.onWindowsDrawn firstDrawn set com.dronescontrol.dronesecure.ui.HomeScreenActivity
12-10 08:30:43.787  2592  3031 E ActivityThread: Failed to find provider info for user_dictionary
--------- beginning of crash
12-10 08:30:44.101 15819 15947 E AndroidRuntime:            primaryKeyPosition = '0',
12-10 08:30:44.101 15819 15947 E AndroidRuntime:            defaultValue = 'undefined'
12-10 08:30:44.101 15819 15947 E AndroidRuntime:         },
12-10 08:30:44.101 15819 15947 E AndroidRuntime:         Column {
12-10 08:30:44.101 15819 15947 E AndroidRuntime:            name = 'modifiedDataTime',
12-10 08:30:44.101 15819 15947 E AndroidRuntime:            type = 'INTEGER',
12-10 08:30:44.101 15819 15947 E AndroidRuntime:            affinity = '3',
12-10 08:30:44.101 15819 15947 E AndroidRuntime:            notNull = 'true',
12-10 08:30:44.101 15819 15947 E AndroidRuntime:            primaryKeyPosition = '0',
12-10 08:30:44.101 15819 15947 E AndroidRuntime:            defaultValue = 'undefined'
12-10 08:30:44.101 15819 15947 E AndroidRuntime:         }
12-10 08:30:44.101 15819 15947 E AndroidRuntime:     },
12-10 08:30:44.101 15819 15947 E AndroidRuntime:     foreignKeys = { }
12-10 08:30:44.101 15819 15947 E AndroidRuntime:     indices = { }
12-10 08:30:44.101 15819 15947 E AndroidRuntime: }
12-10 08:30:44.101 15819 15947 E AndroidRuntime: 	at androidx.room.BaseRoomConnectionManager.onMigrate(RoomConnectionManager.kt:215)
12-10 08:30:44.101 15819 15947 E AndroidRuntime: 	at androidx.room.RoomConnectionManager$SupportOpenHelperCallback.onUpgrade(RoomConnectionManager.android.kt:163)
12-10 08:30:44.101 15819 15947 E AndroidRuntime: 	at androidx.sqlite.db.framework.FrameworkSQLiteOpenHelper$OpenHelper.onUpgrade(FrameworkSQLiteOpenHelper.android.kt:245)
12-10 08:30:44.101 15819 15947 E AndroidRuntime: 	at android.database.sqlite.SQLiteOpenHelper.getDatabaseLocked(SQLiteOpenHelper.java:416)
12-10 08:30:44.101 15819 15947 E AndroidRuntime: 	at android.database.sqlite.SQLiteOpenHelper.getWritableDatabase(SQLiteOpenHelper.java:316)
12-10 08:30:44.101 15819 15947 E AndroidRuntime: 	at androidx.sqlite.db.framework.FrameworkSQLiteOpenHelper$OpenHelper.getWritableOrReadableDatabase(FrameworkSQLiteOpenHelper.android.kt:224)
12-10 08:30:44.101 15819 15947 E AndroidRuntime: 	at androidx.sqlite.db.framework.FrameworkSQLiteOpenHelper$OpenHelper.innerGetDatabase(FrameworkSQLiteOpenHelper.android.kt:180)
12-10 08:30:44.101 15819 15947 E AndroidRuntime: 	at androidx.sqlite.db.framework.FrameworkSQLiteOpenHelper$OpenHelper.getSupportDatabase(FrameworkSQLiteOpenHelper.android.kt:141)
12-10 08:30:44.101 15819 15947 E AndroidRuntime: 	at androidx.sqlite.db.framework.FrameworkSQLiteOpenHelper.getWritableDatabase(FrameworkSQLiteOpenHelper.android.kt:96)
12-10 08:30:44.101 15819 15947 E AndroidRuntime: 	at androidx.room.support.PrePackagedCopyOpenHelper.getWritableDatabase(PrePackagedCopyOpenHelper.android.kt:67)
12-10 08:30:44.101 15819 15947 E AndroidRuntime: 	at androidx.sqlite.driver.SupportSQLiteDriver.open(SupportSQLiteDriver.android.kt:57)
12-10 08:30:44.101 15819 15947 E AndroidRuntime: 	at androidx.sqlite.driver.SupportSQLiteDriver.open(SupportSQLiteDriver.android.kt:33)
12-10 08:30:44.101 15819 15947 E AndroidRuntime: 	at androidx.room.coroutines.PassthroughConnectionPool.connection$lambda$0(PassthroughConnectionPool.kt:47)
12-10 08:30:44.101 15819 15947 E AndroidRuntime: 	at androidx.room.coroutines.PassthroughConnectionPool.$r8$lambda$5PfN97KPsXXXOapSC9IzcedL70w(Unknown Source:0)
12-10 08:30:44.101 15819 15947 E AndroidRuntime: 	at androidx.room.coroutines.PassthroughConnectionPool$$ExternalSyntheticLambda0.invoke(D8$$SyntheticClass:0)
12-10 08:30:44.101 15819 15947 E AndroidRuntime: 	at kotlin.SynchronizedLazyImpl.getValue(LazyJVM.kt:86)
12-10 08:30:44.101 15819 15947 E AndroidRuntime: 	at androidx.room.coroutines.PassthroughConnectionPool.useConnection(PassthroughConnectionPool.kt:58)
12-10 08:30:44.101 15819 15947 E AndroidRuntime: 	at androidx.room.RoomConnectionManager.useConnection(RoomConnectionManager.android.kt:136)
12-10 08:30:44.101 15819 15947 E AndroidRuntime: 	at androidx.room.RoomDatabase.useConnection(RoomDatabase.android.kt:619)
12-10 08:30:44.101 15819 15947 E AndroidRuntime: 	at androidx.room.util.DBUtil__DBUtil_androidKt$performBlocking$1$1.invokeSuspend(DBUtil.android.kt:260)
12-10 08:30:44.101 15819 15947 E AndroidRuntime: 	at androidx.room.util.DBUtil__DBUtil_androidKt$performBlocking$1$1.invoke(Unknown Source:8)
12-10 08:30:44.101 15819 15947 E AndroidRuntime: 	at androidx.room.util.DBUtil__DBUtil_androidKt$performBlocking$1$1.invoke(Unknown Source:4)
12-10 08:30:44.101 15819 15947 E AndroidRuntime: 	at kotlinx.coroutines.intrinsics.UndispatchedKt.startUndspatched(Undispatched.kt:66)
12-10 08:30:44.101 15819 15947 E AndroidRuntime: 	at kotlinx.coroutines.intrinsics.UndispatchedKt.startUndispatchedOrReturn(Undispatched.kt:43)
12-10 08:30:44.101 15819 15947 E AndroidRuntime: 	at kotlinx.coroutines.BuildersKt__Builders_commonKt.withContext(Builders.common.kt:157)
12-10 08:30:44.101 15819 15947 E AndroidRuntime: 	at kotlinx.coroutines.BuildersKt.withContext(Unknown Source:1)
12-10 08:30:44.101 15819 15947 E AndroidRuntime: 	at androidx.room.util.DBUtil__DBUtil_androidKt$performBlocking$1.invokeSuspend(DBUtil.android.kt:72)
12-10 08:30:44.101 15819 15947 E AndroidRuntime: 	at androidx.room.util.DBUtil__DBUtil_androidKt$performBlocking$1.invoke(Unknown Source:8)
12-10 08:30:44.101 15819 15947 E AndroidRuntime: 	at androidx.room.util.DBUtil__DBUtil_androidKt$performBlocking$1.invoke(Unknown Source:4)
12-10 08:30:44.101 15819 15947 E AndroidRuntime: 	at androidx.room.coroutines.RunBlockingUninterruptible_androidKt$runBlockingUninterruptible$1$1.invokeSuspend(RunBlockingUninterruptible.android.kt:52)
12-10 08:30:44.101 15819 15947 E AndroidRuntime: 	at androidx.room.coroutines.RunBlockingUninterruptible_androidKt$runBlockingUninterruptible$1$1.invoke(Unknown Source:8)
12-10 08:30:44.101 15819 15947 E AndroidRuntime: 	at androidx.room.coroutines.RunBlockingUninterruptible_androidKt$runBlockingUninterruptible$1$1.invoke(Unknown Source:4)
12-10 08:30:44.101 15819 15947 E AndroidRuntime: 	at kotlinx.coroutines.intrinsics.UndispatchedKt.startCoroutineUndispatched(Undispatched.kt:20)
12-10 08:30:44.101 15819 15947 E AndroidRuntime: 	at kotlinx.coroutines.CoroutineStart.invoke(CoroutineStart.kt:360)
12-10 08:30:44.101 15819 15947 E AndroidRuntime: 	at kotlinx.coroutines.AbstractCoroutine.start(AbstractCoroutine.kt:134)
12-10 08:30:44.101 15819 15947 E AndroidRuntime: 	at kotlinx.coroutines.BuildersKt__Builders_commonKt.launch(Builders.common.kt:53)
12-10 08:30:44.101 15819 15947 E AndroidRuntime: 	at kotlinx.coroutines.BuildersKt.launch(Unknown Source:1)
12-10 08:30:44.102 15819 15947 E AndroidRuntime: 	at androidx.room.coroutines.RunBlockingUninterruptible_androidKt$runBlockingUninterruptible$1.invokeSuspend(RunBlockingUninterruptible.android.kt:51)
12-10 08:30:44.102 15819 15947 E AndroidRuntime: 	at kotlin.coroutines.jvm.internal.BaseContinuationImpl.resumeWith(ContinuationImpl.kt:34)
12-10 08:30:44.102 15819 15947 E AndroidRuntime: 	at kotlinx.coroutines.DispatchedTask.run(DispatchedTask.kt:100)
12-10 08:30:44.102 15819 15947 E AndroidRuntime: 	at kotlinx.coroutines.EventLoopImplBase.processNextEvent(EventLoop.common.kt:263)
12-10 08:30:44.102 15819 15947 E AndroidRuntime: 	at kotlinx.coroutines.BlockingCoroutine.joinBlocking(Builders.kt:94)
12-10 08:30:44.102 15819 15947 E AndroidRuntime: 	at kotlinx.coroutines.BuildersKt__BuildersKt.runBlocking(Builders.kt:70)
12-10 08:30:44.102 15819 15947 E AndroidRuntime: 	at kotlinx.coroutines.BuildersKt.runBlocking(Unknown Source:1)
12-10 08:30:44.102 15819 15947 E AndroidRuntime: 	at kotlinx.coroutines.BuildersKt__BuildersKt.runBlocking$default(Builders.kt:48)
12-10 08:30:44.102 15819 15947 E AndroidRuntime: 	at kotlinx.coroutines.BuildersKt.runBlocking$default(Unknown Source:1)
