12-10 08:46:37.346 24628 24662 E ExceptionHandler:            notNull = 'true',
12-10 08:46:37.346 24628 24662 E ExceptionHandler:            primaryKeyPosition = '0',
12-10 08:46:37.346 24628 24662 E ExceptionHandler:            defaultValue = 'undefined'
12-10 08:46:37.346 24628 24662 E ExceptionHandler:         },
12-10 08:46:37.346 24628 24662 E ExceptionHandler:         Column {
12-10 08:46:37.346 24628 24662 E ExceptionHandler:            name = 'latency',
12-10 08:46:37.346 24628 24662 E ExceptionHandler:            type = 'INTEGER',
12-10 08:46:37.346 24628 24662 E ExceptionHandler:            affinity = '3',
12-10 08:46:37.346 24628 24662 E ExceptionHandler:            notNull = 'true',
12-10 08:46:37.346 24628 24662 E ExceptionHandler:            primaryKeyPosition = '0',
12-10 08:46:37.346 24628 24662 E ExceptionHandler:            defaultValue = 'undefined'
12-10 08:46:37.346 24628 24662 E ExceptionHandler:         },
12-10 08:46:37.346 24628 24662 E ExceptionHandler:         Column {
12-10 08:46:37.346 24628 24662 E ExceptionHandler:            name = 'modifiedDataTime',
12-10 08:46:37.346 24628 24662 E ExceptionHandler:            type = 'INTEGER',
12-10 08:46:37.346 24628 24662 E ExceptionHandler:            affinity = '3',
12-10 08:46:37.346 24628 24662 E ExceptionHandler:            notNull = 'true',
12-10 08:46:37.346 24628 24662 E ExceptionHandler:            primaryKeyPosition = '0',
12-10 08:46:37.346 24628 24662 E ExceptionHandler:            defaultValue = 'undefined'
12-10 08:46:37.346 24628 24662 E ExceptionHandler:         }
12-10 08:46:37.346 24628 24662 E ExceptionHandler:     },
12-10 08:46:37.346 24628 24662 E ExceptionHandler:     foreignKeys = { }
12-10 08:46:37.346 24628 24662 E ExceptionHandler:     indices = { }
12-10 08:46:37.346 24628 24662 E ExceptionHandler: }
12-10 08:46:37.346 24628 24662 E ExceptionHandler:  Found:
12-10 08:46:37.346 24628 24662 E ExceptionHandler: TableInfo {
12-10 08:46:37.346 24628 24662 E ExceptionHandler:     name = 'DoHEndpoint',
12-10 08:46:37.346 24628 24662 E ExceptionHandler:     columns = {    
12-10 08:46:37.346 24628 24662 E ExceptionHandler:         Column {
12-10 08:46:37.346 24628 24662 E ExceptionHandler:            name = 'dohExplanation',
12-10 08:46:37.346 24628 24662 E ExceptionHandler:            type = 'TEXT',
12-10 08:46:37.346 24628 24662 E ExceptionHandler:            affinity = '2',
12-10 08:46:37.346 24628 24662 E ExceptionHandler:            notNull = 'false',
12-10 08:46:37.346 24628 24662 E ExceptionHandler:            primaryKeyPosition = '0',
12-10 08:46:37.346 24628 24662 E ExceptionHandler:            defaultValue = 'undefined'
12-10 08:46:37.346 24628 24662 E ExceptionHandler:         },
12-10 08:46:37.346 24628 24662 E ExceptionHandler:         Column {
12-10 08:46:37.346 24628 24662 E ExceptionHandler:            name = 'dohName',
12-10 08:46:37.346 24628 24662 E ExceptionHandler:            type = 'TEXT',
12-10 08:46:37.346 24628 24662 E ExceptionHandler:            affinity = '2',
12-10 08:46:37.346 24628 24662 E ExceptionHandler:            notNull = 'true',
12-10 08:46:37.346 24628 24662 E ExceptionHandler:            primaryKeyPosition = '0',
12-10 08:46:37.346 24628 24662 E ExceptionHandler:            defaultValue = 'undefined'
12-10 08:46:37.346 24628 24662 E ExceptionHandler:         },
12-10 08:46:37.346 24628 24662 E ExceptionHandler:         Column {
12-10 08:46:37.346 24628 24662 E ExceptionHandler:            name = 'dohURL',
12-10 08:46:37.346 24628 24662 E ExceptionHandler:            type = 'TEXT',
12-10 08:46:37.346 24628 24662 E ExceptionHandler:            affinity = '2',
12-10 08:46:37.346 24628 24662 E ExceptionHandler:            notNull = 'true',
12-10 08:46:37.346 24628 24662 E ExceptionHandler:            primaryKeyPosition = '0',
12-10 08:46:37.346 24628 24662 E ExceptionHandler:            defaultValue = 'undefined'
12-10 08:46:37.346 24628 24662 E ExceptionHandler:         },
12-10 08:46:37.346 24628 24662 E ExceptionHandler:         Column {
12-10 08:46:37.346 24628 24662 E ExceptionHandler:            name = 'id',
12-10 08:46:37.346 24628 24662 E ExceptionHandler:            type = 'INTEGER',
12-10 08:46:37.346 24628 24662 E ExceptionHandler:            affinity = '3',
12-10 08:46:37.346 24628 24662 E ExceptionHandler:            notNull = 'true',
12-10 08:46:37.346 24628 24662 E ExceptionHandler:            primaryKeyPosition = '1',
12-10 08:46:37.346 24628 24662 E ExceptionHandler:            defaultValue = 'undefined'
12-10 08:46:37.346 24628 24662 E ExceptionHandler:         },
12-10 08:46:37.346 24628 24662 E ExceptionHandler:         Column {
12-10 08:46:37.346 24628 24662 E ExceptionHandler:            name = 'isCustom',
12-10 08:46:37.346 24628 24662 E ExceptionHandler:            type = 'INTEGER',
12-10 08:46:37.346 24628 24662 E ExceptionHandler:            affinity = '3',
12-10 08:46:37.346 24628 24662 E ExceptionHandler:            notNull = 'true',
12-10 08:46:37.346 24628 24662 E ExceptionHandler:            primaryKeyPosition = '0',
12-10 08:46:37.346 24628 24662 E ExceptionHandler:            defaultValue = 'undefined'
12-10 08:46:37.346 24628 24662 E ExceptionHandler:         },
12-10 08:46:37.346 24628 24662 E ExceptionHandler:         Column {
12-10 08:46:37.346 24628 24662 E ExceptionHandler:            name = 'isSecure',
12-10 08:46:37.346 24628 24662 E ExceptionHandler:            type = 'INTEGER',
12-10 08:46:37.346 24628 24662 E ExceptionHandler:            affinity = '3',
12-10 08:46:37.346 24628 24662 E ExceptionHandler:            notNull = 'true',
12-10 08:46:37.346 24628 24662 E ExceptionHandler:            primaryKeyPosition = '0',
12-10 08:46:37.346 24628 24662 E ExceptionHandler:            defaultValue = '1'
12-10 08:46:37.346 24628 24662 E ExceptionHandler:         },
12-10 08:46:37.346 24628 24662 E ExceptionHandler:         Column {
12-10 08:46:37.346 24628 24662 E ExceptionHandler:            name = 'isSelected',
12-10 08:46:37.346 24628 24662 E ExceptionHandler:            type = 'INTEGER',
12-10 08:46:37.346 24628 24662 E ExceptionHandler:            affinity = '3',
12-10 08:46:37.346 24628 24662 E ExceptionHandler:            notNull = 'true',
12-10 08:46:37.346 24628 24662 E ExceptionHandler:            primaryKeyPosition = '0',
12-10 08:46:37.346 24628 24662 E ExceptionHandler:            defaultValue = 'undefined'
12-10 08:46:37.346 24628 24662 E ExceptionHandler:         },
12-10 08:46:37.346 24628 24662 E ExceptionHandler:         Column {
12-10 08:46:37.346 24628 24662 E ExceptionHandler:            name = 'latency',
12-10 08:46:37.346 24628 24662 E ExceptionHandler:            type = 'INTEGER',
12-10 08:46:37.346 24628 24662 E ExceptionHandler:            affinity = '3',
12-10 08:46:37.346 24628 24662 E ExceptionHandler:            notNull = 'true',
12-10 08:46:37.346 24628 24662 E ExceptionHandler:            primaryKeyPosition = '0',
12-10 08:46:37.346 24628 24662 E ExceptionHandler:            defaultValue = 'undefined'
12-10 08:46:37.346 24628 24662 E ExceptionHandler:         },
12-10 08:46:37.346 24628 24662 E ExceptionHandler:         Column {
12-10 08:46:37.346 24628 24662 E ExceptionHandler:            name = 'modifiedDataTime',
12-10 08:46:37.346 24628 24662 E ExceptionHandler:            type = 'INTEGER',
12-10 08:46:37.346 24628 24662 E ExceptionHandler:            affinity = '3',
12-10 08:46:37.346 24628 24662 E ExceptionHandler:            notNull = 'true',
12-10 08:46:37.346 24628 24662 E ExceptionHandler:            primaryKeyPosition = '0',
12-10 08:46:37.346 24628 24662 E ExceptionHandler:            defaultValue = 'undefined'
12-10 08:46:37.346 24628 24662 E ExceptionHandler:         }
12-10 08:46:37.346 24628 24662 E ExceptionHandler:     },
12-10 08:46:37.346 24628 24662 E ExceptionHandler:     foreignKeys = { }
12-10 08:46:37.346 24628 24662 E ExceptionHandler:     indices = { }
12-10 08:46:37.346 24628 24662 E ExceptionHandler: }
12-10 08:46:37.346 24628 24662 E ExceptionHandler: 	at androidx.room.BaseRoomConnectionManager.onMigrate(RoomConnectionManager.kt:215)
12-10 08:46:37.346 24628 24662 E ExceptionHandler: 	at androidx.room.RoomConnectionManager$SupportOpenHelperCallback.onUpgrade(RoomConnectionManager.android.kt:163)
12-10 08:46:37.346 24628 24662 E ExceptionHandler: 	at androidx.sqlite.db.framework.FrameworkSQLiteOpenHelper$OpenHelper.onUpgrade(FrameworkSQLiteOpenHelper.android.kt:245)
12-10 08:46:37.346 24628 24662 E ExceptionHandler: 	at android.database.sqlite.SQLiteOpenHelper.getDatabaseLocked(SQLiteOpenHelper.java:416)
12-10 08:46:37.346 24628 24662 E ExceptionHandler: 	at android.database.sqlite.SQLiteOpenHelper.getWritableDatabase(SQLiteOpenHelper.java:316)
12-10 08:46:37.346 24628 24662 E ExceptionHandler: 	at androidx.sqlite.db.framework.FrameworkSQLiteOpenHelper$OpenHelper.getWritableOrReadableDatabase(FrameworkSQLiteOpenHelper.android.kt:224)
12-10 08:46:37.346 24628 24662 E ExceptionHandler: 	at androidx.sqlite.db.framework.FrameworkSQLiteOpenHelper$OpenHelper.innerGetDatabase(FrameworkSQLiteOpenHelper.android.kt:180)
12-10 08:46:37.346 24628 24662 E ExceptionHandler: 	at androidx.sqlite.db.framework.FrameworkSQLiteOpenHelper$OpenHelper.getSupportDatabase(FrameworkSQLiteOpenHelper.android.kt:141)
12-10 08:46:37.346 24628 24662 E ExceptionHandler: 	at androidx.sqlite.db.framework.FrameworkSQLiteOpenHelper.getWritableDatabase(FrameworkSQLiteOpenHelper.android.kt:96)
12-10 08:46:37.346 24628 24662 E ExceptionHandler: 	at androidx.room.support.PrePackagedCopyOpenHelper.getWritableDatabase(PrePackagedCopyOpenHelper.android.kt:67)
12-10 08:46:37.346 24628 24662 E ExceptionHandler: 	at androidx.sqlite.driver.SupportSQLiteDriver.open(SupportSQLiteDriver.android.kt:57)
12-10 08:46:37.346 24628 24662 E ExceptionHandler: 	at androidx.sqlite.driver.SupportSQLiteDriver.open(SupportSQLiteDriver.android.kt:33)
12-10 08:46:37.346 24628 24662 E ExceptionHandler: 	at androidx.room.coroutines.PassthroughConnectionPool.connection$lambda$0(PassthroughConnectionPool.kt:47)
12-10 08:46:37.346 24628 24662 E ExceptionHandler: 	at androidx.room.coroutines.PassthroughConnectionPool.$r8$lambda$5PfN97KPsXXXOapSC9IzcedL70w(Unknown Source:0)
12-10 08:46:37.346 24628 24662 E ExceptionHandler: 	at androidx.room.coroutines.PassthroughConnectionPool$$ExternalSyntheticLambda0.invoke(D8$$SyntheticClass:0)
12-10 08:46:37.346 24628 24662 E ExceptionHandler: 	at kotlin.SynchronizedLazyImpl.getValue(LazyJVM.kt:86)
12-10 08:46:37.346 24628 24662 E ExceptionHandler: 	at androidx.room.coroutines.PassthroughConnectionPool.useConnection(PassthroughConnectionPool.kt:58)
12-10 08:46:37.346 24628 24662 E ExceptionHandler: 	at androidx.room.RoomConnectionManager.useConnection(RoomConnectionManager.android.kt:136)
12-10 08:46:37.346 24628 24662 E ExceptionHandler: 	at androidx.room.RoomDatabase.useConnection(RoomDatabase.android.kt:619)
12-10 08:46:37.346 24628 24662 E ExceptionHandler: 	at androidx.room.util.DBUtil__DBUtil_androidKt$performBlocking$1$1.invokeSuspend(DBUtil.android.kt:260)
12-10 08:46:37.346 24628 24662 E ExceptionHandler: 	at androidx.room.util.DBUtil__DBUtil_androidKt$performBlocking$1$1.invoke(Unknown Source:8)
12-10 08:46:37.346 24628 24662 E ExceptionHandler: 	at androidx.room.util.DBUtil__DBUtil_androidKt$performBlocking$1$1.invoke(Unknown Source:4)
12-10 08:46:37.346 24628 24662 E ExceptionHandler: 	at kotlinx.coroutines.intrinsics.UndispatchedKt.startUndspatched(Undispatched.kt:66)
12-10 08:46:37.346 24628 24662 E ExceptionHandler: 	at kotlinx.coroutines.intrinsics.UndispatchedKt.startUndispatchedOrReturn(Undispatched.kt:43)
12-10 08:46:37.346 24628 24662 E ExceptionHandler: 	at kotlinx.coroutines.BuildersKt__Builders_commonKt.withContext(Builders.common.kt:157)
12-10 08:46:37.346 24628 24662 E ExceptionHandler: 	at kotlinx.coroutines.BuildersKt.withContext(Unknown Source:1)
12-10 08:46:37.346 24628 24662 E ExceptionHandler: 	at androidx.room.util.DBUtil__DBUtil_androidKt$performBlocking$1.invokeSuspend(DBUtil.android.kt:72)
12-10 08:46:37.346 24628 24662 E ExceptionHandler: 	at androidx.room.util.DBUtil__DBUtil_androidKt$performBlocking$1.invoke(Unknown Source:8)
12-10 08:46:37.346 24628 24662 E ExceptionHandler: 	at androidx.room.util.DBUtil__DBUtil_androidKt$performBlocking$1.invoke(Unknown Source:4)
12-10 08:46:37.346 24628 24662 E ExceptionHandler: 	at androidx.room.coroutines.RunBlockingUninterruptible_androidKt$runBlockingUninterruptible$1$1.invokeSuspend(RunBlockingUninterruptible.android.kt:52)
12-10 08:46:37.346 24628 24662 E ExceptionHandler: 	at androidx.room.coroutines.RunBlockingUninterruptible_androidKt$runBlockingUninterruptible$1$1.invoke(Unknown Source:8)
12-10 08:46:37.346 24628 24662 E ExceptionHandler: 	at androidx.room.coroutines.RunBlockingUninterruptible_androidKt$runBlockingUninterruptible$1$1.invoke(Unknown Source:4)
12-10 08:46:37.347 24628 24662 E ExceptionHandler: 	at kotlinx.coroutines.intrinsics.UndispatchedKt.startCoroutineUndispatched(Undispatched.kt:20)
12-10 08:46:37.347 24628 24662 E ExceptionHandler: 	at kotlinx.coroutines.CoroutineStart.invoke(CoroutineStart.kt:360)
12-10 08:46:37.347 24628 24662 E ExceptionHandler: 	at kotlinx.coroutines.AbstractCoroutine.start(AbstractCoroutine.kt:134)
12-10 08:46:37.347 24628 24662 E ExceptionHandler: 	at kotlinx.coroutines.BuildersKt__Builders_commonKt.launch(Builders.common.kt:53)
12-10 08:46:37.347 24628 24662 E ExceptionHandler: 	at kotlinx.coroutines.BuildersKt.launch(Unknown Source:1)
12-10 08:46:37.347 24628 24662 E ExceptionHandler: 	at androidx.room.coroutines.RunBlockingUninterruptible_androidKt$runBlockingUninterruptible$1.invokeSuspend(RunBlockingUninterruptible.android.kt:51)
12-10 08:46:37.347 24628 24662 E ExceptionHandler: 	at kotlin.coroutines.jvm.internal.BaseContinuationImpl.resumeWith(ContinuationImpl.kt:34)
12-10 08:46:37.347 24628 24662 E ExceptionHandler: 	at kotlinx.coroutines.DispatchedTask.run(DispatchedTask.kt:100)
12-10 08:46:37.347 24628 24662 E ExceptionHandler: 	at kotlinx.coroutines.EventLoopImplBase.processNextEvent(EventLoop.common.kt:263)
12-10 08:46:37.347 24628 24662 E ExceptionHandler: 	at kotlinx.coroutines.BlockingCoroutine.joinBlocking(Builders.kt:94)
12-10 08:46:37.347 24628 24662 E ExceptionHandler: 	at kotlinx.coroutines.BuildersKt__BuildersKt.runBlocking(Builders.kt:70)
12-10 08:46:37.347 24628 24662 E ExceptionHandler: 	at kotlinx.coroutines.BuildersKt.runBlocking(Unknown Source:1)
12-10 08:46:37.347 24628 24662 E ExceptionHandler: 	at kotlinx.coroutines.BuildersKt__BuildersKt.runBlocking$default(Builders.kt:48)
12-10 08:46:37.347 24628 24662 E ExceptionHandler: 	at kotlinx.coroutines.BuildersKt.runBlocking$default(Unknown Source:1)
12-10 08:46:37.347 24628 24662 E ExceptionHandler: 	at androidx.room.coroutines.RunBlockingUninterruptible_androidKt.runBlockingUninterruptible(RunBlockingUninterruptible.android.kt:45)
12-10 08:46:37.347 24628 24662 E ExceptionHandler: 	at androidx.room.util.DBUtil__DBUtil_androidKt.performBlocking(DBUtil.android.kt:71)
12-10 08:46:37.347 24628 24662 E ExceptionHandler: 	at androidx.room.util.DBUtil.performBlocking(Unknown Source:1)
12-10 08:46:37.347 24628 24662 E ExceptionHandler: 	at com.dronescontrol.dronesecure.database.WgConfigFilesDAO_Impl.getLastAddedConfigId(WgConfigFilesDAO_Impl.kt:327)
12-10 08:46:37.347 24628 24662 E ExceptionHandler: 	at com.dronescontrol.dronesecure.database.WgConfigFilesRepository.getLastAddedConfigId(WgConfigFilesRepository.kt:44)
12-10 08:46:37.347 24628 24662 E ExceptionHandler: 	at com.dronescontrol.dronesecure.service.WireguardManager.load(WireguardManager.kt:95)
12-10 08:46:37.347 24628 24662 E ExceptionHandler: 	at com.dronescontrol.dronesecure.service.WireguardManager$1.invokeSuspend(WireguardManager.kt:84)
12-10 08:46:37.347 24628 24662 E ExceptionHandler: 	at com.dronescontrol.dronesecure.service.WireguardManager$1.invoke(Unknown Source:8)
12-10 08:46:37.347 24628 24662 E ExceptionHandler: 	at com.dronescontrol.dronesecure.service.WireguardManager$1.invoke(Unknown Source:2)
12-10 08:46:37.347 24628 24662 E ExceptionHandler: 	at com.dronescontrol.dronesecure.service.WireguardManager$io$1.invokeSuspend(WireguardManager.kt:1267)
12-10 08:46:37.347 24628 24662 E ExceptionHandler: 	at kotlin.coroutines.jvm.internal.BaseContinuationImpl.resumeWith(ContinuationImpl.kt:34)
12-10 08:46:37.347 24628 24662 E ExceptionHandler: 	at kotlinx.coroutines.DispatchedTask.run(DispatchedTask.kt:100)
12-10 08:46:37.347 24628 24662 E ExceptionHandler: 	at kotlinx.coroutines.internal.LimitedDispatcher$Worker.run(LimitedDispatcher.kt:124)
12-10 08:46:37.347 24628 24662 E ExceptionHandler: 	at kotlinx.coroutines.scheduling.TaskImpl.run(Tasks.kt:89)
12-10 08:46:37.347 24628 24662 E ExceptionHandler: 	at kotlinx.coroutines.scheduling.CoroutineScheduler.runSafely(CoroutineScheduler.kt:586)
12-10 08:46:37.347 24628 24662 E ExceptionHandler: 	at kotlinx.coroutines.scheduling.CoroutineScheduler$Worker.executeTask(CoroutineScheduler.kt:820)
12-10 08:46:37.347 24628 24662 E ExceptionHandler: 	at kotlinx.coroutines.scheduling.CoroutineScheduler$Worker.runWorker(CoroutineScheduler.kt:717)
12-10 08:46:37.347 24628 24662 E ExceptionHandler: 	at kotlinx.coroutines.scheduling.CoroutineScheduler$Worker.run(CoroutineScheduler.kt:704)
12-10 08:46:37.347 24628 24662 E ExceptionHandler: 	Suppressed: kotlinx.coroutines.internal.DiagnosticCoroutineContextException: [StandaloneCoroutine{Cancelling}@fe28291, Dispatchers.IO]
12-10 08:46:37.347 24628 24662 E ExceptionHandler: 
12-10 08:46:37.347 24628 24662 E ExceptionHandler: --------------------------------------------
12-10 08:46:37.347 24628 24662 E ExceptionHandler: 
12-10 08:46:37.347 24628 24662 E ExceptionHandler: java.lang.IllegalStateException: Migration didn't properly handle: DoHEndpoint(com.dronescontrol.dronesecure.database.DoHEndpoint).
12-10 08:46:37.347 24628 24662 E ExceptionHandler:  Expected:
12-10 08:46:37.347 24628 24662 E ExceptionHandler: TableInfo {
12-10 08:46:37.347 24628 24662 E ExceptionHandler:     name = 'DoHEndpoint',
12-10 08:46:37.347 24628 24662 E ExceptionHandler:     columns = {    
12-10 08:46:37.347 24628 24662 E ExceptionHandler:         Column {
12-10 08:46:37.347 24628 24662 E ExceptionHandler:            name = 'dohExplanation',
12-10 08:46:37.347 24628 24662 E ExceptionHandler:            type = 'TEXT',
12-10 08:46:37.347 24628 24662 E ExceptionHandler:            affinity = '2',
12-10 08:46:37.347 24628 24662 E ExceptionHandler:            notNull = 'true',
12-10 08:46:37.347 24628 24662 E ExceptionHandler:            primaryKeyPosition = '0',
12-10 08:46:37.347 24628 24662 E ExceptionHandler:            defaultValue = 'undefined'
12-10 08:46:37.347 24628 24662 E ExceptionHandler:         },
12-10 08:46:37.347 24628 24662 E ExceptionHandler:         Column {
12-10 08:46:37.347 24628 24662 E ExceptionHandler:            name = 'dohName',
12-10 08:46:37.347 24628 24662 E ExceptionHandler:            type = 'TEXT',
12-10 08:46:37.347 24628 24662 E ExceptionHandler:            affinity = '2',
12-10 08:46:37.347 24628 24662 E ExceptionHandler:            notNull = 'true',
12-10 08:46:37.347 24628 24662 E ExceptionHandler:            primaryKeyPosition = '0',
12-10 08:46:37.347 24628 24662 E ExceptionHandler:            defaultValue = 'undefined'
12-10 08:46:37.347 24628 24662 E ExceptionHandler:         },
12-10 08:46:37.347 24628 24662 E ExceptionHandler:         Column {
12-10 08:46:37.347 24628 24662 E ExceptionHandler:            name = 'dohURL',
12-10 08:46:37.347 24628 24662 E ExceptionHandler:            type = 'TEXT',
12-10 08:46:37.347 24628 24662 E ExceptionHandler:            affinity = '2',
12-10 08:46:37.347 24628 24662 E ExceptionHandler:            notNull = 'true',
12-10 08:46:37.347 24628 24662 E ExceptionHandler:            primaryKeyPosition = '0',
12-10 08:46:37.347 24628 24662 E ExceptionHandler:            defaultValue = 'undefined'
12-10 08:46:37.347 24628 24662 E ExceptionHandler:         },
12-10 08:46:37.347 24628 24662 E ExceptionHandler:         Column {
12-10 08:46:37.347 24628 24662 E ExceptionHandler:            name = 'id',
12-10 08:46:37.347 24628 24662 E ExceptionHandler:            type = 'INTEGER',
12-10 08:46:37.347 24628 24662 E ExceptionHandler:            affinity = '3',
12-10 08:46:37.347 24628 24662 E ExceptionHandler:            notNull = 'true',
12-10 08:46:37.347 24628 24662 E ExceptionHandler:            primaryKeyPosition = '1',
12-10 08:46:37.347 24628 24662 E ExceptionHandler:            defaultValue = 'undefined'
12-10 08:46:37.347 24628 24662 E ExceptionHandler:         },
12-10 08:46:37.347 24628 24662 E ExceptionHandler:         Column {
12-10 08:46:37.347 24628 24662 E ExceptionHandler:            name = 'isCustom',
12-10 08:46:37.347 24628 24662 E ExceptionHandler:            type = 'INTEGER',
12-10 08:46:37.347 24628 24662 E ExceptionHandler:            affinity = '3',
12-10 08:46:37.347 24628 24662 E ExceptionHandler:            notNull = 'true',
12-10 08:46:37.347 24628 24662 E ExceptionHandler:            primaryKeyPosition = '0',
12-10 08:46:37.347 24628 24662 E ExceptionHandler:            defaultValue = 'undefined'
12-10 08:46:37.347 24628 24662 E ExceptionHandler:         },
12-10 08:46:37.347 24628 24662 E ExceptionHandler:         Column {
12-10 08:46:37.347 24628 24662 E ExceptionHandler:            name = 'isSecure',
12-10 08:46:37.347 24628 24662 E ExceptionHandler:            type = 'INTEGER',
12-10 08:46:37.347 24628 24662 E ExceptionHandler:            affinity = '3',
12-10 08:46:37.347 24628 24662 E ExceptionHandler:            notNull = 'true',
12-10 08:46:37.347 24628 24662 E ExceptionHandler:            primaryKeyPosition = '0',
12-10 08:46:37.347 24628 24662 E ExceptionHandler:            defaultValue = 'undefined'
12-10 08:46:37.347 24628 24662 E ExceptionHandler:         },
12-10 08:46:37.347 24628 24662 E ExceptionHandler:         Column {
12-10 08:46:37.347 24628 24662 E ExceptionHandler:            name = 'isSelected',
12-10 08:46:37.347 24628 24662 E ExceptionHandler:            type = 'INTEGER',
12-10 08:46:37.347 24628 24662 E ExceptionHandler:            affinity = '3',
12-10 08:46:37.347 24628 24662 E ExceptionHandler:            notNull = 'true',
12-10 08:46:37.347 24628 24662 E ExceptionHandler:            primaryKeyPosition = '0',
12-10 08:46:37.347 24628 24662 E ExceptionHandler:            defaultValue = 'undefined'
12-10 08:46:37.347 24628 24662 E ExceptionHandler:         },
12-10 08:46:37.347 24628 24662 E ExceptionHandler:         Column {
12-10 08:46:37.347 24628 24662 E ExceptionHandler:            name = 'latency',
12-10 08:46:37.347 24628 24662 E ExceptionHandler:            type = 'INTEGER',
12-10 08:46:37.347 24628 24662 E ExceptionHandler:            affinity = '3',
12-10 08:46:37.347 24628 24662 E ExceptionHandler:            notNull = 'true',
12-10 08:46:37.347 24628 24662 E ExceptionHandler:            primaryKeyPosition = '0',
12-10 08:46:37.347 24628 24662 E ExceptionHandler:            defaultValue = 'undefined'
12-10 08:46:37.347 24628 24662 E ExceptionHandler:         },
12-10 08:46:37.347 24628 24662 E ExceptionHandler:         Column {
12-10 08:46:37.347 24628 24662 E ExceptionHandler:            name = 'modifiedDataTime',
12-10 08:46:37.347 24628 24662 E ExceptionHandler:            type = 'INTEGER',
12-10 08:46:37.347 24628 24662 E ExceptionHandler:            affinity = '3',
12-10 08:46:37.347 24628 24662 E ExceptionHandler:            notNull = 'true',
12-10 08:46:37.347 24628 24662 E ExceptionHandler:            primaryKeyPosition = '0',
12-10 08:46:37.347 24628 24662 E ExceptionHandler:            defaultValue = 'undefined'
12-10 08:46:37.347 24628 24662 E ExceptionHandler:         }
12-10 08:46:37.347 24628 24662 E ExceptionHandler:     },
12-10 08:46:37.347 24628 24662 E ExceptionHandler:     foreignKeys = { }
12-10 08:46:37.347 24628 24662 E ExceptionHandler:     indices = { }
12-10 08:46:37.347 24628 24662 E ExceptionHandler: }
12-10 08:46:37.347 24628 24662 E ExceptionHandler:  Found:
12-10 08:46:37.347 24628 24662 E ExceptionHandler: TableInfo {
12-10 08:46:37.347 24628 24662 E ExceptionHandler:     name = 'DoHEndpoint',
12-10 08:46:37.347 24628 24662 E ExceptionHandler:     columns = {    
12-10 08:46:37.347 24628 24662 E ExceptionHandler:         Column {
12-10 08:46:37.347 24628 24662 E ExceptionHandler:            name = 'dohExplanation',
12-10 08:46:37.347 24628 24662 E ExceptionHandler:            type = 'TEXT',
12-10 08:46:37.347 24628 24662 E ExceptionHandler:            affinity = '2',
12-10 08:46:37.347 24628 24662 E ExceptionHandler:            notNull = 'false',
12-10 08:46:37.347 24628 24662 E ExceptionHandler:            primaryKeyPosition = '0',
12-10 08:46:37.347 24628 24662 E ExceptionHandler:            defaultValue = 'undefined'
12-10 08:46:37.347 24628 24662 E ExceptionHandler:         },
12-10 08:46:37.347 24628 24662 E ExceptionHandler:         Column {
12-10 08:46:37.347 24628 24662 E ExceptionHandler:            name = 'dohName',
12-10 08:46:37.347 24628 24662 E ExceptionHandler:            type = 'TEXT',
12-10 08:46:37.347 24628 24662 E ExceptionHandler:            affinity = '2',
12-10 08:46:37.347 24628 24662 E ExceptionHandler:            notNull = 'true',
12-10 08:46:37.347 24628 24662 E ExceptionHandler:            primaryKeyPosition = '0',
12-10 08:46:37.347 24628 24662 E ExceptionHandler:            defaultValue = 'undefined'
12-10 08:46:37.347 24628 24662 E ExceptionHandler:         },
12-10 08:46:37.347 24628 24662 E ExceptionHandler:         Column {
12-10 08:46:37.347 24628 24662 E ExceptionHandler:            name = 'dohURL',
12-10 08:46:37.347 24628 24662 E ExceptionHandler:            type = 'TEXT',
12-10 08:46:37.347 24628 24662 E ExceptionHandler:            affinity = '2',
12-10 08:46:37.347 24628 24662 E ExceptionHandler:            notNull = 'true',
12-10 08:46:37.347 24628 24662 E ExceptionHandler:            primaryKeyPosition = '0',
12-10 08:46:37.347 24628 24662 E ExceptionHandler:            defaultValue = 'undefined'
12-10 08:46:37.347 24628 24662 E ExceptionHandler:         },
12-10 08:46:37.347 24628 24662 E ExceptionHandler:         Column {
12-10 08:46:37.347 24628 24662 E ExceptionHandler:            name = 'id',
12-10 08:46:37.347 24628 24662 E ExceptionHandler:            type = 'INTEGER',
12-10 08:46:37.347 24628 24662 E ExceptionHandler:            affinity = '3',
12-10 08:46:37.347 24628 24662 E ExceptionHandler:            notNull = 'true',
12-10 08:46:37.347 24628 24662 E ExceptionHandler:            primaryKeyPosition = '1',
12-10 08:46:37.347 24628 24662 E ExceptionHandler:            defaultValue = 'undefined'
12-10 08:46:37.347 24628 24662 E ExceptionHandler:         },
12-10 08:46:37.347 24628 24662 E ExceptionHandler:         Column {
12-10 08:46:37.347 24628 24662 E ExceptionHandler:            name = 'isCustom',
12-10 08:46:37.347 24628 24662 E ExceptionHandler:            type = 'INTEGER',
12-10 08:46:37.347 24628 24662 E ExceptionHandler:            affinity = '3',
12-10 08:46:37.347 24628 24662 E ExceptionHandler:            notNull = 'true',
12-10 08:46:37.347 24628 24662 E ExceptionHandler:            primaryKeyPosition = '0',
12-10 08:46:37.347 24628 24662 E ExceptionHandler:            defaultValue = 'undefined'
12-10 08:46:37.347 24628 24662 E ExceptionHandler:         },
12-10 08:46:37.347 24628 24662 E ExceptionHandler:         Column {
12-10 08:46:37.347 24628 24662 E ExceptionHandler:            name = 'isSecure',
12-10 08:46:37.347 24628 24662 E ExceptionHandler:            type = 'INTEGER',
12-10 08:46:37.347 24628 24662 E ExceptionHandler:            affinity = '3',
12-10 08:46:37.347 24628 24662 E ExceptionHandler:            notNull = 'true',
12-10 08:46:37.347 24628 24662 E ExceptionHandler:            primaryKeyPosition = '0',
12-10 08:46:37.347 24628 24662 E ExceptionHandler:            defaultValue = '1'
12-10 08:46:37.347 24628 24662 E ExceptionHandler:         },
12-10 08:46:37.347 24628 24662 E ExceptionHandler:         Column {
12-10 08:46:37.347 24628 24662 E ExceptionHandler:            name = 'isSelected',
12-10 08:46:37.347 24628 24662 E ExceptionHandler:            type = 'INTEGER',
12-10 08:46:37.347 24628 24662 E ExceptionHandler:            affinity = '3',
12-10 08:46:37.347 24628 24662 E ExceptionHandler:            notNull = 'true',
12-10 08:46:37.347 24628 24662 E ExceptionHandler:            primaryKeyPosition = '0',
12-10 08:46:37.347 24628 24662 E ExceptionHandler:            defaultValue = 'undefined'
12-10 08:46:37.347 24628 24662 E ExceptionHandler:         },
12-10 08:46:37.347 24628 24662 E ExceptionHandler:         Column {
12-10 08:46:37.347 24628 24662 E ExceptionHandler:            name = 'latency',
12-10 08:46:37.347 24628 24662 E ExceptionHandler:            type = 'INTEGER',
12-10 08:46:37.347 24628 24662 E ExceptionHandler:            affinity = '3',
12-10 08:46:37.347 24628 24662 E ExceptionHandler:            notNull = 'true',
12-10 08:46:37.347 24628 24662 E ExceptionHandler:            primaryKeyPosition = '0',
12-10 08:46:37.347 24628 24662 E ExceptionHandler:            defaultValue = 'undefined'
12-10 08:46:37.347 24628 24662 E ExceptionHandler:         },
12-10 08:46:37.347 24628 24662 E ExceptionHandler:         Column {
12-10 08:46:37.347 24628 24662 E ExceptionHandler:            name = 'modifiedDataTime',
12-10 08:46:37.347 24628 24662 E ExceptionHandler:            type = 'INTEGER',
12-10 08:46:37.347 24628 24662 E ExceptionHandler:            affinity = '3',
12-10 08:46:37.347 24628 24662 E ExceptionHandler:            notNull = 'true',
12-10 08:46:37.347 24628 24662 E ExceptionHandler:            primaryKeyPosition = '0',
12-10 08:46:37.347 24628 24662 E ExceptionHandler:            defaultValue = 'undefined'
12-10 08:46:37.347 24628 24662 E ExceptionHandler:         }
12-10 08:46:37.347 24628 24662 E ExceptionHandler:     },
12-10 08:46:37.347 24628 24662 E ExceptionHandler:     foreignKeys = { }
12-10 08:46:37.347 24628 24662 E ExceptionHandler:     indices = { }
12-10 08:46:37.347 24628 24662 E ExceptionHandler: }
12-10 08:46:37.347 24628 24662 E ExceptionHandler: 	at androidx.room.BaseRoomConnectionManager.onMigrate(RoomConnectionManager.kt:215)
12-10 08:46:37.347 24628 24662 E ExceptionHandler: 	at androidx.room.RoomConnectionManager$SupportOpenHelperCallback.onUpgrade(RoomConnectionManager.android.kt:163)
12-10 08:46:37.347 24628 24662 E ExceptionHandler: 	at androidx.sqlite.db.framework.FrameworkSQLiteOpenHelper$OpenHelper.onUpgrade(FrameworkSQLiteOpenHelper.android.kt:245)
12-10 08:46:37.347 24628 24662 E ExceptionHandler: 	at android.database.sqlite.SQLiteOpenHelper.getDatabaseLocked(SQLiteOpenHelper.java:416)
12-10 08:46:37.347 24628 24662 E ExceptionHandler: 	at android.database.sqlite.SQLiteOpenHelper.getWritableDatabase(SQLiteOpenHelper.java:316)
12-10 08:46:37.347 24628 24662 E ExceptionHandler: 	at androidx.sqlite.db.framework.FrameworkSQLiteOpenHelper$OpenHelper.getWritableOrReadableDatabase(FrameworkSQLiteOpenHelper.android.kt:224)
12-10 08:46:37.347 24628 24662 E ExceptionHandler: 	at androidx.sqlite.db.framework.FrameworkSQLiteOpenHelper$OpenHelper.innerGetDatabase(FrameworkSQLiteOpenHelper.android.kt:180)
12-10 08:46:37.347 24628 24662 E ExceptionHandler: 	at androidx.sqlite.db.framework.FrameworkSQLiteOpenHelper$OpenHelper.getSupportDatabase(FrameworkSQLiteOpenHelper.android.kt:141)
12-10 08:46:37.347 24628 24662 E ExceptionHandler: 	at androidx.sqlite.db.framework.FrameworkSQLiteOpenHelper.getWritableDatabase(FrameworkSQLiteOpenHelper.android.kt:96)
12-10 08:46:37.347 24628 24662 E ExceptionHandler: 	at androidx.room.support.PrePackagedCopyOpenHelper.getWritableDatabase(PrePackagedCopyOpenHelper.android.kt:67)
12-10 08:46:37.347 24628 24662 E ExceptionHandler: 	at androidx.sqlite.driver.SupportSQLiteDriver.open(SupportSQLiteDriver.android.kt:57)
12-10 08:46:37.347 24628 24662 E ExceptionHandler: 	at androidx.sqlite.driver.SupportSQLiteDriver.open(SupportSQLiteDriver.android.kt:33)
12-10 08:46:37.347 24628 24662 E ExceptionHandler: 	at androidx.room.coroutines.PassthroughConnectionPool.connection$lambda$0(PassthroughConnectionPool.kt:47)
12-10 08:46:37.347 24628 24662 E ExceptionHandler: 	at androidx.room.coroutines.PassthroughConnectionPool.$r8$lambda$5PfN97KPsXXXOapSC9IzcedL70w(Unknown Source:0)
12-10 08:46:37.347 24628 24662 E ExceptionHandler: 	at androidx.room.coroutines.PassthroughConnectionPool$$ExternalSyntheticLambda0.invoke(D8$$SyntheticClass:0)
12-10 08:46:37.347 24628 24662 E ExceptionHandler: 	at kotlin.SynchronizedLazyImpl.getValue(LazyJVM.kt:86)
12-10 08:46:37.347 24628 24662 E ExceptionHandler: 	at androidx.room.coroutines.PassthroughConnectionPool.useConnection(PassthroughConnectionPool.kt:58)
12-10 08:46:37.347 24628 24662 E ExceptionHandler: 	at androidx.room.RoomConnectionManager.useConnection(RoomConnectionManager.android.kt:136)
12-10 08:46:37.347 24628 24662 E ExceptionHandler: 	at androidx.room.RoomDatabase.useConnection(RoomDatabase.android.kt:619)
12-10 08:46:37.347 24628 24662 E ExceptionHandler: 	at androidx.room.util.DBUtil__DBUtil_androidKt$performBlocking$1$1.invokeSuspend(DBUtil.android.kt:260)
12-10 08:46:37.347 24628 24662 E ExceptionHandler: 	at androidx.room.util.DBUtil__DBUtil_androidKt$performBlocking$1$1.invoke(Unknown Source:8)
12-10 08:46:37.347 24628 24662 E ExceptionHandler: 	at androidx.room.util.DBUtil__DBUtil_androidKt$performBlocking$1$1.invoke(Unknown Source:4)
12-10 08:46:37.347 24628 24662 E ExceptionHandler: 	at kotlinx.coroutines.intrinsics.UndispatchedKt.startUndspatched(Undispatched.kt:66)
12-10 08:46:37.347 24628 24662 E ExceptionHandler: 	at kotlinx.coroutines.intrinsics.UndispatchedKt.startUndispatchedOrReturn(Undispatched.kt:43)
12-10 08:46:37.347 24628 24662 E ExceptionHandler: 	at kotlinx.coroutines.BuildersKt__Builders_commonKt.withContext(Builders.common.kt:157)
12-10 08:46:37.347 24628 24662 E ExceptionHandler: 	at kotlinx.coroutines.BuildersKt.withContext(Unknown Source:1)
12-10 08:46:37.347 24628 24662 E ExceptionHandler: 	at androidx.room.util.DBUtil__DBUtil_androidKt$performBlocking$1.invokeSuspend(DBUtil.android.kt:72)
12-10 08:46:37.347 24628 24662 E ExceptionHandler: 	at androidx.room.util.DBUtil__DBUtil_androidKt$performBlocking$1.invoke(Unknown Source:8)
12-10 08:46:37.347 24628 24662 E ExceptionHandler: 	at androidx.room.util.DBUtil__DBUtil_androidKt$performBlocking$1.invoke(Unknown Source:4)
12-10 08:46:37.347 24628 24662 E ExceptionHandler: 	at androidx.room.coroutines.RunBlockingUninterruptible_androidKt$runBlockingUninterruptible$1$1.invokeSuspend(RunBlockingUninterruptible.android.kt:52)
12-10 08:46:37.347 24628 24662 E ExceptionHandler: 	at androidx.room.coroutines.RunBlockingUninterruptible_androidKt$runBlockingUninterruptible$1$1.invoke(Unknown Source:8)
12-10 08:46:37.347 24628 24662 E ExceptionHandler: 	at androidx.room.coroutines.RunBlockingUninterruptible_androidKt$runBlockingUninterruptible$1$1.invoke(Unknown Source:4)
12-10 08:46:37.347 24628 24662 E ExceptionHandler: 	at kotlinx.coroutines.intrinsics.UndispatchedKt.startCoroutineUndispatched(Undispatched.kt:20)
12-10 08:46:37.347 24628 24662 E ExceptionHandler: 	at kotlinx.coroutines.CoroutineStart.invoke(CoroutineStart.kt:360)
12-10 08:46:37.347 24628 24662 E ExceptionHandler: 	at kotlinx.coroutines.AbstractCoroutine.start(AbstractCoroutine.kt:134)
12-10 08:46:37.347 24628 24662 E ExceptionHandler: 	at kotlinx.coroutines.BuildersKt__Builders_commonKt.launch(Builders.common.kt:53)
12-10 08:46:37.347 24628 24662 E ExceptionHandler: 	at kotlinx.coroutines.BuildersKt.launch(Unknown Source:1)
12-10 08:46:37.347 24628 24662 E ExceptionHandler: 	at androidx.room.coroutines.RunBlockingUninterruptible_androidKt$runBlockingUninterruptible$1.invokeSuspend(RunBlockingUninterruptible.android.kt:51)
12-10 08:46:37.347 24628 24662 E ExceptionHandler: 	at kotlin.coroutines.jvm.internal.BaseContinuationImpl.resumeWith(ContinuationImpl.kt:34)
12-10 08:46:37.347 24628 24662 E ExceptionHandler: 	at kotlinx.coroutines.DispatchedTask.run(DispatchedTask.kt:100)
12-10 08:46:37.347 24628 24662 E ExceptionHandler: 	at kotlinx.coroutines.EventLoopImplBase.processNextEvent(EventLoop.common.kt:263)
12-10 08:46:37.347 24628 24662 E ExceptionHandler: 	at kotlinx.coroutines.BlockingCoroutine.joinBlocking(Builders.kt:94)
12-10 08:46:37.347 24628 24662 E ExceptionHandler: 	at kotlinx.coroutines.BuildersKt__BuildersKt.runBlocking(Builders.kt:70)
12-10 08:46:37.347 24628 24662 E ExceptionHandler: 	at kotlinx.coroutines.BuildersKt.runBlocking(Unknown Source:1)
12-10 08:46:37.347 24628 24662 E ExceptionHandler: 	at kotlinx.coroutines.BuildersKt__BuildersKt.runBlocking$default(Builders.kt:48)
12-10 08:46:37.347 24628 24662 E ExceptionHandler: 	at kotlinx.coroutines.BuildersKt.runBlocking$default(Unknown Source:1)
12-10 08:46:37.347 24628 24662 E ExceptionHandler: 	at androidx.room.coroutines.RunBlockingUninterruptible_androidKt.runBlockingUninterruptible(RunBlockingUninterruptible.android.kt:45)
12-10 08:46:37.347 24628 24662 E ExceptionHandler: 	at androidx.room.util.DBUtil__DBUtil_androidKt.performBlocking(DBUtil.android.kt:71)
12-10 08:46:37.348 24628 24662 E ExceptionHandler: 	at androidx.room.util.DBUtil.performBlocking(Unknown Source:1)
12-10 08:46:37.348 24628 24662 E ExceptionHandler: 	at com.dronescontrol.dronesecure.database.WgConfigFilesDAO_Impl.getLastAddedConfigId(WgConfigFilesDAO_Impl.kt:327)
12-10 08:46:37.348 24628 24662 E ExceptionHandler: 	at com.dronescontrol.dronesecure.database.WgConfigFilesRepository.getLastAddedConfigId(WgConfigFilesRepository.kt:44)
12-10 08:46:37.348 24628 24662 E ExceptionHandler: 	at com.dronescontrol.dronesecure.service.WireguardManager.load(WireguardManager.kt:95)
12-10 08:46:37.348 24628 24662 E ExceptionHandler: 	at com.dronescontrol.dronesecure.service.WireguardManager$1.invokeSuspend(WireguardManager.kt:84)
12-10 08:46:37.348 24628 24662 E ExceptionHandler: 	at com.dronescontrol.dronesecure.service.WireguardManager$1.invoke(Unknown Source:8)
12-10 08:46:37.348 24628 24662 E ExceptionHandler: 	at com.dronescontrol.dronesecure.service.WireguardManager$1.invoke(Unknown Source:2)
12-10 08:46:37.348 24628 24662 E ExceptionHandler: 	at com.dronescontrol.dronesecure.service.WireguardManager$io$1.invokeSuspend(WireguardManager.kt:1267)
12-10 08:46:37.348 24628 24662 E ExceptionHandler: 	at kotlin.coroutines.jvm.internal.BaseContinuationImpl.resumeWith(ContinuationImpl.kt:34)
12-10 08:46:37.348 24628 24662 E ExceptionHandler: 	at kotlinx.coroutines.DispatchedTask.run(DispatchedTask.kt:100)
12-10 08:46:37.348 24628 24662 E ExceptionHandler: 	at kotlinx.coroutines.internal.LimitedDispatcher$Worker.run(LimitedDispatcher.kt:124)
12-10 08:46:37.348 24628 24662 E ExceptionHandler: 	at kotlinx.coroutines.scheduling.TaskImpl.run(Tasks.kt:89)
12-10 08:46:37.348 24628 24662 E ExceptionHandler: 	at kotlinx.coroutines.scheduling.CoroutineScheduler.runSafely(CoroutineScheduler.kt:586)
12-10 08:46:37.348 24628 24662 E ExceptionHandler: 	at kotlinx.coroutines.scheduling.CoroutineScheduler$Worker.executeTask(CoroutineScheduler.kt:820)
12-10 08:46:37.348 24628 24662 E ExceptionHandler: 	at kotlinx.coroutines.scheduling.CoroutineScheduler$Worker.runWorker(CoroutineScheduler.kt:717)
12-10 08:46:37.348 24628 24662 E ExceptionHandler: 	at kotlinx.coroutines.scheduling.CoroutineScheduler$Worker.run(CoroutineScheduler.kt:704)
12-10 08:46:37.348 24628 24662 E ExceptionHandler: 	Suppressed: kotlinx.coroutines.internal.DiagnosticCoroutineContextException: [StandaloneCoroutine{Cancelling}@fe28291, Dispatchers.IO]
12-10 08:46:37.350 24628 24662 V BugReport: folder exists: /data/data/com.dronescontrol.dronesecure/files/tombstone
12-10 08:46:37.350 24628 24662 D BugReport: files found in the tombstone folder
12-10 08:46:37.350 24628 24662 V BugReport: latest file: tombstone_1765352704070.txt, timestamp: 1765352796000
12-10 08:46:37.350 24628 24662 D BugReport: file to write logs: tombstone_1765352704070.txt
12-10 08:46:37.351 24628 24662 V BugReport: logs written to file: /data/data/com.dronescontrol.dronesecure/files/tombstone/tombstone_1765352704070.txt
12-10 08:46:37.351 24628 24662 I ExceptionHandler: crash logs written to file successfully
12-10 08:46:37.351 24628 24662 I Process : Sending signal. PID: 24628 SIG: 9
12-10 08:46:37.368   699   699 I chatty  : uid=0(root) main expire 2 lines
12-10 08:46:37.370  1660  1660 W ActivityManager: Exception when unbinding service com.dronescontrol.dronesecure/androidx.work.impl.background.systemjob.SystemJobService
12-10 08:46:37.370  1660  1660 W ActivityManager: android.os.DeadObjectException
12-10 08:46:37.370  1660  1660 W ActivityManager: 	at android.os.BinderProxy.transactNative(Native Method)
12-10 08:46:37.370  1660  1660 W ActivityManager: 	at android.os.BinderProxy.transact(BinderProxy.java:550)
12-10 08:46:37.370  1660  1660 W ActivityManager: 	at android.app.IApplicationThread$Stub$Proxy.scheduleUnbindService(IApplicationThread.java:1646)
12-10 08:46:37.370  1660  1660 W ActivityManager: 	at com.android.server.am.ActiveServices.removeConnectionLocked(ActiveServices.java:3790)
12-10 08:46:37.370  1660  1660 W ActivityManager: 	at com.android.server.am.ActiveServices.unbindServiceLocked(ActiveServices.java:2417)
12-10 08:46:37.370  1660  1660 W ActivityManager: 	at com.android.server.am.ActivityManagerService.unbindService(ActivityManagerService.java:15383)
12-10 08:46:37.370  1660  1660 W ActivityManager: 	at android.app.ContextImpl.unbindService(ContextImpl.java:1886)
12-10 08:46:37.370  1660  1660 W ActivityManager: 	at com.android.server.job.JobServiceContext.closeAndCleanupJobLocked(JobServiceContext.java:816)
12-10 08:46:37.370  1660  1660 W ActivityManager: 	at com.android.server.job.JobServiceContext.onServiceDisconnected(JobServiceContext.java:473)
12-10 08:46:37.370  1660  1660 W ActivityManager: 	at android.app.LoadedApk$ServiceDispatcher.doDeath(LoadedApk.java:2001)
12-10 08:46:37.370  1660  1660 W ActivityManager: 	at android.app.LoadedApk$ServiceDispatcher$RunConnection.run(LoadedApk.java:2016)
12-10 08:46:37.370  1660  1660 W ActivityManager: 	at android.os.Handler.handleCallback(Handler.java:938)
12-10 08:46:37.370  1660  1660 W ActivityManager: 	at android.os.Handler.dispatchMessage(Handler.java:99)
12-10 08:46:37.370  1660  1660 W ActivityManager: 	at android.os.Looper.loop(Looper.java:223)
12-10 08:46:37.370  1660  1660 W ActivityManager: 	at com.android.server.SystemServer.run(SystemServer.java:639)
12-10 08:46:37.370  1660  1660 W ActivityManager: 	at com.android.server.SystemServer.main(SystemServer.java:423)
12-10 08:46:37.370  1660  1660 W ActivityManager: 	at java.lang.reflect.Method.invoke(Native Method)
12-10 08:46:37.370  1660  1660 W ActivityManager: 	at com.android.internal.os.RuntimeInit$MethodAndArgsCaller.run(RuntimeInit.java:619)
12-10 08:46:37.370  1660  1660 W ActivityManager: 	at com.android.internal.os.ZygoteInit.main(ZygoteInit.java:962)
12-10 08:46:37.372  1660 13260 D ConnectivityService: ConnectivityService NetworkRequestInfo binderDied(NetworkRequest [ LISTEN id=32, [ Transports: CELLULAR|WIFI|ETHERNET|VPN Capabilities: INTERNET Uid: 10025 AdministratorUids: [] RequestorUid: 10025 RequestorPackageName: com.dronescontrol.dronesecure] ], android.os.BinderProxy@2880cbf)
12-10 08:46:37.373  1660  3869 I ActivityManager: Process com.dronescontrol.dronesecure (pid 24628) has died: prcp FGS 
12-10 08:46:37.375  1660  1759 I libprocessgroup: Successfully killed process cgroup uid 10025 pid 24628 in 1ms
12-10 08:46:37.376  1660  3869 E system_server: No implementation found for int com.qualcomm.qti.Performance.native_perf_hint(int, java.lang.String, int, int) (tried Java_com_qualcomm_qti_Performance_native_1perf_1hint and Java_com_qualcomm_qti_Performance_native_1perf_1hint__ILjava_lang_String_2II)
12-10 08:46:37.376  1660  3869 E BoostFramework: Exception java.lang.reflect.InvocationTargetException
12-10 08:46:37.386  1660  3869 W ActivityManager: Scheduling restart of crashed service com.dronescontrol.dronesecure/.service.BraveVPNService in 5400000ms for start-requested
12-10 08:46:37.386  1443  1443 I chatty  : uid=0(root) /system/bin/dji_blackbox expire 1 line
12-10 08:46:37.397  1660  2174 W ActivityManager: Ignoring remove of inactive process: ProcessRecord{eb51d9d 0:com.dronescontrol.dronesecure/u0a25}
12-10 08:46:37.402  1660  1660 W TelecomManager: Telecom Service not found.
12-10 08:46:37.407 12545 12577 I chatty  : uid=0(root) Binder:12545_2 expire 2 lines
12-10 08:46:37.414  1660 22910 D CompatibilityChangeReporter: Compat change id reported: 135634846; UID 10008; state: DISABLED
12-10 08:46:37.415  1660  1758 D CompatibilityChangeReporter: Compat change id reported: 143937733; UID 10008; state: ENABLED
12-10 08:46:37.416  1206  1510 I chatty  : uid=0(root) ability_nego_ta expire 8 lines
12-10 08:46:37.425 24751 24751 I chatty  : uid=0(root) com.google.android.inputmethod.latin expire 2 lines
12-10 08:46:37.425  1660  1758 I ActivityManager: Start proc 24751:com.google.android.inputmethod.latin/u0a8 for service {com.google.android.inputmethod.latin/com.android.inputmethod.latin.LatinIME}
12-10 08:46:37.431  2916  2920 I chatty  : uid=0(root) jdwp control expire 1 line
12-10 08:46:37.439  1660 22910 D CompatibilityInfo: mCompatibilityFlags - 0
12-10 08:46:37.440  1660 22910 D CompatibilityInfo: applicationDensity - 400
12-10 08:46:37.440  1660 22910 D CompatibilityInfo: applicationScale - 1.0
12-10 08:46:37.442  1660 22910 D CompatibilityInfo: mCompatibilityFlags - 0
12-10 08:46:37.442  1660 22910 D CompatibilityInfo: applicationDensity - 400
12-10 08:46:37.442  1660 22910 D CompatibilityInfo: applicationScale - 1.0
12-10 08:46:37.454 24751 24751 W putmethod.lati: Insufficient pre-allocated space to mmap vdex.
12-10 08:46:37.482 24751 24751 D nativeloader: classloader namespace configured for unbundled vendor apk. library_path=/vendor/app/gboard_go/lib/arm:/vendor/app/gboard_go/gboard_go.apk!/lib/armeabi-v7a:/vendor/lib
12-10 08:46:37.488 24751 24751 I Perf    : Connecting to perf service.
12-10 08:46:37.488 24751 24751 E Perf    : Perf service is now down, set sPerfService as null.
12-10 08:46:37.488 24751 24751 E Perf    : Perf service is unavailable.
12-10 08:46:37.502 24751 24751 D NetworkSecurityConfig: No Network Security Config specified, using platform default
12-10 08:46:37.503 24751 24751 D NetworkSecurityConfig: No Network Security Config specified, using platform default
12-10 08:46:37.588  2664  2931 I chatty  : uid=0(root) dev_reg_int2 expire 3 lines
12-10 08:46:37.588  2664  2930 I chatty  : uid=0(root) dev_reg_int1 expire 3 lines
12-10 08:46:37.592  2664  2933 I chatty  : uid=0(root) remo_reg_int1 expire 3 lines
12-10 08:46:37.592  2664  2934 I chatty  : uid=0(root) remo_reg_int2 expire 3 lines
12-10 08:46:37.682  1201  1753 I chatty  : uid=0(root) SDRS DEV TX tas expire 1 line
12-10 08:46:37.836  1189  1601 I chatty  : uid=0(root) MB_WL_Receiver expire 2 lines
12-10 08:46:37.889  1188  1459 I chatty  : uid=0(root) event_task expire 3 lines
12-10 08:46:37.950  2723  2723 I chatty  : uid=0(root) logwrapper expire 3 lines
12-10 08:46:38.009 24751 24751 I TetheringManager: registerTetheringEventCallback:com.google.android.inputmethod.latin
12-10 08:46:38.021 24751 24751 I DeviceStatusMonitor: DeviceStatusMonitor.updateCountryInfo():121 updateCountryInfo(), notifyAnyway = true
12-10 08:46:38.026 24751 24751 I DeviceStatusMonitor: DeviceStatusMonitor.notifyIfNetworkChanged():162 notifyIfNetworkChanged: newState = NON_METERED, airplaneModeOn = false, notifyAnyway = true
12-10 08:46:38.029 24751 24751 I DeviceUnlockedTag: DeviceUnlockedTag.notifyDeviceLockStatusChanged():79 Notify device unlocked.
12-10 08:46:38.030 24751 24751 I DeviceModeUtil: DeviceModeUtil.getDeviceMode():96 Get device mode phone by ui mode:1 and smallestScreenWidthDp:432
12-10 08:46:38.059 24751 24751 I TransientFileCleaner: TransientFileCleaner.deleteFilesByKey():369 Deleting 0 files
12-10 08:46:38.067  1189  1920 I chatty  : uid=0(root) gnd_rc_lte_cont expire 1 line
12-10 08:46:38.073 24751 24824 E FileCache: FileCache.clearObsoleteFilesInternal():269 Failed to delete all obsolete files under folder: /data/user_de/0/com.google.android.inputmethod.latin/cache/kb_def
12-10 08:46:38.086  2916  2916 I chatty  : uid=0(root) /apex/com.android.adbd/bin/adbd expire 2 lines
12-10 08:46:38.101 24751 24751 W ModuleManager: ModuleManager.initModules():259 brp is forbidden by min_api_level
12-10 08:46:38.101 24751 24751 W ModuleManager: ModuleManager.initModules():259 brh is forbidden by min_api_level
12-10 08:46:38.112  2725  2725 I chatty  : uid=0(root) logwrapper expire 4 lines
12-10 08:46:38.123 24751 24751 I LatinApp: LatinApp.initialize():197 initialize()
12-10 08:46:38.127 24751 24805 I JobSchedulerImpl: JobSchedulerImpl.schedule():91 Schedule task: FILE CLEANING (id=1534697245). Success.
12-10 08:46:38.127 24751 24751 I DeviceModeUtil: DeviceModeUtil.getDeviceMode():96 Get device mode phone by ui mode:1 and smallestScreenWidthDp:432
12-10 08:46:38.131 24751 24751 I TransientFileCleaner: TransientFileCleaner.deleteFilesByKey():369 Deleting 0 files
12-10 08:46:38.139 24751 24805 I LauncherIconVisibilityInitializerBase: LauncherIconVisibilityInitializerBase.lambda$doUpdate$0():52 doUpdate() : Visible = false
12-10 08:46:38.147   828  2104 I unicore_gps: gps fix cb: ts=38.000 flags=0x17, lat=54.444371, lon=9.830059, alt=71.00, spd=0.23, cog=0.00
12-10 08:46:38.157 24751 24751 I FirebaseApp: Device unlocked: initializing all Firebase APIs for app [DEFAULT]
12-10 08:46:38.180 24751 24837 I DelightBadWordsHandler: DelightBadWordsHandler.lambda$maybeDeletePersistedBadWords$0():243 Deleting bad words: 0
12-10 08:46:38.208 24751 24839 I SuperpacksManager: SuperpacksManager.initializeInternal():511 initializeInternal()
