12-10 08:35:16.694 27596 27651 E AndroidRuntime:            name = 'latency',
12-10 08:35:16.694 27596 27651 E AndroidRuntime:            type = 'INTEGER',
12-10 08:35:16.694 27596 27651 E AndroidRuntime:            affinity = '3',
12-10 08:35:16.694 27596 27651 E AndroidRuntime:            notNull = 'true',
12-10 08:35:16.695 27596 27651 E AndroidRuntime:            primaryKeyPosition = '0',
12-10 08:35:16.695 27596 27651 E AndroidRuntime:            defaultValue = 'undefined'
12-10 08:35:16.695 27596 27651 E AndroidRuntime:         },
12-10 08:35:16.695 27596 27651 E AndroidRuntime:         Column {
12-10 08:35:16.695 27596 27651 E AndroidRuntime:            name = 'modifiedDataTime',
12-10 08:35:16.695 27596 27651 E AndroidRuntime:            type = 'INTEGER',
12-10 08:35:16.695 27596 27651 E AndroidRuntime:            affinity = '3',
12-10 08:35:16.695 27596 27651 E AndroidRuntime:            notNull = 'true',
12-10 08:35:16.695 27596 27651 E AndroidRuntime:            primaryKeyPosition = '0',
12-10 08:35:16.695 27596 27651 E AndroidRuntime:            defaultValue = 'undefined'
12-10 08:35:16.695 27596 27651 E AndroidRuntime:         }
12-10 08:35:16.695 27596 27651 E AndroidRuntime:     },
12-10 08:35:16.695 27596 27651 E AndroidRuntime:     foreignKeys = { }
12-10 08:35:16.695 27596 27651 E AndroidRuntime:     indices = { }
12-10 08:35:16.695 27596 27651 E AndroidRuntime: }
12-10 08:35:16.695 27596 27651 E AndroidRuntime: 	at androidx.room.BaseRoomConnectionManager.onMigrate(RoomConnectionManager.kt:215)
12-10 08:35:16.695 27596 27651 E AndroidRuntime: 	at androidx.room.RoomConnectionManager$SupportOpenHelperCallback.onUpgrade(RoomConnectionManager.android.kt:163)
12-10 08:35:16.695 27596 27651 E AndroidRuntime: 	at androidx.sqlite.db.framework.FrameworkSQLiteOpenHelper$OpenHelper.onUpgrade(FrameworkSQLiteOpenHelper.android.kt:245)
12-10 08:35:16.695 27596 27651 E AndroidRuntime: 	at android.database.sqlite.SQLiteOpenHelper.getDatabaseLocked(SQLiteOpenHelper.java:416)
12-10 08:35:16.695 27596 27651 E AndroidRuntime: 	at android.database.sqlite.SQLiteOpenHelper.getWritableDatabase(SQLiteOpenHelper.java:316)
12-10 08:35:16.695 27596 27651 E AndroidRuntime: 	at androidx.sqlite.db.framework.FrameworkSQLiteOpenHelper$OpenHelper.getWritableOrReadableDatabase(FrameworkSQLiteOpenHelper.android.kt:224)
12-10 08:35:16.695 27596 27651 E AndroidRuntime: 	at androidx.sqlite.db.framework.FrameworkSQLiteOpenHelper$OpenHelper.innerGetDatabase(FrameworkSQLiteOpenHelper.android.kt:180)
12-10 08:35:16.695 27596 27651 E AndroidRuntime: 	at androidx.sqlite.db.framework.FrameworkSQLiteOpenHelper$OpenHelper.getSupportDatabase(FrameworkSQLiteOpenHelper.android.kt:141)
12-10 08:35:16.695 27596 27651 E AndroidRuntime: 	at androidx.sqlite.db.framework.FrameworkSQLiteOpenHelper.getWritableDatabase(FrameworkSQLiteOpenHelper.android.kt:96)
12-10 08:35:16.695 27596 27651 E AndroidRuntime: 	at androidx.room.support.PrePackagedCopyOpenHelper.getWritableDatabase(PrePackagedCopyOpenHelper.android.kt:67)
12-10 08:35:16.695 27596 27651 E AndroidRuntime: 	at androidx.sqlite.driver.SupportSQLiteDriver.open(SupportSQLiteDriver.android.kt:57)
12-10 08:35:16.695 27596 27651 E AndroidRuntime: 	at androidx.sqlite.driver.SupportSQLiteDriver.open(SupportSQLiteDriver.android.kt:33)
12-10 08:35:16.695 27596 27651 E AndroidRuntime: 	at androidx.room.coroutines.PassthroughConnectionPool.connection$lambda$0(PassthroughConnectionPool.kt:47)
12-10 08:35:16.695 27596 27651 E AndroidRuntime: 	at androidx.room.coroutines.PassthroughConnectionPool.$r8$lambda$5PfN97KPsXXXOapSC9IzcedL70w(Unknown Source:0)
12-10 08:35:16.695 27596 27651 E AndroidRuntime: 	at androidx.room.coroutines.PassthroughConnectionPool$$ExternalSyntheticLambda0.invoke(D8$$SyntheticClass:0)
12-10 08:35:16.695 27596 27651 E AndroidRuntime: 	at kotlin.SynchronizedLazyImpl.getValue(LazyJVM.kt:86)
12-10 08:35:16.695 27596 27651 E AndroidRuntime: 	at androidx.room.coroutines.PassthroughConnectionPool.useConnection(PassthroughConnectionPool.kt:58)
12-10 08:35:16.695 27596 27651 E AndroidRuntime: 	at androidx.room.RoomConnectionManager.useConnection(RoomConnectionManager.android.kt:136)
12-10 08:35:16.695 27596 27651 E AndroidRuntime: 	at androidx.room.RoomDatabase.useConnection(RoomDatabase.android.kt:619)
12-10 08:35:16.695 27596 27651 E AndroidRuntime: 	at androidx.room.util.DBUtil__DBUtil_androidKt$performBlocking$1$1.invokeSuspend(DBUtil.android.kt:260)
12-10 08:35:16.695 27596 27651 E AndroidRuntime: 	at androidx.room.util.DBUtil__DBUtil_androidKt$performBlocking$1$1.invoke(Unknown Source:8)
12-10 08:35:16.695 27596 27651 E AndroidRuntime: 	at androidx.room.util.DBUtil__DBUtil_androidKt$performBlocking$1$1.invoke(Unknown Source:4)
12-10 08:35:16.695 27596 27651 E AndroidRuntime: 	at kotlinx.coroutines.intrinsics.UndispatchedKt.startUndspatched(Undispatched.kt:66)
12-10 08:35:16.695 27596 27651 E AndroidRuntime: 	at kotlinx.coroutines.intrinsics.UndispatchedKt.startUndispatchedOrReturn(Undispatched.kt:43)
12-10 08:35:16.695 27596 27651 E AndroidRuntime: 	at kotlinx.coroutines.BuildersKt__Builders_commonKt.withContext(Builders.common.kt:157)
12-10 08:35:16.695 27596 27651 E AndroidRuntime: 	at kotlinx.coroutines.BuildersKt.withContext(Unknown Source:1)
12-10 08:35:16.695 27596 27651 E AndroidRuntime: 	at androidx.room.util.DBUtil__DBUtil_androidKt$performBlocking$1.invokeSuspend(DBUtil.android.kt:72)
12-10 08:35:16.695 27596 27651 E AndroidRuntime: 	at androidx.room.util.DBUtil__DBUtil_androidKt$performBlocking$1.invoke(Unknown Source:8)
12-10 08:35:16.695 27596 27651 E AndroidRuntime: 	at androidx.room.util.DBUtil__DBUtil_androidKt$performBlocking$1.invoke(Unknown Source:4)
12-10 08:35:16.695 27596 27651 E AndroidRuntime: 	at androidx.room.coroutines.RunBlockingUninterruptible_androidKt$runBlockingUninterruptible$1$1.invokeSuspend(RunBlockingUninterruptible.android.kt:52)
12-10 08:35:16.695 27596 27651 E AndroidRuntime: 	at androidx.room.coroutines.RunBlockingUninterruptible_androidKt$runBlockingUninterruptible$1$1.invoke(Unknown Source:8)
12-10 08:35:16.695 27596 27651 E AndroidRuntime: 	at androidx.room.coroutines.RunBlockingUninterruptible_androidKt$runBlockingUninterruptible$1$1.invoke(Unknown Source:4)
12-10 08:35:16.695 27596 27651 E AndroidRuntime: 	at kotlinx.coroutines.intrinsics.UndispatchedKt.startCoroutineUndispatched(Undispatched.kt:20)
12-10 08:35:16.695 27596 27651 E AndroidRuntime: 	at kotlinx.coroutines.CoroutineStart.invoke(CoroutineStart.kt:360)
12-10 08:35:16.695 27596 27651 E AndroidRuntime: 	at kotlinx.coroutines.AbstractCoroutine.start(AbstractCoroutine.kt:134)
12-10 08:35:16.695 27596 27651 E AndroidRuntime: 	at kotlinx.coroutines.BuildersKt__Builders_commonKt.launch(Builders.common.kt:53)
12-10 08:35:16.695 27596 27651 E AndroidRuntime: 	at kotlinx.coroutines.BuildersKt.launch(Unknown Source:1)
12-10 08:35:16.695 27596 27651 E AndroidRuntime: 	at androidx.room.coroutines.RunBlockingUninterruptible_androidKt$runBlockingUninterruptible$1.invokeSuspend(RunBlockingUninterruptible.android.kt:51)
12-10 08:35:16.695 27596 27651 E AndroidRuntime: 	at kotlin.coroutines.jvm.internal.BaseContinuationImpl.resumeWith(ContinuationImpl.kt:34)
12-10 08:35:16.695 27596 27651 E AndroidRuntime: 	at kotlinx.coroutines.DispatchedTask.run(DispatchedTask.kt:100)
12-10 08:35:16.695 27596 27651 E AndroidRuntime: 	at kotlinx.coroutines.EventLoopImplBase.processNextEvent(EventLoop.common.kt:263)
12-10 08:35:16.695 27596 27651 E AndroidRuntime: 	at kotlinx.coroutines.BlockingCoroutine.joinBlocking(Builders.kt:94)
12-10 08:35:16.695 27596 27651 E AndroidRuntime: 	at kotlinx.coroutines.BuildersKt__BuildersKt.runBlocking(Builders.kt:70)
12-10 08:35:16.695 27596 27651 E AndroidRuntime: 	at kotlinx.coroutines.BuildersKt.runBlocking(Unknown Source:1)
12-10 08:35:16.695 27596 27651 E AndroidRuntime: 	at kotlinx.coroutines.BuildersKt__BuildersKt.runBlocking$default(Builders.kt:48)
12-10 08:35:16.695 27596 27651 E AndroidRuntime: 	at kotlinx.coroutines.BuildersKt.runBlocking$default(Unknown Source:1)
12-10 08:35:16.695 27596 27651 E AndroidRuntime: 	at androidx.room.coroutines.RunBlockingUninterruptible_androidKt.runBlockingUninterruptible(RunBlockingUninterruptible.android.kt:45)
12-10 08:35:16.695 27596 27651 E AndroidRuntime: 	at androidx.room.util.DBUtil__DBUtil_androidKt.performBlocking(DBUtil.android.kt:71)
12-10 08:35:16.695 27596 27651 E AndroidRuntime: 	at androidx.room.util.DBUtil.performBlocking(Unknown Source:1)
12-10 08:35:16.695 27596 27651 E AndroidRuntime: 	at com.dronescontrol.dronesecure.database.AppInfoDAO_Impl.getAllAppDetails(AppInfoDAO_Impl.kt:199)
12-10 08:35:16.695 27596 27651 E AndroidRuntime: 	at com.dronescontrol.dronesecure.database.AppInfoRepository.getAppInfo(AppInfoRepository.kt:75)
12-10 08:35:16.695 27596 27651 E AndroidRuntime: 	at com.dronescontrol.dronesecure.service.FirewallManager.load(FirewallManager.kt:565)
12-10 08:35:16.695 27596 27651 E AndroidRuntime: 	at com.dronescontrol.dronesecure.service.FirewallManager$1.invokeSuspend(FirewallManager.kt:257)
12-10 08:35:16.695 27596 27651 E AndroidRuntime: 	at com.dronescontrol.dronesecure.service.FirewallManager$1.invoke(Unknown Source:8)
12-10 08:35:16.695 27596 27651 E AndroidRuntime: 	at com.dronescontrol.dronesecure.service.FirewallManager$1.invoke(Unknown Source:2)
12-10 08:35:16.695 27596 27651 E AndroidRuntime: 	at com.dronescontrol.dronesecure.service.FirewallManager$io$1.invokeSuspend(FirewallManager.kt:755)
12-10 08:35:16.695 27596 27651 E AndroidRuntime: 	at kotlin.coroutines.jvm.internal.BaseContinuationImpl.resumeWith(ContinuationImpl.kt:34)
12-10 08:35:16.695 27596 27651 E AndroidRuntime: 	at kotlinx.coroutines.DispatchedTask.run(DispatchedTask.kt:100)
12-10 08:35:16.695 27596 27651 E AndroidRuntime: 	at kotlinx.coroutines.internal.LimitedDispatcher$Worker.run(LimitedDispatcher.kt:124)
12-10 08:35:16.695 27596 27651 E AndroidRuntime: 	at kotlinx.coroutines.scheduling.TaskImpl.run(Tasks.kt:89)
12-10 08:35:16.695 27596 27651 E AndroidRuntime: 	at kotlinx.coroutines.scheduling.CoroutineScheduler.runSafely(CoroutineScheduler.kt:586)
12-10 08:35:16.695 27596 27651 E AndroidRuntime: 	at kotlinx.coroutines.scheduling.CoroutineScheduler$Worker.executeTask(CoroutineScheduler.kt:820)
12-10 08:35:16.695 27596 27651 E AndroidRuntime: 	at kotlinx.coroutines.scheduling.CoroutineScheduler$Worker.runWorker(CoroutineScheduler.kt:717)
12-10 08:35:16.695 27596 27651 E AndroidRuntime: 	at kotlinx.coroutines.scheduling.CoroutineScheduler$Worker.run(CoroutineScheduler.kt:704)
12-10 08:35:16.695 27596 27651 E AndroidRuntime: 	Suppressed: kotlinx.coroutines.internal.DiagnosticCoroutineContextException: [StandaloneCoroutine{Cancelling}@49bf12a, Dispatchers.IO]
12-10 08:35:16.702  1660 27715 I DropBoxManagerService: add tag=data_app_crash isTagEnabled=true flags=0x2
12-10 08:35:17.813  1660 16270 D ConnectivityService: ConnectivityService NetworkRequestInfo binderDied(NetworkRequest [ LISTEN id=28, [ Transports: CELLULAR|WIFI|ETHERNET|VPN Capabilities: INTERNET Uid: 10024 AdministratorUids: [] RequestorUid: 10024 RequestorPackageName: com.dronescontrol.dronesecure] ], android.os.BinderProxy@6f0dcaf)
12-10 08:35:17.813  1660 26041 W WindowManager: removeWindowToken: Attempted to remove non-existing token: android.os.Binder@6d94bb1
12-10 08:35:17.814  1660  2373 I ActivityManager: Process com.dronescontrol.dronesecure (pid 27596) has died: prcp FGS 
12-10 08:35:17.817  1660  2373 W ActivityManager: Scheduling restart of crashed service com.dronescontrol.dronesecure/.util.BackgroundAccessibilityService in 9000000ms for connection
12-10 08:35:17.818  1660  2373 W ActivityManager: Scheduling restart of crashed service com.dronescontrol.dronesecure/.service.BraveVPNService in 5400000ms for start-requested
12-10 08:35:17.840  1660 24435 W ActivityManager: Ignoring remove of inactive process: ProcessRecord{d112cc5 0:com.dronescontrol.dronesecure/u0a24}
12-10 08:35:17.999  2592  3031 E ActivityThread: Failed to find provider info for user_dictionary
12-10 08:39:25.834  1660  1796 V BatteryExternalStatsWorker: WiFi energy data was reset, new WiFi energy data is WifiActivityEnergyInfo{ mTimeSinceBootMillis=1624564 mStackState=3 mControllerTxDurationMillis=0 mControllerRxDurationMillis=0 mControllerScanDurationMillis=0 mControllerIdleDurationMillis=0 mControllerEnergyUsedMicroJoules=0 }
12-10 08:42:21.275  1660  1799 W ProcessCpuTracker: Failed to stat(/proc/13835): android.system.ErrnoException: stat failed: ENOENT (No such file or directory)
12-10 08:42:21.275  1660  1799 W ProcessCpuTracker: Skipping unknown process pid 13835
12-10 08:42:21.275  1660  1799 W ProcessCpuTracker: Failed to stat(/proc/13836): android.system.ErrnoException: stat failed: ENOENT (No such file or directory)
12-10 08:42:21.275  1660  1799 W ProcessCpuTracker: Skipping unknown process pid 13836
12-10 08:42:21.275  1660  1799 W ProcessCpuTracker: Failed to stat(/proc/13837): android.system.ErrnoException: stat failed: ENOENT (No such file or directory)
12-10 08:42:21.275  1660  1799 W ProcessCpuTracker: Skipping unknown process pid 13837
12-10 08:42:21.275  1660  1799 W ProcessCpuTracker: Failed to stat(/proc/13838): android.system.ErrnoException: stat failed: ENOENT (No such file or directory)
12-10 08:42:21.275  1660  1799 W ProcessCpuTracker: Skipping unknown process pid 13838
12-10 08:43:38.084  1660  1757 I ActivityManager: Force stopping com.dronescontrol.dronesecure appid=10024 user=-1: deletePackageX
12-10 08:43:38.089  1660  1757 I ActivityManager:   Force stopping service ServiceRecord{4378f49 u0 com.dronescontrol.dronesecure/.util.BackgroundAccessibilityService}
12-10 08:43:38.089  1660  1757 I ActivityManager:   Force stopping service ServiceRecord{361209 u0 com.dronescontrol.dronesecure/.service.BraveVPNService}
12-10 08:43:38.102  1660  1757 W ActivityManager: Error canceling notification for service
12-10 08:43:38.102  1660  1757 W ActivityManager: java.lang.SecurityException: Caller com.dronescontrol.dronesecure:10024 cannot post for pkg com.dronescontrol.dronesecure in user 0
12-10 08:43:38.102  1660  1757 W ActivityManager: 	at com.android.server.notification.NotificationManagerService.resolveNotificationUid(NotificationManagerService.java:6179)
12-10 08:43:38.102  1660  1757 W ActivityManager: 	at com.android.server.notification.NotificationManagerService.cancelNotificationInternal(NotificationManagerService.java:5792)
12-10 08:43:38.102  1660  1757 W ActivityManager: 	at com.android.server.notification.NotificationManagerService$11.cancelNotification(NotificationManagerService.java:5737)
12-10 08:43:38.102  1660  1757 W ActivityManager: 	at com.android.server.am.ServiceRecord$2.run(ServiceRecord.java:962)
12-10 08:43:38.102  1660  1757 W ActivityManager: 	at android.os.Handler.handleCallback(Handler.java:938)
12-10 08:43:38.102  1660  1757 W ActivityManager: 	at android.os.Handler.dispatchMessage(Handler.java:99)
12-10 08:43:38.102  1660  1757 W ActivityManager: 	at android.os.Looper.loop(Looper.java:223)
12-10 08:43:38.102  1660  1757 W ActivityManager: 	at android.os.HandlerThread.run(HandlerThread.java:67)
12-10 08:43:38.102  1660  1757 W ActivityManager: 	at com.android.server.ServiceThread.run(ServiceThread.java:44)
12-10 08:43:38.114  1660  1813 I PackageManager: Removing permission com.dronescontrol.dronesecure.DYNAMIC_RECEIVER_NOT_EXPORTED_PERMISSION that used to be declared by com.dronescontrol.dronesecure
12-10 08:43:38.116  1660  1813 W PackageManager: Removing dangling permission: com.dronescontrol.dronesecure.DYNAMIC_RECEIVER_NOT_EXPORTED_PERMISSION from package com.dronescontrol.dronesecure
12-10 08:43:38.116  1660  1813 I PackageManager: Permission ownership changed. Updating all permissions.
12-10 08:43:38.204  1660  1813 D PackageManager: Instant App installer not found with android.intent.action.INSTALL_INSTANT_APP_PACKAGE
12-10 08:43:38.204  1660  1813 D PackageManager: Clear ephemeral installer activity
12-10 08:43:38.205  1660  2830 E TaskPersister: File error accessing recents directory (directory doesn't exist?).
12-10 08:43:38.273  1660  1813 I ActivityManager: Force stopping com.dronescontrol.dronesecure appid=10024 user=0: pkg removed
12-10 08:43:38.293  1660  1813 I ActivityManager: Force stopping com.dronescontrol.dronesecure appid=10024 user=0: pkg removed
12-10 08:43:38.297  1660  1868 V StorageManagerService: Package com.dronescontrol.dronesecure does not have legacy storage
12-10 08:43:38.298  1660  1757 W BroadcastQueue: Background execution not allowed: receiving Intent { act=android.intent.action.PACKAGE_REMOVED dat=package:com.dronescontrol.dronesecure flg=0x4000010 (has extras) } to com.android.gallery3d/.app.PackagesMonitor
12-10 08:43:38.306  1660  2830 E TaskPersister: File error accessing recents directory (directory doesn't exist?).
12-10 08:43:38.314  1660  1741 I RoleManagerService: Granting default roles...
12-10 08:43:38.315  1660  1848 I RollbackManager: broadcast=ACTION_PACKAGE_FULLY_REMOVED pkg=com.dronescontrol.dronesecure
12-10 08:43:38.549  1660  1660 W Looper  : Slow dispatch took 234ms main h=android.app.ActivityThread$H c=android.app.-$$Lambda$LoadedApk$ReceiverDispatcher$Args$_BumDX2UKsnxLVrE6UJsJZkotuA@a9acb38 m=0
12-10 08:43:38.549  1660  1660 W Looper  : Slow delivery took 253ms main h=android.app.ActivityThread$H c=android.app.-$$Lambda$LoadedApk$ReceiverDispatcher$Args$_BumDX2UKsnxLVrE6UJsJZkotuA@323c711 m=0
12-10 08:43:38.594  1660  1660 I ConditionProviders: Disallowing condition provider com.dronescontrol.dronesecure
12-10 08:43:38.623  1660  1660 W Looper  : Drained
12-10 08:43:49.987  1660  1867 W RuleEvaluation: Integrity rule files are not available.
12-10 08:43:49.988  1660  1813 I PackageManager: Integrity check passed for file:///data/app/vmdl825743630.tmp
12-10 08:43:49.989  1660  1813 W PackageManager: [DJIDEBUG] installPackagesLI add abiOverride:armeabi-v7a for /data/app/vmdl825743630.tmp
12-10 08:43:49.998  1660  1813 W PackageManager: No IntentFilter verification will not be done as there is no IntentFilterVerifier available!
12-10 08:43:50.001  1660  1813 D CompatibilityChangeReporter: Compat change id reported: 135549675; UID 10025; state: ENABLED
12-10 08:43:50.004  1660  1813 I PackageManager: Permission ownership changed. Updating all permissions.
12-10 08:43:50.055  1660  1813 D PackageManager: Instant App installer not found with android.intent.action.INSTALL_INSTANT_APP_PACKAGE
12-10 08:43:50.055  1660  1813 D PackageManager: Clear ephemeral installer activity
12-10 08:43:50.059  1660  1813 E ArtManagerService: Failed to prepare profile for com.dronescontrol.dronesecure:/data/app/~~j5ZLToAb0GGZotgvGTmCvA==/com.dronescontrol.dronesecure-qRRCsDttwbAYXPOhXFPhJA==/base.apk
12-10 08:43:50.062  1660  1813 V BackupManagerService: [UserID:0] restoreAtInstall pkg=com.dronescontrol.dronesecure token=2 restoreSet=0
12-10 08:43:50.063  1660  1813 W BackupTransportManager: Transport com.android.localtransport/.LocalTransport not registered
12-10 08:43:50.063  1660  1813 W BackupManagerService: [UserID:0] No transport client
12-10 08:43:50.063  1660  1813 V BackupManagerService: [UserID:0] Finishing install immediately
12-10 08:43:50.063  1660  1741 V StorageManagerService: Package null does not have legacy storage
12-10 08:43:50.082  1660  1741 I RoleManagerService: Granting default roles...
12-10 08:43:50.100  1660  1757 W BroadcastQueue: Background execution not allowed: receiving Intent { act=android.intent.action.PACKAGE_ADDED dat=package:com.dronescontrol.dronesecure flg=0x4000010 (has extras) } to com.android.packageinstaller/.PackageInstalledReceiver
12-10 08:43:50.141  1660  1660 V BackupManagerConstants: getFullBackupIntervalMilliseconds(...) returns 86400000
12-10 08:43:50.141  1660  1660 V BackupManagerConstants: getFullBackupRequiredNetworkType(...) returns 2
12-10 08:43:50.141  1660  1660 V BackupManagerConstants: getFullBackupRequireCharging(...) returns true
12-10 08:43:50.149  1660  1757 W BroadcastQueue: Background execution not allowed: receiving Intent { act=android.intent.action.PACKAGE_ADDED dat=package:com.dronescontrol.dronesecure flg=0x4000010 (has extras) } to com.android.gallery3d/.app.PackagesMonitor
12-10 08:43:50.172  1660  1749 W VoiceInteractionManager: no available voice recognition services found for user 0
12-10 08:45:02.074  1660 23181 I ActivityTaskManager: START u0 {flg=0x10000000 cmp=com.dronescontrol.dronesecure/.ui.activity.LauncherAliasAppLock} from uid 0
12-10 08:45:02.107  1660 23181 W ActivityTaskManager: [DJIDEBUG] ActivityRecord.addStartingWindow pkg:com.dronescontrol.dronesecure
12-10 08:45:02.108  1660 23181 W ActivityTaskManager: [DJIDEBUG] AS.startActivityLocked postFinishBooting
12-10 08:45:02.123  1660  1744 I WindowManager: [DJIDEBUG] WMS.enableScreenAfterBoot: mDisplayEnabled=true mForceDisplayEnabled=false mShowingBootMessages=false mSystemBooted=true
12-10 08:45:02.126  1660  1758 D CompatibilityChangeReporter: Compat change id reported: 143937733; UID 10025; state: ENABLED
12-10 08:45:02.138  1660  1758 I ActivityManager: Start proc 20337:com.dronescontrol.dronesecure/u0a25 for pre-top-activity {com.dronescontrol.dronesecure/com.dronescontrol.dronesecure.ui.activity.LauncherAliasAppLock}
12-10 08:45:02.166  2195  2195 I ContextImpl: [DJIDEBUG] CtxImpl.construct not set device protected flag for pkg:dji.go.v5,  prevent exception in low version components androidx.work-runtime.WokManagerInitialize for calling ctx.isDeviceProtectedStorage check!
12-10 08:45:02.875  1660 24435 D PackageManager: Instant App installer not found with android.intent.action.INSTALL_INSTANT_APP_PACKAGE
12-10 08:45:02.875  1660 24435 D PackageManager: Clear ephemeral installer activity
12-10 08:45:03.176  1660 23184 I ActivityTaskManager: START u0 {flg=0x10008000 pkg=com.dronescontrol.dronesecure cmp=com.dronescontrol.dronesecure/.ui.HomeScreenActivity} from uid 10025
12-10 08:45:03.189  1660 24435 D PackageManager: Instant App installer not found with android.intent.action.INSTALL_INSTANT_APP_PACKAGE
12-10 08:45:03.189  1660 24435 D PackageManager: Clear ephemeral installer activity
12-10 08:45:03.191  1660 23184 W ActivityTaskManager: [DJIDEBUG] ActivityRecord.addStartingWindow pkg:com.dronescontrol.dronesecure
12-10 08:45:03.191  1660 23184 W ActivityTaskManager: [DJIDEBUG] AS.startActivityLocked postFinishBooting
12-10 08:45:03.197  1660 23184 W ActivityTaskManager: Duplicate finish request for r=ActivityRecord{c7a2666 u0 com.dronescontrol.dronesecure/.ui.activity.LauncherAliasAppLock t59 f}}
12-10 08:45:03.198  1660  1744 I WindowManager: [DJIDEBUG] WMS.enableScreenAfterBoot: mDisplayEnabled=true mForceDisplayEnabled=false mShowingBootMessages=false mSystemBooted=true
12-10 08:45:03.207  1660 24435 I ActivityTaskManager: The Process com.dronescontrol.dronesecure Already Exists in BG. So sending its PID: 20337
12-10 08:45:03.208  1660 24435 W ActivityTaskManager: Tried to set launchTime (0) < mLastActivityLaunchTime (1960978)
12-10 08:45:03.382  1660 24435 I ActivityTaskManager: START u0 {cmp=com.dronescontrol.dronesecure/.ui.activity.WelcomeActivity} from uid 10025
12-10 08:45:03.387  1660 24435 W ActivityTaskManager: [DJIDEBUG] ActivityRecord.addStartingWindow pkg:com.dronescontrol.dronesecure
12-10 08:45:03.387  1660 24435 W ActivityTaskManager: [DJIDEBUG] AS.startActivityLocked postFinishBooting
12-10 08:45:03.392  1660  1744 I WindowManager: [DJIDEBUG] WMS.enableScreenAfterBoot: mDisplayEnabled=true mForceDisplayEnabled=false mShowingBootMessages=false mSystemBooted=true
12-10 08:45:03.402  1660 24435 I ActivityTaskManager: The Process com.dronescontrol.dronesecure Already Exists in BG. So sending its PID: 20337
12-10 08:45:03.403  1660 24435 W ActivityTaskManager: Tried to set launchTime (0) < mLastActivityLaunchTime (1961949)
12-10 08:45:03.806  1660  1745 W WindowManager: [DJIDEBUG] ActivityRecord.onWindowsDrawn firstDrawn set com.dronescontrol.dronesecure.ui.activity.WelcomeActivity
12-10 08:45:03.935  1660  1741 I RoleManagerService: Granting default roles...
12-10 08:45:04.023  2592  3031 E ActivityThread: Failed to find provider info for user_dictionary
12-10 08:45:04.086 20337 20423 E AndroidRuntime: FATAL EXCEPTION: DefaultDispatcher-worker-2
12-10 08:45:04.086 20337 20423 E AndroidRuntime: Process: com.dronescontrol.dronesecure, PID: 20337
12-10 08:45:04.086 20337 20423 E AndroidRuntime: java.lang.IllegalStateException: Migration didn't properly handle: DoHEndpoint(com.dronescontrol.dronesecure.database.DoHEndpoint).
12-10 08:45:04.086 20337 20423 E AndroidRuntime:  Expected:
12-10 08:45:04.086 20337 20423 E AndroidRuntime: TableInfo {
12-10 08:45:04.086 20337 20423 E AndroidRuntime:     name = 'DoHEndpoint',
12-10 08:45:04.086 20337 20423 E AndroidRuntime:     columns = {    
12-10 08:45:04.086 20337 20423 E AndroidRuntime:         Column {
12-10 08:45:04.086 20337 20423 E AndroidRuntime:            name = 'dohExplanation',
12-10 08:45:04.086 20337 20423 E AndroidRuntime:            type = 'TEXT',
12-10 08:45:04.086 20337 20423 E AndroidRuntime:            affinity = '2',
12-10 08:45:04.086 20337 20423 E AndroidRuntime:            notNull = 'true',
12-10 08:45:04.086 20337 20423 E AndroidRuntime:            primaryKeyPosition = '0',
12-10 08:45:04.086 20337 20423 E AndroidRuntime:            defaultValue = 'undefined'
12-10 08:45:04.086 20337 20423 E AndroidRuntime:         },
12-10 08:45:04.086 20337 20423 E AndroidRuntime:         Column {
12-10 08:45:04.086 20337 20423 E AndroidRuntime:            name = 'dohName',
12-10 08:45:04.086 20337 20423 E AndroidRuntime:            type = 'TEXT',
12-10 08:45:04.086 20337 20423 E AndroidRuntime:            affinity = '2',
12-10 08:45:04.086 20337 20423 E AndroidRuntime:            notNull = 'true',
12-10 08:45:04.086 20337 20423 E AndroidRuntime:            primaryKeyPosition = '0',
12-10 08:45:04.086 20337 20423 E AndroidRuntime:            defaultValue = 'undefined'
12-10 08:45:04.086 20337 20423 E AndroidRuntime:         },
12-10 08:45:04.086 20337 20423 E AndroidRuntime:         Column {
12-10 08:45:04.086 20337 20423 E AndroidRuntime:            name = 'dohURL',
12-10 08:45:04.086 20337 20423 E AndroidRuntime:            type = 'TEXT',
12-10 08:45:04.086 20337 20423 E AndroidRuntime:            affinity = '2',
12-10 08:45:04.086 20337 20423 E AndroidRuntime:            notNull = 'true',
12-10 08:45:04.086 20337 20423 E AndroidRuntime:            primaryKeyPosition = '0',
12-10 08:45:04.086 20337 20423 E AndroidRuntime:            defaultValue = 'undefined'
12-10 08:45:04.086 20337 20423 E AndroidRuntime:         },
12-10 08:45:04.086 20337 20423 E AndroidRuntime:         Column {
12-10 08:45:04.086 20337 20423 E AndroidRuntime:            name = 'id',
12-10 08:45:04.086 20337 20423 E AndroidRuntime:            type = 'INTEGER',
12-10 08:45:04.086 20337 20423 E AndroidRuntime:            affinity = '3',
12-10 08:45:04.086 20337 20423 E AndroidRuntime:            notNull = 'true',
12-10 08:45:04.086 20337 20423 E AndroidRuntime:            primaryKeyPosition = '1',
12-10 08:45:04.086 20337 20423 E AndroidRuntime:            defaultValue = 'undefined'
12-10 08:45:04.086 20337 20423 E AndroidRuntime:         },
12-10 08:45:04.086 20337 20423 E AndroidRuntime:         Column {
12-10 08:45:04.086 20337 20423 E AndroidRuntime:            name = 'isCustom',
12-10 08:45:04.086 20337 20423 E AndroidRuntime:            type = 'INTEGER',
12-10 08:45:04.086 20337 20423 E AndroidRuntime:            affinity = '3',
12-10 08:45:04.086 20337 20423 E AndroidRuntime:            notNull = 'true',
12-10 08:45:04.086 20337 20423 E AndroidRuntime:            primaryKeyPosition = '0',
12-10 08:45:04.086 20337 20423 E AndroidRuntime:            defaultValue = 'undefined'
12-10 08:45:04.086 20337 20423 E AndroidRuntime:         },
12-10 08:45:04.086 20337 20423 E AndroidRuntime:         Column {
12-10 08:45:04.086 20337 20423 E AndroidRuntime:            name = 'isSecure',
12-10 08:45:04.086 20337 20423 E AndroidRuntime:            type = 'INTEGER',
12-10 08:45:04.086 20337 20423 E AndroidRuntime:            affinity = '3',
12-10 08:45:04.086 20337 20423 E AndroidRuntime:            notNull = 'true',
12-10 08:45:04.086 20337 20423 E AndroidRuntime:            primaryKeyPosition = '0',
12-10 08:45:04.086 20337 20423 E AndroidRuntime:            defaultValue = 'undefined'
12-10 08:45:04.086 20337 20423 E AndroidRuntime:         },
12-10 08:45:04.086 20337 20423 E AndroidRuntime:         Column {
12-10 08:45:04.086 20337 20423 E AndroidRuntime:            name = 'isSelected',
12-10 08:45:04.086 20337 20423 E AndroidRuntime:            type = 'INTEGER',
12-10 08:45:04.086 20337 20423 E AndroidRuntime:            affinity = '3',
12-10 08:45:04.086 20337 20423 E AndroidRuntime:            notNull = 'true',
12-10 08:45:04.086 20337 20423 E AndroidRuntime:            primaryKeyPosition = '0',
12-10 08:45:04.086 20337 20423 E AndroidRuntime:            defaultValue = 'undefined'
12-10 08:45:04.086 20337 20423 E AndroidRuntime:         },
12-10 08:45:04.086 20337 20423 E AndroidRuntime:         Column {
12-10 08:45:04.086 20337 20423 E AndroidRuntime:            name = 'latency',
12-10 08:45:04.086 20337 20423 E AndroidRuntime:            type = 'INTEGER',
12-10 08:45:04.086 20337 20423 E AndroidRuntime:            affinity = '3',
12-10 08:45:04.086 20337 20423 E AndroidRuntime:            notNull = 'true',
12-10 08:45:04.086 20337 20423 E AndroidRuntime:            primaryKeyPosition = '0',
12-10 08:45:04.086 20337 20423 E AndroidRuntime:            defaultValue = 'undefined'
12-10 08:45:04.086 20337 20423 E AndroidRuntime:         },
12-10 08:45:04.086 20337 20423 E AndroidRuntime:         Column {
12-10 08:45:04.086 20337 20423 E AndroidRuntime:            name = 'modifiedDataTime',
12-10 08:45:04.086 20337 20423 E AndroidRuntime:            type = 'INTEGER',
12-10 08:45:04.086 20337 20423 E AndroidRuntime:            affinity = '3',
12-10 08:45:04.086 20337 20423 E AndroidRuntime:            notNull = 'true',
12-10 08:45:04.086 20337 20423 E AndroidRuntime:            primaryKeyPosition = '0',
12-10 08:45:04.086 20337 20423 E AndroidRuntime:            defaultValue = 'undefined'
12-10 08:45:04.086 20337 20423 E AndroidRuntime:         }
12-10 08:45:04.086 20337 20423 E AndroidRuntime:     },
12-10 08:45:04.086 20337 20423 E AndroidRuntime:     foreignKeys = { }
12-10 08:45:04.086 20337 20423 E AndroidRuntime:     indices = { }
12-10 08:45:04.086 20337 20423 E AndroidRuntime: }
12-10 08:45:04.086 20337 20423 E AndroidRuntime:  Found:
12-10 08:45:04.086 20337 20423 E AndroidRuntime: TableInfo {
12-10 08:45:04.086 20337 20423 E AndroidRuntime:     name = 'DoHEndpoint',
12-10 08:45:04.086 20337 20423 E AndroidRuntime:     columns = {    
12-10 08:45:04.086 20337 20423 E AndroidRuntime:         Column {
12-10 08:45:04.086 20337 20423 E AndroidRuntime:            name = 'dohExplanation',
12-10 08:45:04.086 20337 20423 E AndroidRuntime:            type = 'TEXT',
12-10 08:45:04.086 20337 20423 E AndroidRuntime:            affinity = '2',
12-10 08:45:04.086 20337 20423 E AndroidRuntime:            notNull = 'false',
12-10 08:45:04.086 20337 20423 E AndroidRuntime:            primaryKeyPosition = '0',
12-10 08:45:04.086 20337 20423 E AndroidRuntime:            defaultValue = 'undefined'
12-10 08:45:04.086 20337 20423 E AndroidRuntime:         },
12-10 08:45:04.086 20337 20423 E AndroidRuntime:         Column {
12-10 08:45:04.086 20337 20423 E AndroidRuntime:            name = 'dohName',
12-10 08:45:04.086 20337 20423 E AndroidRuntime:            type = 'TEXT',
12-10 08:45:04.086 20337 20423 E AndroidRuntime:            affinity = '2',
12-10 08:45:04.086 20337 20423 E AndroidRuntime:            notNull = 'true',
12-10 08:45:04.086 20337 20423 E AndroidRuntime:            primaryKeyPosition = '0',
12-10 08:45:04.086 20337 20423 E AndroidRuntime:            defaultValue = 'undefined'
12-10 08:45:04.086 20337 20423 E AndroidRuntime:         },
12-10 08:45:04.086 20337 20423 E AndroidRuntime:         Column {
12-10 08:45:04.086 20337 20423 E AndroidRuntime:            name = 'dohURL',
12-10 08:45:04.086 20337 20423 E AndroidRuntime:            type = 'TEXT',
12-10 08:45:04.086 20337 20423 E AndroidRuntime:            affinity = '2',
12-10 08:45:04.086 20337 20423 E AndroidRuntime:            notNull = 'true',
12-10 08:45:04.086 20337 20423 E AndroidRuntime:            primaryKeyPosition = '0',
12-10 08:45:04.086 20337 20423 E AndroidRuntime:            defaultValue = 'undefined'
12-10 08:45:04.086 20337 20423 E AndroidRuntime:         },
12-10 08:45:04.086 20337 20423 E AndroidRuntime:         Column {
12-10 08:45:04.086 20337 20423 E AndroidRuntime:            name = 'id',
12-10 08:45:04.086 20337 20423 E AndroidRuntime:            type = 'INTEGER',
12-10 08:45:04.086 20337 20423 E AndroidRuntime:            affinity = '3',
12-10 08:45:04.086 20337 20423 E AndroidRuntime:            notNull = 'true',
12-10 08:45:04.086 20337 20423 E AndroidRuntime:            primaryKeyPosition = '1',
12-10 08:45:04.086 20337 20423 E AndroidRuntime:            defaultValue = 'undefined'
12-10 08:45:04.086 20337 20423 E AndroidRuntime:         },
12-10 08:45:04.086 20337 20423 E AndroidRuntime:         Column {
12-10 08:45:04.086 20337 20423 E AndroidRuntime:            name = 'isCustom',
12-10 08:45:04.086 20337 20423 E AndroidRuntime:            type = 'INTEGER',
12-10 08:45:04.086 20337 20423 E AndroidRuntime:            affinity = '3',
12-10 08:45:04.086 20337 20423 E AndroidRuntime:            notNull = 'true',
12-10 08:45:04.086 20337 20423 E AndroidRuntime:            primaryKeyPosition = '0',
12-10 08:45:04.086 20337 20423 E AndroidRuntime:            defaultValue = 'undefined'
12-10 08:45:04.086 20337 20423 E AndroidRuntime:         },
12-10 08:45:04.086 20337 20423 E AndroidRuntime:         Column {
12-10 08:45:04.086 20337 20423 E AndroidRuntime:            name = 'isSecure',
12-10 08:45:04.086 20337 20423 E AndroidRuntime:            type = 'INTEGER',
12-10 08:45:04.086 20337 20423 E AndroidRuntime:            affinity = '3',
12-10 08:45:04.086 20337 20423 E AndroidRuntime:            notNull = 'true',
12-10 08:45:04.086 20337 20423 E AndroidRuntime:            primaryKeyPosition = '0',
12-10 08:45:04.086 20337 20423 E AndroidRuntime:            defaultValue = '1'
12-10 08:45:04.086 20337 20423 E AndroidRuntime:         },
12-10 08:45:04.086 20337 20423 E AndroidRuntime:         Column {
12-10 08:45:04.086 20337 20423 E AndroidRuntime:            name = 'isSelected',
12-10 08:45:04.086 20337 20423 E AndroidRuntime:            type = 'INTEGER',
12-10 08:45:04.086 20337 20423 E AndroidRuntime:            affinity = '3',
12-10 08:45:04.086 20337 20423 E AndroidRuntime:            notNull = 'true',
12-10 08:45:04.086 20337 20423 E AndroidRuntime:            primaryKeyPosition = '0',
12-10 08:45:04.086 20337 20423 E AndroidRuntime:            defaultValue = 'undefined'
12-10 08:45:04.086 20337 20423 E AndroidRuntime:         },
12-10 08:45:04.086 20337 20423 E AndroidRuntime:         Column {
12-10 08:45:04.086 20337 20423 E AndroidRuntime:            name = 'latency',
12-10 08:45:04.086 20337 20423 E AndroidRuntime:            type = 'INTEGER',
12-10 08:45:04.086 20337 20423 E AndroidRuntime:            affinity = '3',
12-10 08:45:04.086 20337 20423 E AndroidRuntime:            notNull = 'true',
12-10 08:45:04.087 20337 20423 E AndroidRuntime:            primaryKeyPosition = '0',
12-10 08:45:04.087 20337 20423 E AndroidRuntime:            defaultValue = 'undefined'
12-10 08:45:04.087 20337 20423 E AndroidRuntime:         },
12-10 08:45:04.087 20337 20423 E AndroidRuntime:         Column {
12-10 08:45:04.087 20337 20423 E AndroidRuntime:            name = 'modifiedDataTime',
12-10 08:45:04.087 20337 20423 E AndroidRuntime:            type = 'INTEGER',
12-10 08:45:04.087 20337 20423 E AndroidRuntime:            affinity = '3',
12-10 08:45:04.087 20337 20423 E AndroidRuntime:            notNull = 'true',
12-10 08:45:04.087 20337 20423 E AndroidRuntime:            primaryKeyPosition = '0',
12-10 08:45:04.087 20337 20423 E AndroidRuntime:            defaultValue = 'undefined'
12-10 08:45:04.087 20337 20423 E AndroidRuntime:         }
12-10 08:45:04.087 20337 20423 E AndroidRuntime:     },
12-10 08:45:04.087 20337 20423 E AndroidRuntime:     foreignKeys = { }
12-10 08:45:04.087 20337 20423 E AndroidRuntime:     indices = { }
12-10 08:45:04.087 20337 20423 E AndroidRuntime: }
12-10 08:45:04.087 20337 20423 E AndroidRuntime: 	at androidx.room.BaseRoomConnectionManager.onMigrate(RoomConnectionManager.kt:215)
12-10 08:45:04.087 20337 20423 E AndroidRuntime: 	at androidx.room.RoomConnectionManager$SupportOpenHelperCallback.onUpgrade(RoomConnectionManager.android.kt:163)
12-10 08:45:04.087 20337 20423 E AndroidRuntime: 	at androidx.sqlite.db.framework.FrameworkSQLiteOpenHelper$OpenHelper.onUpgrade(FrameworkSQLiteOpenHelper.android.kt:245)
12-10 08:45:04.087 20337 20423 E AndroidRuntime: 	at android.database.sqlite.SQLiteOpenHelper.getDatabaseLocked(SQLiteOpenHelper.java:416)
12-10 08:45:04.087 20337 20423 E AndroidRuntime: 	at android.database.sqlite.SQLiteOpenHelper.getWritableDatabase(SQLiteOpenHelper.java:316)
12-10 08:45:04.087 20337 20423 E AndroidRuntime: 	at androidx.sqlite.db.framework.FrameworkSQLiteOpenHelper$OpenHelper.getWritableOrReadableDatabase(FrameworkSQLiteOpenHelper.android.kt:224)
12-10 08:45:04.087 20337 20423 E AndroidRuntime: 	at androidx.sqlite.db.framework.FrameworkSQLiteOpenHelper$OpenHelper.innerGetDatabase(FrameworkSQLiteOpenHelper.android.kt:180)
12-10 08:45:04.087 20337 20423 E AndroidRuntime: 	at androidx.sqlite.db.framework.FrameworkSQLiteOpenHelper$OpenHelper.getSupportDatabase(FrameworkSQLiteOpenHelper.android.kt:141)
12-10 08:45:04.087 20337 20423 E AndroidRuntime: 	at androidx.sqlite.db.framework.FrameworkSQLiteOpenHelper.getWritableDatabase(FrameworkSQLiteOpenHelper.android.kt:96)
12-10 08:45:04.087 20337 20423 E AndroidRuntime: 	at androidx.room.support.PrePackagedCopyOpenHelper.getWritableDatabase(PrePackagedCopyOpenHelper.android.kt:67)
12-10 08:45:04.087 20337 20423 E AndroidRuntime: 	at androidx.sqlite.driver.SupportSQLiteDriver.open(SupportSQLiteDriver.android.kt:57)
12-10 08:45:04.087 20337 20423 E AndroidRuntime: 	at androidx.sqlite.driver.SupportSQLiteDriver.open(SupportSQLiteDriver.android.kt:33)
12-10 08:45:04.087 20337 20423 E AndroidRuntime: 	at androidx.room.coroutines.PassthroughConnectionPool.connection$lambda$0(PassthroughConnectionPool.kt:47)
12-10 08:45:04.087 20337 20423 E AndroidRuntime: 	at androidx.room.coroutines.PassthroughConnectionPool.$r8$lambda$5PfN97KPsXXXOapSC9IzcedL70w(Unknown Source:0)
12-10 08:45:04.087 20337 20423 E AndroidRuntime: 	at androidx.room.coroutines.PassthroughConnectionPool$$ExternalSyntheticLambda0.invoke(D8$$SyntheticClass:0)
12-10 08:45:04.087 20337 20423 E AndroidRuntime: 	at kotlin.SynchronizedLazyImpl.getValue(LazyJVM.kt:86)
12-10 08:45:04.087 20337 20423 E AndroidRuntime: 	at androidx.room.coroutines.PassthroughConnectionPool.useConnection(PassthroughConnectionPool.kt:58)
12-10 08:45:04.087 20337 20423 E AndroidRuntime: 	at androidx.room.RoomConnectionManager.useConnection(RoomConnectionManager.android.kt:136)
12-10 08:45:04.087 20337 20423 E AndroidRuntime: 	at androidx.room.RoomDatabase.useConnection(RoomDatabase.android.kt:619)
12-10 08:45:04.087 20337 20423 E AndroidRuntime: 	at androidx.room.util.DBUtil__DBUtil_androidKt$performBlocking$1$1.invokeSuspend(DBUtil.android.kt:260)
12-10 08:45:04.087 20337 20423 E AndroidRuntime: 	at androidx.room.util.DBUtil__DBUtil_androidKt$performBlocking$1$1.invoke(Unknown Source:8)
12-10 08:45:04.087 20337 20423 E AndroidRuntime: 	at androidx.room.util.DBUtil__DBUtil_androidKt$performBlocking$1$1.invoke(Unknown Source:4)
12-10 08:45:04.087 20337 20423 E AndroidRuntime: 	at kotlinx.coroutines.intrinsics.UndispatchedKt.startUndspatched(Undispatched.kt:66)
12-10 08:45:04.087 20337 20423 E AndroidRuntime: 	at kotlinx.coroutines.intrinsics.UndispatchedKt.startUndispatchedOrReturn(Undispatched.kt:43)
12-10 08:45:04.087 20337 20423 E AndroidRuntime: 	at kotlinx.coroutines.BuildersKt__Builders_commonKt.withContext(Builders.common.kt:157)
12-10 08:45:04.087 20337 20423 E AndroidRuntime: 	at kotlinx.coroutines.BuildersKt.withContext(Unknown Source:1)
12-10 08:45:04.087 20337 20423 E AndroidRuntime: 	at androidx.room.util.DBUtil__DBUtil_androidKt$performBlocking$1.invokeSuspend(DBUtil.android.kt:72)
12-10 08:45:04.087 20337 20423 E AndroidRuntime: 	at androidx.room.util.DBUtil__DBUtil_androidKt$performBlocking$1.invoke(Unknown Source:8)
12-10 08:45:04.087 20337 20423 E AndroidRuntime: 	at androidx.room.util.DBUtil__DBUtil_androidKt$performBlocking$1.invoke(Unknown Source:4)
12-10 08:45:04.087 20337 20423 E AndroidRuntime: 	at androidx.room.coroutines.RunBlockingUninterruptible_androidKt$runBlockingUninterruptible$1$1.invokeSuspend(RunBlockingUninterruptible.android.kt:52)
12-10 08:45:04.087 20337 20423 E AndroidRuntime: 	at androidx.room.coroutines.RunBlockingUninterruptible_androidKt$runBlockingUninterruptible$1$1.invoke(Unknown Source:8)
12-10 08:45:04.087 20337 20423 E AndroidRuntime: 	at androidx.room.coroutines.RunBlockingUninterruptible_androidKt$runBlockingUninterruptible$1$1.invoke(Unknown Source:4)
12-10 08:45:04.087 20337 20423 E AndroidRuntime: 	at kotlinx.coroutines.intrinsics.UndispatchedKt.startCoroutineUndispatched(Undispatched.kt:20)
12-10 08:45:04.087 20337 20423 E AndroidRuntime: 	at kotlinx.coroutines.CoroutineStart.invoke(CoroutineStart.kt:360)
12-10 08:45:04.087 20337 20423 E AndroidRuntime: 	at kotlinx.coroutines.AbstractCoroutine.start(AbstractCoroutine.kt:134)
12-10 08:45:04.087 20337 20423 E AndroidRuntime: 	at kotlinx.coroutines.BuildersKt__Builders_commonKt.launch(Builders.common.kt:53)
12-10 08:45:04.087 20337 20423 E AndroidRuntime: 	at kotlinx.coroutines.BuildersKt.launch(Unknown Source:1)
12-10 08:45:04.088 20337 20423 E AndroidRuntime: 	at androidx.room.coroutines.RunBlockingUninterruptible_androidKt$runBlockingUninterruptible$1.invokeSuspend(RunBlockingUninterruptible.android.kt:51)
12-10 08:45:04.088 20337 20423 E AndroidRuntime: 	at kotlin.coroutines.jvm.internal.BaseContinuationImpl.resumeWith(ContinuationImpl.kt:34)
12-10 08:45:04.088 20337 20423 E AndroidRuntime: 	at kotlinx.coroutines.DispatchedTask.run(DispatchedTask.kt:100)
12-10 08:45:04.088 20337 20423 E AndroidRuntime: 	at kotlinx.coroutines.EventLoopImplBase.processNextEvent(EventLoop.common.kt:263)
12-10 08:45:04.088 20337 20423 E AndroidRuntime: 	at kotlinx.coroutines.BlockingCoroutine.joinBlocking(Builders.kt:94)
12-10 08:45:04.088 20337 20423 E AndroidRuntime: 	at kotlinx.coroutines.BuildersKt__BuildersKt.runBlocking(Builders.kt:70)
12-10 08:45:04.088 20337 20423 E AndroidRuntime: 	at kotlinx.coroutines.BuildersKt.runBlocking(Unknown Source:1)
12-10 08:45:04.088 20337 20423 E AndroidRuntime: 	at kotlinx.coroutines.BuildersKt__BuildersKt.runBlocking$default(Builders.kt:48)
12-10 08:45:04.088 20337 20423 E AndroidRuntime: 	at kotlinx.coroutines.BuildersKt.runBlocking$default(Unknown Source:1)
12-10 08:45:04.088 20337 20423 E AndroidRuntime: 	at androidx.room.coroutines.RunBlockingUninterruptible_androidKt.runBlockingUninterruptible(RunBlockingUninterruptible.android.kt:45)
12-10 08:45:04.088 20337 20423 E AndroidRuntime: 	at androidx.room.util.DBUtil__DBUtil_androidKt.performBlocking(DBUtil.android.kt:71)
12-10 08:45:04.088 20337 20423 E AndroidRuntime: 	at androidx.room.util.DBUtil.performBlocking(Unknown Source:1)
12-10 08:45:04.088 20337 20423 E AndroidRuntime: 	at com.dronescontrol.dronesecure.database.AppInfoDAO_Impl.getAllAppDetails(AppInfoDAO_Impl.kt:199)
12-10 08:45:04.088 20337 20423 E AndroidRuntime: 	at com.dronescontrol.dronesecure.database.AppInfoRepository.getAppInfo(AppInfoRepository.kt:75)
12-10 08:45:04.088 20337 20423 E AndroidRuntime: 	at com.dronescontrol.dronesecure.service.FirewallManager.load(FirewallManager.kt:565)
12-10 08:45:04.088 20337 20423 E AndroidRuntime: 	at com.dronescontrol.dronesecure.database.RefreshDatabase.process(RefreshDatabase.kt:147)
12-10 08:45:04.088 20337 20423 E AndroidRuntime: 	at com.dronescontrol.dronesecure.database.RefreshDatabase$1.invokeSuspend(RefreshDatabase.kt:104)
12-10 08:45:04.088 20337 20423 E AndroidRuntime: 	at com.dronescontrol.dronesecure.database.RefreshDatabase$1.invoke(Unknown Source:8)
12-10 08:45:04.088 20337 20423 E AndroidRuntime: 	at com.dronescontrol.dronesecure.database.RefreshDatabase$1.invoke(Unknown Source:2)
12-10 08:45:04.088 20337 20423 E AndroidRuntime: 	at com.dronescontrol.dronesecure.database.RefreshDatabase$io$1.invokeSuspend(RefreshDatabase.kt:1029)
12-10 08:45:04.088 20337 20423 E AndroidRuntime: 	at kotlin.coroutines.jvm.internal.BaseContinuationImpl.resumeWith(ContinuationImpl.kt:34)
12-10 08:45:04.088 20337 20423 E AndroidRuntime: 	at kotlinx.coroutines.DispatchedTask.run(DispatchedTask.kt:100)
12-10 08:45:04.088 20337 20423 E AndroidRuntime: 	at kotlinx.coroutines.internal.LimitedDispatcher$Worker.run(LimitedDispatcher.kt:124)
12-10 08:45:04.088 20337 20423 E AndroidRuntime: 	at kotlinx.coroutines.scheduling.TaskImpl.run(Tasks.kt:89)
12-10 08:45:04.088 20337 20423 E AndroidRuntime: 	at kotlinx.coroutines.scheduling.CoroutineScheduler.runSafely(CoroutineScheduler.kt:586)
12-10 08:45:04.088 20337 20423 E AndroidRuntime: 	at kotlinx.coroutines.scheduling.CoroutineScheduler$Worker.executeTask(CoroutineScheduler.kt:820)
12-10 08:45:04.088 20337 20423 E AndroidRuntime: 	at kotlinx.coroutines.scheduling.CoroutineScheduler$Worker.runWorker(CoroutineScheduler.kt:717)
12-10 08:45:04.088 20337 20423 E AndroidRuntime: 	at kotlinx.coroutines.scheduling.CoroutineScheduler$Worker.run(CoroutineScheduler.kt:704)
12-10 08:45:04.088 20337 20423 E AndroidRuntime: 	Suppressed: kotlinx.coroutines.internal.DiagnosticCoroutineContextException: [CoroutineName(RefreshDatabase), StandaloneCoroutine{Cancelling}@45799ba, Dispatchers.IO]
12-10 08:45:04.092  1660  1660 D NotificationService: 0|com.dronescontrol.dronesecure|103|Firewall_Alerts|10025: granting content://settings/system/notification_sound
12-10 08:45:04.094  1660  1660 I chatty  : uid=1000(system) Binder:1660_3 identical 1 line
12-10 08:45:04.095  1660  1660 D NotificationService: 0|com.dronescontrol.dronesecure|103|Firewall_Alerts|10025: granting content://settings/system/notification_sound
12-10 08:45:04.096  1660 20507 I DropBoxManagerService: add tag=data_app_crash isTagEnabled=true flags=0x2
12-10 08:45:04.097  1660  1660 D NotificationService: 0|com.dronescontrol.dronesecure|103|Firewall_Alerts|10025: granting content://settings/system/notification_sound
12-10 08:45:04.097  1660 24435 W ActivityTaskManager:   Force finishing activity com.dronescontrol.dronesecure/.ui.activity.WelcomeActivity
12-10 08:45:04.098  1660  1660 W NotificationHistory: Attempted to add notif for locked/gone/disabled user 0
12-10 08:45:04.141  1660 23181 I ActivityManager: Process com.dronescontrol.dronesecure (pid 20337) has died: fg  TOP 
12-10 08:45:04.155  1660  2175 W WindowManager: Failed to deliver inset state change to w=Window{a9102b9 u0 com.dronescontrol.dronesecure/com.dronescontrol.dronesecure.ui.activity.WelcomeActivity}
12-10 08:45:04.155  1660  2175 W WindowManager: android.os.DeadObjectException
12-10 08:45:04.155  1660  2175 W WindowManager: 	at android.os.BinderProxy.transactNative(Native Method)
12-10 08:45:04.155  1660  2175 W WindowManager: 	at android.os.BinderProxy.transact(BinderProxy.java:550)
12-10 08:45:04.155  1660  2175 W WindowManager: 	at android.view.IWindow$Stub$Proxy.insetsControlChanged(IWindow.java:765)
12-10 08:45:04.155  1660  2175 W WindowManager: 	at com.android.server.wm.WindowState.notifyInsetsControlChanged(WindowState.java:3678)
12-10 08:45:04.155  1660  2175 W WindowManager: 	at com.android.server.wm.InsetsStateController.lambda$notifyPendingInsetsControlChanged$4$InsetsStateController(InsetsStateController.java:473)
12-10 08:45:04.155  1660  2175 W WindowManager: 	at com.android.server.wm.-$$Lambda$InsetsStateController$-1iOXDf-1s3wDHcMIHBKNk6MS3I.run(Unknown Source:2)
12-10 08:45:04.155  1660  2175 W WindowManager: 	at com.android.server.wm.WindowAnimator.executeAfterPrepareSurfacesRunnables(WindowAnimator.java:344)
12-10 08:45:04.155  1660  2175 W WindowManager: 	at com.android.server.wm.RootWindowContainer.performSurfacePlacementNoTrace(RootWindowContainer.java:861)
12-10 08:45:04.155  1660  2175 W WindowManager: 	at com.android.server.wm.RootWindowContainer.performSurfacePlacement(RootWindowContainer.java:809)
12-10 08:45:04.155  1660  2175 W WindowManager: 	at com.android.server.wm.WindowSurfacePlacer.performSurfacePlacementLoop(WindowSurfacePlacer.java:178)
12-10 08:45:04.155  1660  2175 W WindowManager: 	at com.android.server.wm.WindowSurfacePlacer.performSurfacePlacement(WindowSurfacePlacer.java:127)
12-10 08:45:04.155  1660  2175 W WindowManager: 	at com.android.server.wm.WindowSurfacePlacer.performSurfacePlacement(WindowSurfacePlacer.java:116)
12-10 08:45:04.155  1660  2175 W WindowManager: 	at com.android.server.wm.WindowSurfacePlacer.continueLayout(WindowSurfacePlacer.java:98)
12-10 08:45:04.155  1660  2175 W WindowManager: 	at com.android.server.wm.ActivityTaskManagerService.continueWindowLayout(ActivityTaskManagerService.java:5312)
12-10 08:45:04.155  1660  2175 W WindowManager: 	at com.android.server.wm.ActivityRecord.activityPaused(ActivityRecord.java:5106)
12-10 08:45:04.155  1660  2175 W WindowManager: 	at com.android.server.wm.ActivityTaskManagerService.activityPaused(ActivityTaskManagerService.java:1841)
12-10 08:45:04.155  1660  2175 W WindowManager: 	at android.app.IActivityTaskManager$Stub.onTransact(IActivityTaskManager.java:1944)
12-10 08:45:04.155  1660  2175 W WindowManager: 	at android.os.Binder.execTransactInternal(Binder.java:1154)
