12-10 08:46:01.782  1189  1920 I chatty  : uid=0(root) gnd_rc_lte_cont expire 14 lines
12-10 08:46:01.900 12545 23186 I chatty  : uid=0(root) main expire 2 lines
12-10 08:46:01.940  2723  2723 I chatty  : uid=0(root) logwrapper expire 10 lines
12-10 08:46:02.144   828  2104 I unicore_gps: gps fix cb: ts=02.000 flags=0x17, lat=54.444376, lon=9.830058, alt=72.00, spd=0.08, cog=0.00
12-10 08:46:02.169  1188  1408 I chatty  : uid=0(root) Thread_Monitor_ expire 224 lines
12-10 08:46:02.200  1206  1508 I chatty  : uid=0(root) link_state_mgr expire 67 lines
12-10 08:46:02.210  1188  1450 I chatty  : uid=0(root) wl_router_task expire 53 lines
12-10 08:46:02.343  1201  1610 I chatty  : uid=0(root) pm_cfg_task expire 54 lines
12-10 08:46:02.343  1188  1482 I chatty  : uid=0(root) pm_cfg_task expire 54 lines
12-10 08:46:02.402 23194 23194 I chatty  : uid=0(root) expire 1 line
12-10 08:46:02.588  2664  2930 I chatty  : uid=0(root) dev_reg_int1 expire 11 lines
12-10 08:46:02.588  2664  2931 I chatty  : uid=0(root) dev_reg_int2 expire 11 lines
12-10 08:46:02.590  2664  2934 I chatty  : uid=0(root) remo_reg_int2 expire 11 lines
12-10 08:46:02.590  2664  2933 I chatty  : uid=0(root) remo_reg_int1 expire 11 lines
12-10 08:46:02.840   846  1096 I chatty  : uid=1000(system) HwBinder:846_1 expire 740 lines
12-10 08:46:03.058  1201  1794 I chatty  : uid=0(root) SDRS Heartbeat expire 52 lines
12-10 08:46:03.125  1660  1758 D CompatibilityChangeReporter: Compat change id reported: 143937733; UID 10025; state: ENABLED
12-10 08:46:03.137  1660  1758 I ActivityManager: Start proc 23248:com.dronescontrol.dronesecure/u0a25 for service {com.dronescontrol.dronesecure/androidx.work.impl.background.systemjob.SystemJobService}
12-10 08:46:03.145   828  2104 I unicore_gps: gps fix cb: ts=03.000 flags=0x17, lat=54.444373, lon=9.830055, alt=72.10, spd=0.23, cog=0.00
12-10 08:46:03.176  1188  1478 I chatty  : uid=0(root) monitor_uav_reg expire 22 lines
12-10 08:46:03.317  1188  1472 I chatty  : uid=0(root) /system/bin/dji_link expire 13 lines
12-10 08:46:03.346 23248 23248 I chatty  : uid=0(root) com.dronescontrol.dronesecure expire 2 lines
12-10 08:46:03.354 23248 23248 I chatty  : uid=10025(com.dronescontrol.dronesecure) expire 38 lines
12-10 08:46:03.430  1660 23181 D CompatibilityInfo: mCompatibilityFlags - 0
12-10 08:46:03.430  1660 23181 D CompatibilityInfo: applicationDensity - 400
12-10 08:46:03.430  1660 23181 D CompatibilityInfo: applicationScale - 1.0
12-10 08:46:03.435  1660 23181 D CompatibilityInfo: mCompatibilityFlags - 0
12-10 08:46:03.435  1660 23181 D CompatibilityInfo: applicationDensity - 400
12-10 08:46:03.435  1660 23181 D CompatibilityInfo: applicationScale - 1.0
12-10 08:46:03.438  1660  1757 D CompatibilityChangeReporter: Compat change id reported: 136219221; UID 10025; state: ENABLED
12-10 08:46:03.440  1660  1757 D CompatibilityInfo: mCompatibilityFlags - 0
12-10 08:46:03.440  1660  1757 D CompatibilityInfo: applicationDensity - 400
12-10 08:46:03.440  1660  1757 D CompatibilityInfo: applicationScale - 1.0
12-10 08:46:03.546  1189  1189 I chatty  : uid=0(root) /system/bin/dji_lte expire 13 lines
12-10 08:46:03.560  1189  1605 I chatty  : uid=0(root) event_task expire 12 lines
12-10 08:46:03.653  1660  1660 W TelecomManager: Telecom Service not found.
12-10 08:46:03.655  1660  1660 D NotificationService: 0|com.dronescontrol.dronesecure|1|null|10025: granting content://settings/system/notification_sound
12-10 08:46:03.657  1660  1660 I chatty  : uid=1000(system) Binder:1660_3 identical 2 lines
12-10 08:46:03.657  1660  1660 D NotificationService: 0|com.dronescontrol.dronesecure|1|null|10025: granting content://settings/system/notification_sound
12-10 08:46:03.660  1660  1660 W NotificationHistory: Attempted to add notif for locked/gone/disabled user 0
12-10 08:46:03.663 12545 12577 I chatty  : uid=0(root) Binder:12545_2 expire 32 lines
12-10 08:46:03.669  2003  2003 D InterruptionStateProvider: No bubble up: not allowed to bubble: 0|com.dronescontrol.dronesecure|1|null|10025
12-10 08:46:03.670  2003  2003 D InterruptionStateProvider: No heads up: unimportant notification: 0|com.dronescontrol.dronesecure|1|null|10025
12-10 08:46:03.713  2003  2003 E StackScroller: Attempting to re-position  view {null}
12-10 08:46:03.964  2003  2534 D McuMgr  : Query Android System Status by MCU. data =  00 01 01 00 ff ff 00
12-10 08:46:03.965  2003  2534 D McuMgr  : Query Android System Status by MCU. data =  00 01 01 00 ff ff 00
12-10 08:46:04.072 23248 23317 I chatty  : uid=10025(com.dronescontrol.dronesecure) expire 5 lines
12-10 08:46:04.148   828  2104 I unicore_gps: gps fix cb: ts=04.000 flags=0x17, lat=54.444371, lon=9.830055, alt=72.40, spd=0.15, cog=0.00
12-10 08:46:04.224 23248 23326 I chatty  : uid=10025(com.dronescontrol.dronesecure) expire 6 lines
12-10 08:46:04.236  1660  1660 D CompatibilityInfo: mCompatibilityFlags - 0
12-10 08:46:04.236  1660  1660 D CompatibilityInfo: applicationDensity - 400
12-10 08:46:04.236  1660  1660 D CompatibilityInfo: applicationScale - 1.0
12-10 08:46:04.247 23248 23329 I chatty  : uid=10025(com.dronescontrol.dronesecure) expire 36 lines
12-10 08:46:04.286 23248 23327 I chatty  : uid=10025(com.dronescontrol.dronesecure) expire 1 line
12-10 08:46:04.316  1660  1886 W TelecomManager: Telecom Service not found.
12-10 08:46:04.318  1660  1886 W TelecomManager: Telecom Service not found.
12-10 08:46:04.343 23248 23335 I chatty  : uid=10025(com.dronescontrol.dronesecure) expire 1 line
12-10 08:46:04.353 23248 23332 I chatty  : uid=10025(com.dronescontrol.dronesecure) expire 23 lines
12-10 08:46:04.368 23248 23328 I chatty  : uid=10025(com.dronescontrol.dronesecure) expire 6 lines
12-10 08:46:04.379 23248 23336 I chatty  : uid=10025(com.dronescontrol.dronesecure) expire 3 lines
12-10 08:46:04.385  1660  1882 D ConnectivityService: NetReassign [no changes]
12-10 08:46:04.396  1188  1429 I chatty  : uid=0(root) rs_event_listen expire 12 lines
12-10 08:46:04.394   829   829 I health@2.1-serv: type=1400 audit(0.0:338684): avc: denied { read } for name="present" dev="sysfs" ino=56857 scontext=u:r:hal_health_default:s0 tcontext=u:object_r:sysfs:s0 tclass=file permissive=1
12-10 08:46:04.394   829   829 I health@2.1-serv: type=1400 audit(0.0:338685): avc: denied { open } for path="/sys/devices/platform/soc/soc:dji_primary_battery/power_supply/aprimary-bat/present" dev="sysfs" ino=56857 scontext=u:r:hal_health_default:s0 tcontext=u:object_r:sysfs:s0 tclass=file permissive=1
12-10 08:46:04.394   829   829 I health@2.1-serv: type=1400 audit(0.0:338686): avc: denied { getattr } for path="/sys/devices/platform/soc/soc:dji_primary_battery/power_supply/aprimary-bat/present" dev="sysfs" ino=56857 scontext=u:r:hal_health_default:s0 tcontext=u:object_r:sysfs:s0 tclass=file permissive=1
12-10 08:46:04.397  1206  1491 I chatty  : uid=0(root) rs_event_listen expire 18 lines
12-10 08:46:04.404  2003  2003 D KeyguardUpdateMonitor: received broadcast android.intent.action.BATTERY_CHANGED
12-10 08:46:04.409  1660  1660 V NotificationAssistants: Not registering ComponentInfo{android.ext.services/android.ext.services.notification.Assistant} is already bound
12-10 08:46:04.417  2003  2003 D KeyguardUpdateMonitor: handleBatteryUpdate
12-10 08:46:04.424 23248 23325 I chatty  : uid=10025(com.dronescontrol.dronesecure) expire 1 line
12-10 08:46:04.456 23248 23345 I chatty  : uid=10025(com.dronescontrol.dronesecure) expire 22 lines
12-10 08:46:04.458  1206  1206 I chatty  : uid=0(root) /system/bin/dji_wlm expire 69 lines
12-10 08:46:04.475 23248 23337 I chatty  : uid=10025(com.dronescontrol.dronesecure) expire 3 lines
12-10 08:46:04.568  1660  1660 W TelecomManager: Telecom Service not found.
12-10 08:46:04.574  2003  2003 D InterruptionStateProvider: No bubble up: not allowed to bubble: 0|com.dronescontrol.dronesecure|1|null|10025
12-10 08:46:04.574  2003  2003 D InterruptionStateProvider: No heads up: unimportant notification: 0|com.dronescontrol.dronesecure|1|null|10025
12-10 08:46:04.575  2003  2003 E StackScroller: Attempting to re-position  view {null}
12-10 08:46:04.921 23248 23342 I chatty  : uid=10025(com.dronescontrol.dronesecure) expire 3 lines
12-10 08:46:04.924 23248 23340 I chatty  : uid=10025(com.dronescontrol.dronesecure) expire 1 line
12-10 08:46:04.940 23248 23332 E AndroidRuntime: FATAL EXCEPTION: DefaultDispatcher-worker-5
12-10 08:46:04.940 23248 23332 E AndroidRuntime: Process: com.dronescontrol.dronesecure, PID: 23248
12-10 08:46:04.940 23248 23332 E AndroidRuntime: java.lang.IllegalStateException: Migration didn't properly handle: DoHEndpoint(com.dronescontrol.dronesecure.database.DoHEndpoint).
12-10 08:46:04.940 23248 23332 E AndroidRuntime:  Expected:
12-10 08:46:04.940 23248 23332 E AndroidRuntime: TableInfo {
12-10 08:46:04.940 23248 23332 E AndroidRuntime:     name = 'DoHEndpoint',
12-10 08:46:04.940 23248 23332 E AndroidRuntime:     columns = {    
12-10 08:46:04.940 23248 23332 E AndroidRuntime:         Column {
12-10 08:46:04.940 23248 23332 E AndroidRuntime:            name = 'dohExplanation',
12-10 08:46:04.940 23248 23332 E AndroidRuntime:            type = 'TEXT',
12-10 08:46:04.940 23248 23332 E AndroidRuntime:            affinity = '2',
12-10 08:46:04.940 23248 23332 E AndroidRuntime:            notNull = 'true',
12-10 08:46:04.940 23248 23332 E AndroidRuntime:            primaryKeyPosition = '0',
12-10 08:46:04.940 23248 23332 E AndroidRuntime:            defaultValue = 'undefined'
12-10 08:46:04.940 23248 23332 E AndroidRuntime:         },
12-10 08:46:04.940 23248 23332 E AndroidRuntime:         Column {
12-10 08:46:04.940 23248 23332 E AndroidRuntime:            name = 'dohName',
12-10 08:46:04.940 23248 23332 E AndroidRuntime:            type = 'TEXT',
12-10 08:46:04.940 23248 23332 E AndroidRuntime:            affinity = '2',
12-10 08:46:04.940 23248 23332 E AndroidRuntime:            notNull = 'true',
12-10 08:46:04.940 23248 23332 E AndroidRuntime:            primaryKeyPosition = '0',
12-10 08:46:04.940 23248 23332 E AndroidRuntime:            defaultValue = 'undefined'
12-10 08:46:04.940 23248 23332 E AndroidRuntime:         },
12-10 08:46:04.940 23248 23332 E AndroidRuntime:         Column {
12-10 08:46:04.940 23248 23332 E AndroidRuntime:            name = 'dohURL',
12-10 08:46:04.940 23248 23332 E AndroidRuntime:            type = 'TEXT',
12-10 08:46:04.940 23248 23332 E AndroidRuntime:            affinity = '2',
12-10 08:46:04.940 23248 23332 E AndroidRuntime:            notNull = 'true',
12-10 08:46:04.940 23248 23332 E AndroidRuntime:            primaryKeyPosition = '0',
12-10 08:46:04.940 23248 23332 E AndroidRuntime:            defaultValue = 'undefined'
12-10 08:46:04.940 23248 23332 E AndroidRuntime:         },
12-10 08:46:04.940 23248 23332 E AndroidRuntime:         Column {
12-10 08:46:04.940 23248 23332 E AndroidRuntime:            name = 'id',
12-10 08:46:04.940 23248 23332 E AndroidRuntime:            type = 'INTEGER',
12-10 08:46:04.940 23248 23332 E AndroidRuntime:            affinity = '3',
12-10 08:46:04.940 23248 23332 E AndroidRuntime:            notNull = 'true',
12-10 08:46:04.940 23248 23332 E AndroidRuntime:            primaryKeyPosition = '1',
12-10 08:46:04.940 23248 23332 E AndroidRuntime:            defaultValue = 'undefined'
12-10 08:46:04.940 23248 23332 E AndroidRuntime:         },
12-10 08:46:04.940 23248 23332 E AndroidRuntime:         Column {
12-10 08:46:04.940 23248 23332 E AndroidRuntime:            name = 'isCustom',
12-10 08:46:04.940 23248 23332 E AndroidRuntime:            type = 'INTEGER',
12-10 08:46:04.940 23248 23332 E AndroidRuntime:            affinity = '3',
12-10 08:46:04.940 23248 23332 E AndroidRuntime:            notNull = 'true',
12-10 08:46:04.940 23248 23332 E AndroidRuntime:            primaryKeyPosition = '0',
12-10 08:46:04.940 23248 23332 E AndroidRuntime:            defaultValue = 'undefined'
12-10 08:46:04.940 23248 23332 E AndroidRuntime:         },
12-10 08:46:04.940 23248 23332 E AndroidRuntime:         Column {
12-10 08:46:04.940 23248 23332 E AndroidRuntime:            name = 'isSecure',
12-10 08:46:04.940 23248 23332 E AndroidRuntime:            type = 'INTEGER',
12-10 08:46:04.940 23248 23332 E AndroidRuntime:            affinity = '3',
12-10 08:46:04.940 23248 23332 E AndroidRuntime:            notNull = 'true',
12-10 08:46:04.940 23248 23332 E AndroidRuntime:            primaryKeyPosition = '0',
12-10 08:46:04.940 23248 23332 E AndroidRuntime:            defaultValue = 'undefined'
12-10 08:46:04.940 23248 23332 E AndroidRuntime:         },
12-10 08:46:04.940 23248 23332 E AndroidRuntime:         Column {
12-10 08:46:04.940 23248 23332 E AndroidRuntime:            name = 'isSelected',
12-10 08:46:04.940 23248 23332 E AndroidRuntime:            type = 'INTEGER',
12-10 08:46:04.940 23248 23332 E AndroidRuntime:            affinity = '3',
12-10 08:46:04.940 23248 23332 E AndroidRuntime:            notNull = 'true',
12-10 08:46:04.940 23248 23332 E AndroidRuntime:            primaryKeyPosition = '0',
12-10 08:46:04.940 23248 23332 E AndroidRuntime:            defaultValue = 'undefined'
12-10 08:46:04.940 23248 23332 E AndroidRuntime:         },
12-10 08:46:04.940 23248 23332 E AndroidRuntime:         Column {
12-10 08:46:04.940 23248 23332 E AndroidRuntime:            name = 'latency',
12-10 08:46:04.940 23248 23332 E AndroidRuntime:            type = 'INTEGER',
12-10 08:46:04.940 23248 23332 E AndroidRuntime:            affinity = '3',
12-10 08:46:04.940 23248 23332 E AndroidRuntime:            notNull = 'true',
12-10 08:46:04.940 23248 23332 E AndroidRuntime:            primaryKeyPosition = '0',
12-10 08:46:04.940 23248 23332 E AndroidRuntime:            defaultValue = 'undefined'
12-10 08:46:04.940 23248 23332 E AndroidRuntime:         },
12-10 08:46:04.940 23248 23332 E AndroidRuntime:         Column {
12-10 08:46:04.940 23248 23332 E AndroidRuntime:            name = 'modifiedDataTime',
12-10 08:46:04.940 23248 23332 E AndroidRuntime:            type = 'INTEGER',
12-10 08:46:04.940 23248 23332 E AndroidRuntime:            affinity = '3',
12-10 08:46:04.940 23248 23332 E AndroidRuntime:            notNull = 'true',
12-10 08:46:04.940 23248 23332 E AndroidRuntime:            primaryKeyPosition = '0',
12-10 08:46:04.940 23248 23332 E AndroidRuntime:            defaultValue = 'undefined'
12-10 08:46:04.940 23248 23332 E AndroidRuntime:         }
12-10 08:46:04.940 23248 23332 E AndroidRuntime:     },
12-10 08:46:04.940 23248 23332 E AndroidRuntime:     foreignKeys = { }
12-10 08:46:04.940 23248 23332 E AndroidRuntime:     indices = { }
12-10 08:46:04.940 23248 23332 E AndroidRuntime: }
12-10 08:46:04.940 23248 23332 E AndroidRuntime:  Found:
12-10 08:46:04.940 23248 23332 E AndroidRuntime: TableInfo {
12-10 08:46:04.940 23248 23332 E AndroidRuntime:     name = 'DoHEndpoint',
12-10 08:46:04.940 23248 23332 E AndroidRuntime:     columns = {    
12-10 08:46:04.940 23248 23332 E AndroidRuntime:         Column {
12-10 08:46:04.940 23248 23332 E AndroidRuntime:            name = 'dohExplanation',
12-10 08:46:04.940 23248 23332 E AndroidRuntime:            type = 'TEXT',
12-10 08:46:04.940 23248 23332 E AndroidRuntime:            affinity = '2',
12-10 08:46:04.940 23248 23332 E AndroidRuntime:            notNull = 'false',
12-10 08:46:04.940 23248 23332 E AndroidRuntime:            primaryKeyPosition = '0',
12-10 08:46:04.940 23248 23332 E AndroidRuntime:            defaultValue = 'undefined'
12-10 08:46:04.940 23248 23332 E AndroidRuntime:         },
12-10 08:46:04.940 23248 23332 E AndroidRuntime:         Column {
12-10 08:46:04.940 23248 23332 E AndroidRuntime:            name = 'dohName',
12-10 08:46:04.940 23248 23332 E AndroidRuntime:            type = 'TEXT',
12-10 08:46:04.940 23248 23332 E AndroidRuntime:            affinity = '2',
12-10 08:46:04.940 23248 23332 E AndroidRuntime:            notNull = 'true',
12-10 08:46:04.940 23248 23332 E AndroidRuntime:            primaryKeyPosition = '0',
12-10 08:46:04.940 23248 23332 E AndroidRuntime:            defaultValue = 'undefined'
12-10 08:46:04.940 23248 23332 E AndroidRuntime:         },
12-10 08:46:04.940 23248 23332 E AndroidRuntime:         Column {
12-10 08:46:04.940 23248 23332 E AndroidRuntime:            name = 'dohURL',
12-10 08:46:04.940 23248 23332 E AndroidRuntime:            type = 'TEXT',
12-10 08:46:04.940 23248 23332 E AndroidRuntime:            affinity = '2',
12-10 08:46:04.940 23248 23332 E AndroidRuntime:            notNull = 'true',
12-10 08:46:04.940 23248 23332 E AndroidRuntime:            primaryKeyPosition = '0',
12-10 08:46:04.940 23248 23332 E AndroidRuntime:            defaultValue = 'undefined'
12-10 08:46:04.940 23248 23332 E AndroidRuntime:         },
12-10 08:46:04.940 23248 23332 E AndroidRuntime:         Column {
12-10 08:46:04.940 23248 23332 E AndroidRuntime:            name = 'id',
12-10 08:46:04.940 23248 23332 E AndroidRuntime:            type = 'INTEGER',
12-10 08:46:04.940 23248 23332 E AndroidRuntime:            affinity = '3',
12-10 08:46:04.940 23248 23332 E AndroidRuntime:            notNull = 'true',
12-10 08:46:04.940 23248 23332 E AndroidRuntime:            primaryKeyPosition = '1',
12-10 08:46:04.940 23248 23332 E AndroidRuntime:            defaultValue = 'undefined'
12-10 08:46:04.940 23248 23332 E AndroidRuntime:         },
12-10 08:46:04.940 23248 23332 E AndroidRuntime:         Column {
12-10 08:46:04.940 23248 23332 E AndroidRuntime:            name = 'isCustom',
12-10 08:46:04.940 23248 23332 E AndroidRuntime:            type = 'INTEGER',
12-10 08:46:04.940 23248 23332 E AndroidRuntime:            affinity = '3',
12-10 08:46:04.940 23248 23332 E AndroidRuntime:            notNull = 'true',
12-10 08:46:04.940 23248 23332 E AndroidRuntime:            primaryKeyPosition = '0',
12-10 08:46:04.940 23248 23332 E AndroidRuntime:            defaultValue = 'undefined'
12-10 08:46:04.940 23248 23332 E AndroidRuntime:         },
12-10 08:46:04.940 23248 23332 E AndroidRuntime:         Column {
12-10 08:46:04.940 23248 23332 E AndroidRuntime:            name = 'isSecure',
12-10 08:46:04.940 23248 23332 E AndroidRuntime:            type = 'INTEGER',
12-10 08:46:04.940 23248 23332 E AndroidRuntime:            affinity = '3',
12-10 08:46:04.940 23248 23332 E AndroidRuntime:            notNull = 'true',
12-10 08:46:04.940 23248 23332 E AndroidRuntime:            primaryKeyPosition = '0',
12-10 08:46:04.940 23248 23332 E AndroidRuntime:            defaultValue = '1'
12-10 08:46:04.940 23248 23332 E AndroidRuntime:         },
12-10 08:46:04.940 23248 23332 E AndroidRuntime:         Column {
12-10 08:46:04.940 23248 23332 E AndroidRuntime:            name = 'isSelected',
12-10 08:46:04.940 23248 23332 E AndroidRuntime:            type = 'INTEGER',
12-10 08:46:04.940 23248 23332 E AndroidRuntime:            affinity = '3',
12-10 08:46:04.940 23248 23332 E AndroidRuntime:            notNull = 'true',
12-10 08:46:04.940 23248 23332 E AndroidRuntime:            primaryKeyPosition = '0',
12-10 08:46:04.940 23248 23332 E AndroidRuntime:            defaultValue = 'undefined'
12-10 08:46:04.940 23248 23332 E AndroidRuntime:         },
12-10 08:46:04.940 23248 23332 E AndroidRuntime:         Column {
12-10 08:46:04.940 23248 23332 E AndroidRuntime:            name = 'latency',
12-10 08:46:04.940 23248 23332 E AndroidRuntime:            type = 'INTEGER',
12-10 08:46:04.940 23248 23332 E AndroidRuntime:            affinity = '3',
12-10 08:46:04.940 23248 23332 E AndroidRuntime:            notNull = 'true',
12-10 08:46:04.941 23248 23332 E AndroidRuntime:            primaryKeyPosition = '0',
12-10 08:46:04.941 23248 23332 E AndroidRuntime:            defaultValue = 'undefined'
12-10 08:46:04.941 23248 23332 E AndroidRuntime:         },
12-10 08:46:04.941 23248 23332 E AndroidRuntime:         Column {
12-10 08:46:04.941 23248 23332 E AndroidRuntime:            name = 'modifiedDataTime',
12-10 08:46:04.941 23248 23332 E AndroidRuntime:            type = 'INTEGER',
12-10 08:46:04.941 23248 23332 E AndroidRuntime:            affinity = '3',
12-10 08:46:04.941 23248 23332 E AndroidRuntime:            notNull = 'true',
12-10 08:46:04.941 23248 23332 E AndroidRuntime:            primaryKeyPosition = '0',
12-10 08:46:04.941 23248 23332 E AndroidRuntime:            defaultValue = 'undefined'
12-10 08:46:04.941 23248 23332 E AndroidRuntime:         }
12-10 08:46:04.941 23248 23332 E AndroidRuntime:     },
12-10 08:46:04.941 23248 23332 E AndroidRuntime:     foreignKeys = { }
12-10 08:46:04.941 23248 23332 E AndroidRuntime:     indices = { }
12-10 08:46:04.941 23248 23332 E AndroidRuntime: }
12-10 08:46:04.941 23248 23332 E AndroidRuntime: 	at androidx.room.BaseRoomConnectionManager.onMigrate(RoomConnectionManager.kt:215)
12-10 08:46:04.941 23248 23332 E AndroidRuntime: 	at androidx.room.RoomConnectionManager$SupportOpenHelperCallback.onUpgrade(RoomConnectionManager.android.kt:163)
12-10 08:46:04.941 23248 23332 E AndroidRuntime: 	at androidx.sqlite.db.framework.FrameworkSQLiteOpenHelper$OpenHelper.onUpgrade(FrameworkSQLiteOpenHelper.android.kt:245)
12-10 08:46:04.941 23248 23332 E AndroidRuntime: 	at android.database.sqlite.SQLiteOpenHelper.getDatabaseLocked(SQLiteOpenHelper.java:416)
12-10 08:46:04.941 23248 23332 E AndroidRuntime: 	at android.database.sqlite.SQLiteOpenHelper.getWritableDatabase(SQLiteOpenHelper.java:316)
12-10 08:46:04.941 23248 23332 E AndroidRuntime: 	at androidx.sqlite.db.framework.FrameworkSQLiteOpenHelper$OpenHelper.getWritableOrReadableDatabase(FrameworkSQLiteOpenHelper.android.kt:224)
12-10 08:46:04.941 23248 23332 E AndroidRuntime: 	at androidx.sqlite.db.framework.FrameworkSQLiteOpenHelper$OpenHelper.innerGetDatabase(FrameworkSQLiteOpenHelper.android.kt:180)
12-10 08:46:04.941 23248 23332 E AndroidRuntime: 	at androidx.sqlite.db.framework.FrameworkSQLiteOpenHelper$OpenHelper.getSupportDatabase(FrameworkSQLiteOpenHelper.android.kt:141)
12-10 08:46:04.941 23248 23332 E AndroidRuntime: 	at androidx.sqlite.db.framework.FrameworkSQLiteOpenHelper.getWritableDatabase(FrameworkSQLiteOpenHelper.android.kt:96)
12-10 08:46:04.941 23248 23332 E AndroidRuntime: 	at androidx.room.support.PrePackagedCopyOpenHelper.getWritableDatabase(PrePackagedCopyOpenHelper.android.kt:67)
12-10 08:46:04.941 23248 23332 E AndroidRuntime: 	at androidx.sqlite.driver.SupportSQLiteDriver.open(SupportSQLiteDriver.android.kt:57)
12-10 08:46:04.941 23248 23332 E AndroidRuntime: 	at androidx.sqlite.driver.SupportSQLiteDriver.open(SupportSQLiteDriver.android.kt:33)
12-10 08:46:04.941 23248 23332 E AndroidRuntime: 	at androidx.room.coroutines.PassthroughConnectionPool.connection$lambda$0(PassthroughConnectionPool.kt:47)
12-10 08:46:04.941 23248 23332 E AndroidRuntime: 	at androidx.room.coroutines.PassthroughConnectionPool.$r8$lambda$5PfN97KPsXXXOapSC9IzcedL70w(Unknown Source:0)
12-10 08:46:04.941 23248 23332 E AndroidRuntime: 	at androidx.room.coroutines.PassthroughConnectionPool$$ExternalSyntheticLambda0.invoke(D8$$SyntheticClass:0)
12-10 08:46:04.941 23248 23332 E AndroidRuntime: 	at kotlin.SynchronizedLazyImpl.getValue(LazyJVM.kt:86)
12-10 08:46:04.941 23248 23332 E AndroidRuntime: 	at androidx.room.coroutines.PassthroughConnectionPool.useConnection(PassthroughConnectionPool.kt:58)
12-10 08:46:04.941 23248 23332 E AndroidRuntime: 	at androidx.room.RoomConnectionManager.useConnection(RoomConnectionManager.android.kt:136)
12-10 08:46:04.941 23248 23332 E AndroidRuntime: 	at androidx.room.RoomDatabase.useConnection(RoomDatabase.android.kt:619)
12-10 08:46:04.941 23248 23332 E AndroidRuntime: 	at androidx.room.util.DBUtil__DBUtil_androidKt$performBlocking$1$1.invokeSuspend(DBUtil.android.kt:260)
12-10 08:46:04.941 23248 23332 E AndroidRuntime: 	at androidx.room.util.DBUtil__DBUtil_androidKt$performBlocking$1$1.invoke(Unknown Source:8)
12-10 08:46:04.941 23248 23332 E AndroidRuntime: 	at androidx.room.util.DBUtil__DBUtil_androidKt$performBlocking$1$1.invoke(Unknown Source:4)
12-10 08:46:04.941 23248 23332 E AndroidRuntime: 	at kotlinx.coroutines.intrinsics.UndispatchedKt.startUndspatched(Undispatched.kt:66)
12-10 08:46:04.941 23248 23332 E AndroidRuntime: 	at kotlinx.coroutines.intrinsics.UndispatchedKt.startUndispatchedOrReturn(Undispatched.kt:43)
12-10 08:46:04.941 23248 23332 E AndroidRuntime: 	at kotlinx.coroutines.BuildersKt__Builders_commonKt.withContext(Builders.common.kt:157)
12-10 08:46:04.941 23248 23332 E AndroidRuntime: 	at kotlinx.coroutines.BuildersKt.withContext(Unknown Source:1)
12-10 08:46:04.941 23248 23332 E AndroidRuntime: 	at androidx.room.util.DBUtil__DBUtil_androidKt$performBlocking$1.invokeSuspend(DBUtil.android.kt:72)
12-10 08:46:04.941 23248 23332 E AndroidRuntime: 	at androidx.room.util.DBUtil__DBUtil_androidKt$performBlocking$1.invoke(Unknown Source:8)
12-10 08:46:04.941 23248 23332 E AndroidRuntime: 	at androidx.room.util.DBUtil__DBUtil_androidKt$performBlocking$1.invoke(Unknown Source:4)
12-10 08:46:04.941 23248 23332 E AndroidRuntime: 	at androidx.room.coroutines.RunBlockingUninterruptible_androidKt$runBlockingUninterruptible$1$1.invokeSuspend(RunBlockingUninterruptible.android.kt:52)
12-10 08:46:04.941 23248 23332 E AndroidRuntime: 	at androidx.room.coroutines.RunBlockingUninterruptible_androidKt$runBlockingUninterruptible$1$1.invoke(Unknown Source:8)
12-10 08:46:04.941 23248 23332 E AndroidRuntime: 	at androidx.room.coroutines.RunBlockingUninterruptible_androidKt$runBlockingUninterruptible$1$1.invoke(Unknown Source:4)
12-10 08:46:04.941 23248 23332 E AndroidRuntime: 	at kotlinx.coroutines.intrinsics.UndispatchedKt.startCoroutineUndispatched(Undispatched.kt:20)
12-10 08:46:04.941 23248 23332 E AndroidRuntime: 	at kotlinx.coroutines.CoroutineStart.invoke(CoroutineStart.kt:360)
12-10 08:46:04.941 23248 23332 E AndroidRuntime: 	at kotlinx.coroutines.AbstractCoroutine.start(AbstractCoroutine.kt:134)
12-10 08:46:04.941 23248 23332 E AndroidRuntime: 	at kotlinx.coroutines.BuildersKt__Builders_commonKt.launch(Builders.common.kt:53)
12-10 08:46:04.941 23248 23332 E AndroidRuntime: 	at kotlinx.coroutines.BuildersKt.launch(Unknown Source:1)
12-10 08:46:04.941 23248 23332 E AndroidRuntime: 	at androidx.room.coroutines.RunBlockingUninterruptible_androidKt$runBlockingUninterruptible$1.invokeSuspend(RunBlockingUninterruptible.android.kt:51)
12-10 08:46:04.941 23248 23332 E AndroidRuntime: 	at kotlin.coroutines.jvm.internal.BaseContinuationImpl.resumeWith(ContinuationImpl.kt:34)
12-10 08:46:04.941 23248 23332 E AndroidRuntime: 	at kotlinx.coroutines.DispatchedTask.run(DispatchedTask.kt:100)
12-10 08:46:04.941 23248 23332 E AndroidRuntime: 	at kotlinx.coroutines.EventLoopImplBase.processNextEvent(EventLoop.common.kt:263)
12-10 08:46:04.941 23248 23332 E AndroidRuntime: 	at kotlinx.coroutines.BlockingCoroutine.joinBlocking(Builders.kt:94)
12-10 08:46:04.941 23248 23332 E AndroidRuntime: 	at kotlinx.coroutines.BuildersKt__BuildersKt.runBlocking(Builders.kt:70)
12-10 08:46:04.941 23248 23332 E AndroidRuntime: 	at kotlinx.coroutines.BuildersKt.runBlocking(Unknown Source:1)
12-10 08:46:04.941 23248 23332 E AndroidRuntime: 	at kotlinx.coroutines.BuildersKt__BuildersKt.runBlocking$default(Builders.kt:48)
12-10 08:46:04.941 23248 23332 E AndroidRuntime: 	at kotlinx.coroutines.BuildersKt.runBlocking$default(Unknown Source:1)
12-10 08:46:04.941 23248 23332 E AndroidRuntime: 	at androidx.room.coroutines.RunBlockingUninterruptible_androidKt.runBlockingUninterruptible(RunBlockingUninterruptible.android.kt:45)
12-10 08:46:04.941 23248 23332 E AndroidRuntime: 	at androidx.room.util.DBUtil__DBUtil_androidKt.performBlocking(DBUtil.android.kt:71)
12-10 08:46:04.941 23248 23332 E AndroidRuntime: 	at androidx.room.util.DBUtil.performBlocking(Unknown Source:1)
12-10 08:46:04.941 23248 23332 E AndroidRuntime: 	at com.dronescontrol.dronesecure.database.AppInfoDAO_Impl.getAllAppDetails(AppInfoDAO_Impl.kt:199)
12-10 08:46:04.941 23248 23332 E AndroidRuntime: 	at com.dronescontrol.dronesecure.database.AppInfoRepository.getAppInfo(AppInfoRepository.kt:75)
12-10 08:46:04.941 23248 23332 E AndroidRuntime: 	at com.dronescontrol.dronesecure.service.FirewallManager.load(FirewallManager.kt:565)
12-10 08:46:04.941 23248 23332 E AndroidRuntime: 	at com.dronescontrol.dronesecure.service.FirewallManager$1.invokeSuspend(FirewallManager.kt:257)
12-10 08:46:04.941 23248 23332 E AndroidRuntime: 	at com.dronescontrol.dronesecure.service.FirewallManager$1.invoke(Unknown Source:8)
12-10 08:46:04.941 23248 23332 E AndroidRuntime: 	at com.dronescontrol.dronesecure.service.FirewallManager$1.invoke(Unknown Source:2)
12-10 08:46:04.941 23248 23332 E AndroidRuntime: 	at com.dronescontrol.dronesecure.service.FirewallManager$io$1.invokeSuspend(FirewallManager.kt:755)
12-10 08:46:04.941 23248 23332 E AndroidRuntime: 	at kotlin.coroutines.jvm.internal.BaseContinuationImpl.resumeWith(ContinuationImpl.kt:34)
12-10 08:46:04.941 23248 23332 E AndroidRuntime: 	at kotlinx.coroutines.DispatchedTask.run(DispatchedTask.kt:100)
12-10 08:46:04.941 23248 23332 E AndroidRuntime: 	at kotlinx.coroutines.internal.LimitedDispatcher$Worker.run(LimitedDispatcher.kt:124)
12-10 08:46:04.941 23248 23332 E AndroidRuntime: 	at kotlinx.coroutines.scheduling.TaskImpl.run(Tasks.kt:89)
12-10 08:46:04.941 23248 23332 E AndroidRuntime: 	at kotlinx.coroutines.scheduling.CoroutineScheduler.runSafely(CoroutineScheduler.kt:586)
12-10 08:46:04.941 23248 23332 E AndroidRuntime: 	at kotlinx.coroutines.scheduling.CoroutineScheduler$Worker.executeTask(CoroutineScheduler.kt:820)
12-10 08:46:04.941 23248 23332 E AndroidRuntime: 	at kotlinx.coroutines.scheduling.CoroutineScheduler$Worker.runWorker(CoroutineScheduler.kt:717)
12-10 08:46:04.941 23248 23332 E AndroidRuntime: 	at kotlinx.coroutines.scheduling.CoroutineScheduler$Worker.run(CoroutineScheduler.kt:704)
12-10 08:46:04.941 23248 23332 E AndroidRuntime: 	Suppressed: kotlinx.coroutines.internal.DiagnosticCoroutineContextException: [StandaloneCoroutine{Cancelling}@85aa507, Dispatchers.IO]
12-10 08:46:04.946  1660 23365 I DropBoxManagerService: add tag=data_app_crash isTagEnabled=true flags=0x2
12-10 08:46:04.962  1660  3869 D ConnectivityService: ConnectivityService NetworkRequestInfo binderDied(NetworkRequest [ LISTEN id=31, [ Transports: CELLULAR|WIFI|ETHERNET|VPN Capabilities: INTERNET Uid: 10025 AdministratorUids: [] RequestorUid: 10025 RequestorPackageName: com.dronescontrol.dronesecure] ], android.os.BinderProxy@f7a625a)
12-10 08:46:04.978  1660  1660 W ActivityManager: Exception when unbinding service com.dronescontrol.dronesecure/androidx.work.impl.background.systemjob.SystemJobService
12-10 08:46:04.978  1660  1660 W ActivityManager: android.os.DeadObjectException
12-10 08:46:04.978  1660  1660 W ActivityManager: 	at android.os.BinderProxy.transactNative(Native Method)
12-10 08:46:04.978  1660  1660 W ActivityManager: 	at android.os.BinderProxy.transact(BinderProxy.java:550)
12-10 08:46:04.978  1660  1660 W ActivityManager: 	at android.app.IApplicationThread$Stub$Proxy.scheduleUnbindService(IApplicationThread.java:1646)
12-10 08:46:04.978  1660  1660 W ActivityManager: 	at com.android.server.am.ActiveServices.removeConnectionLocked(ActiveServices.java:3790)
12-10 08:46:04.978  1660  1660 W ActivityManager: 	at com.android.server.am.ActiveServices.unbindServiceLocked(ActiveServices.java:2417)
12-10 08:46:04.978  1660  1660 W ActivityManager: 	at com.android.server.am.ActivityManagerService.unbindService(ActivityManagerService.java:15383)
12-10 08:46:04.978  1660  1660 W ActivityManager: 	at android.app.ContextImpl.unbindService(ContextImpl.java:1886)
12-10 08:46:04.978  1660  1660 W ActivityManager: 	at com.android.server.job.JobServiceContext.closeAndCleanupJobLocked(JobServiceContext.java:816)
12-10 08:46:04.978  1660  1660 W ActivityManager: 	at com.android.server.job.JobServiceContext.onServiceDisconnected(JobServiceContext.java:473)
12-10 08:46:04.978  1660  1660 W ActivityManager: 	at android.app.LoadedApk$ServiceDispatcher.doDeath(LoadedApk.java:2001)
12-10 08:46:04.978  1660  1660 W ActivityManager: 	at android.app.LoadedApk$ServiceDispatcher$RunConnection.run(LoadedApk.java:2016)
12-10 08:46:04.978  1660  1660 W ActivityManager: 	at android.os.Handler.handleCallback(Handler.java:938)
12-10 08:46:04.978  1660  1660 W ActivityManager: 	at android.os.Handler.dispatchMessage(Handler.java:99)
12-10 08:46:04.978  1660  1660 W ActivityManager: 	at android.os.Looper.loop(Looper.java:223)
12-10 08:46:04.978  1660  1660 W ActivityManager: 	at com.android.server.SystemServer.run(SystemServer.java:639)
12-10 08:46:04.978  1660  1660 W ActivityManager: 	at com.android.server.SystemServer.main(SystemServer.java:423)
12-10 08:46:04.978  1660  1660 W ActivityManager: 	at java.lang.reflect.Method.invoke(Native Method)
12-10 08:46:04.978  1660  1660 W ActivityManager: 	at com.android.internal.os.RuntimeInit$MethodAndArgsCaller.run(RuntimeInit.java:619)
12-10 08:46:04.978  1660  1660 W ActivityManager: 	at com.android.internal.os.ZygoteInit.main(ZygoteInit.java:962)
12-10 08:46:04.980  1660  2174 I ActivityManager: Process com.dronescontrol.dronesecure (pid 23248) has died: prcp FGS 
12-10 08:46:04.980  1660  1759 I libprocessgroup: Successfully killed process cgroup uid 10025 pid 23248 in 0ms
12-10 08:46:04.981  1660  2174 E system_server: No implementation found for int com.qualcomm.qti.Performance.native_perf_hint(int, java.lang.String, int, int) (tried Java_com_qualcomm_qti_Performance_native_1perf_1hint and Java_com_qualcomm_qti_Performance_native_1perf_1hint__ILjava_lang_String_2II)
12-10 08:46:04.982  1660  2174 E BoostFramework: Exception java.lang.reflect.InvocationTargetException
12-10 08:46:04.983  1660  2174 W ActivityManager: Scheduling restart of crashed service com.dronescontrol.dronesecure/.service.BraveVPNService in 3600000ms for start-requested
12-10 08:46:04.991  1660  1660 W TelecomManager: Telecom Service not found.
12-10 08:46:04.996  2195  2845 I ReactNativeJNI: Memory warning (pressure level: TRIM_MEMORY_RUNNING_LOW) received by JS VM, ignoring because it's non-severe
12-10 08:46:05.144   828  2104 I unicore_gps: gps fix cb: ts=05.000 flags=0x17, lat=54.444369, lon=9.830056, alt=72.50, spd=0.27, cog=0.00
12-10 08:46:05.240  1188 12363 I chatty  : uid=0(root) bulk_router_tas expire 176 lines
12-10 08:46:05.411  1206  1510 I chatty  : uid=0(root) ability_nego_ta expire 24 lines
12-10 08:46:05.410 23409 23409 I chatty  : uid=0(root) /system/bin/sh expire 5 lines
12-10 08:46:06.144   828  2104 I unicore_gps: gps fix cb: ts=06.000 flags=0x17, lat=54.444367, lon=9.830059, alt=72.40, spd=0.20, cog=0.00
12-10 08:46:06.474  1188  1188 I chatty  : uid=0(root) /system/bin/dji_link expire 29 lines
12-10 08:46:06.911 12545 23470 I chatty  : uid=0(root) main expire 2 lines
12-10 08:46:07.145   828  2104 I unicore_gps: gps fix cb: ts=07.000 flags=0x17, lat=54.444366, lon=9.830062, alt=72.40, spd=0.24, cog=0.00
12-10 08:46:07.974 23488 23488 I chatty  : uid=0(root) expire 2 lines
12-10 08:46:08.144   828  2104 I unicore_gps: gps fix cb: ts=08.000 flags=0x17, lat=54.444364, lon=9.830062, alt=72.50, spd=0.08, cog=0.00
12-10 08:46:08.667  2003  2003 E StackScroller: Attempting to re-position  view {null}
12-10 08:46:08.970  2003  2534 D McuMgr  : Query Android System Status by MCU. data =  00 01 01 00 ff ff 00
12-10 08:46:09.145   828  2104 I unicore_gps: gps fix cb: ts=09.000 flags=0x17, lat=54.444364, lon=9.830061, alt=72.20, spd=0.08, cog=0.00
12-10 08:46:09.534 23576 23576 I chatty  : uid=0(root) busybox expire 3 lines
12-10 08:46:10.146   828  2104 I unicore_gps: gps fix cb: ts=10.000 flags=0x17, lat=54.444364, lon=9.830060, alt=72.30, spd=0.08, cog=0.00
12-10 08:46:10.642 23592 23592 I chatty  : uid=0(root) expire 1 line
12-10 08:46:11.145   828  2104 I unicore_gps: gps fix cb: ts=11.000 flags=0x17, lat=54.444363, lon=9.830058, alt=72.10, spd=0.08, cog=0.00
12-10 08:46:11.922 12545 23637 I chatty  : uid=0(root) main expire 2 lines
12-10 08:46:11.918 12545 12545 I chatty  : uid=0(root) main expire 8 lines
12-10 08:46:12.050 23651 23651 I chatty  : uid=0(root) df expire 1 line
12-10 08:46:12.145   828  2104 I unicore_gps: gps fix cb: ts=12.000 flags=0x17, lat=54.444363, lon=9.830056, alt=71.90, spd=0.05, cog=0.00
12-10 08:46:12.216  2723  2723 I chatty  : uid=0(root) logwrapper expire 15 lines
12-10 08:46:12.264  2725  2725 I chatty  : uid=0(root) logwrapper expire 22 lines
12-10 08:46:12.656  1188  1459 I chatty  : uid=0(root) event_task expire 15 lines
12-10 08:46:12.986 23695 23695 I chatty  : uid=0(root) /apex/com.android.adbd/bin/adbd expire 1 line
12-10 08:46:13.145   828  2104 I unicore_gps: gps fix cb: ts=13.000 flags=0x17, lat=54.444361, lon=9.830053, alt=72.00, spd=0.31, cog=0.00
12-10 08:46:13.150  1188  1482 I chatty  : uid=0(root) pm_cfg_task expire 72 lines
12-10 08:46:13.150  1201  1610 I chatty  : uid=0(root) pm_cfg_task expire 72 lines
12-10 08:46:13.588  2664  2930 I chatty  : uid=0(root) dev_reg_int1 expire 14 lines
12-10 08:46:13.588  2664  2931 I chatty  : uid=0(root) dev_reg_int2 expire 14 lines
12-10 08:46:13.589  2664  2933 I chatty  : uid=0(root) remo_reg_int1 expire 14 lines
12-10 08:46:13.589  2664  2934 I chatty  : uid=0(root) remo_reg_int2 expire 14 lines
12-10 08:46:13.976  2003  2534 D McuMgr  : Query Android System Status by MCU. data =  00 01 01 00 ff ff 00
12-10 08:46:14.082  2664  2664 I chatty  : uid=0(root) /system/bin/dji_upgrade expire 4 lines
12-10 08:46:14.144   828  2104 I unicore_gps: gps fix cb: ts=14.000 flags=0x17, lat=54.444360, lon=9.830047, alt=71.60, spd=0.21, cog=0.00
12-10 08:46:14.336  1188  2082 I chatty  : uid=0(root) dji_video_recv_ expire 13 lines
12-10 08:46:14.340  1188  2088 I chatty  : uid=0(root) dji_video_recv_ expire 13 lines
12-10 08:46:14.588  2664  2936 I chatty  : uid=0(root) upgrade_device_ expire 1 line
12-10 08:46:14.590  2664  2935 I chatty  : uid=0(root) remote_reg_all expire 1 line
12-10 08:46:14.643  2003  2003 D KeyguardUpdateMonitor: received broadcast android.intent.action.BATTERY_CHANGED
12-10 08:46:14.655  2003  2003 D KeyguardUpdateMonitor: handleBatteryUpdate
12-10 08:46:14.718 23766 23766 I chatty  : uid=0(root) expire 2 lines
12-10 08:46:15.146   828  2104 I unicore_gps: gps fix cb: ts=15.000 flags=0x17, lat=54.444360, lon=9.830046, alt=71.20, spd=0.14, cog=0.00
12-10 08:46:15.613  1206  1508 I chatty  : uid=0(root) link_state_mgr expire 59 lines
12-10 08:46:15.710  1188  1450 I chatty  : uid=0(root) wl_router_task expire 48 lines
12-10 08:46:15.804  1188  1408 I chatty  : uid=0(root) Thread_Monitor_ expire 188 lines
12-10 08:46:15.827  1189  1601 I chatty  : uid=0(root) MB_WL_Receiver expire 10 lines
12-10 08:46:15.871   846  1096 I chatty  : uid=1000(system) HwBinder:846_1 expire 589 lines
12-10 08:46:16.093  1201  1794 I chatty  : uid=0(root) SDRS Heartbeat expire 44 lines
12-10 08:46:16.146   828  2104 I unicore_gps: gps fix cb: ts=16.000 flags=0x17, lat=54.444360, lon=9.830049, alt=70.90, spd=0.21, cog=0.00
12-10 08:46:16.178  1188  1478 I chatty  : uid=0(root) monitor_uav_reg expire 20 lines
12-10 08:46:16.211  1660  1670 W System  : A resource failed to call release. 
12-10 08:46:16.213  1660  1670 I chatty  : uid=1000(system) FinalizerDaemon identical 6 lines
12-10 08:46:16.213  1660  1670 W System  : A resource failed to call release. 
12-10 08:46:16.214  1660  1670 W System  : A resource failed to call release. 
12-10 08:46:16.214  1660  1670 W System  : A resource failed to call release. 
12-10 08:46:16.241  1188 12363 I chatty  : uid=0(root) bulk_router_tas expire 184 lines
12-10 08:46:16.926  2916  2916 I chatty  : uid=0(root) /apex/com.android.adbd/bin/adbd expire 9 lines
12-10 08:46:16.931 12545 23863 I chatty  : uid=0(root) main expire 2 lines
12-10 08:46:17.144   828  2104 I unicore_gps: gps fix cb: ts=17.000 flags=0x17, lat=54.444360, lon=9.830052, alt=70.50, spd=0.03, cog=0.00
12-10 08:46:17.413  1206  1510 I chatty  : uid=0(root) ability_nego_ta expire 32 lines
12-10 08:46:17.738  1188  1188 I chatty  : uid=0(root) /system/bin/dji_link expire 32 lines
12-10 08:46:18.145   828  2104 I unicore_gps: gps fix cb: ts=18.000 flags=0x17, lat=54.444360, lon=9.830054, alt=70.40, spd=0.17, cog=0.00
12-10 08:46:18.786  2757  2757 I chatty  : uid=0(root) memory_monitor. expire 2 lines
12-10 08:46:18.798 23929 23929 I chatty  : uid=0(root) expire 2 lines
12-10 08:46:18.846 23934 23934 I chatty  : uid=0(root) df expire 1 line
12-10 08:46:18.980  2003  2534 D McuMgr  : Query Android System Status by MCU. data =  00 01 01 00 ff ff 00
12-10 08:46:19.145   828  2104 I unicore_gps: gps fix cb: ts=19.000 flags=0x17, lat=54.444358, lon=9.830059, alt=70.10, spd=0.48, cog=0.00
12-10 08:46:19.240  1189  1600 I chatty  : uid=0(root) wl_router_task expire 3 lines
12-10 08:46:19.756  1206  1491 I chatty  : uid=0(root) rs_event_listen expire 21 lines
12-10 08:46:19.756  1188  1429 I chatty  : uid=0(root) rs_event_listen expire 14 lines
12-10 08:46:19.792  1188 12364 I chatty  : uid=0(root) MB_BULK_Receive expire 1 line
12-10 08:46:20.070 23973 23973 I chatty  : uid=0(root) busybox expire 3 lines
12-10 08:46:20.146   828  2104 I unicore_gps: gps fix cb: ts=20.000 flags=0x17, lat=54.444357, lon=9.830063, alt=69.90, spd=0.09, cog=0.00
12-10 08:46:20.834   598   598 I Binder:598_2: type=1400 audit(0.0:340674): avc: denied { read } for name="wakeup28" dev="sysfs" ino=69801 scontext=u:r:system_suspend:s0 tcontext=u:object_r:sysfs:s0 tclass=dir permissive=1
12-10 08:46:20.834   598   598 I Binder:598_2: type=1400 audit(0.0:340675): avc: denied { open } for path="/sys/devices/platform/soc/aab0000.qcom,venus/subsys4/wakeup/wakeup28" dev="sysfs" ino=69801 scontext=u:r:system_suspend:s0 tcontext=u:object_r:sysfs:s0 tclass=dir permissive=1
12-10 08:46:20.834   598   598 I Binder:598_2: type=1400 audit(0.0:340676): avc: denied { read } for name="event_count" dev="sysfs" ino=69808 scontext=u:r:system_suspend:s0 tcontext=u:object_r:sysfs:s0 tclass=file permissive=1
12-10 08:46:20.834   598   598 I Binder:598_2: type=1400 audit(0.0:340677): avc: denied { open } for path="/sys/devices/platform/soc/aab0000.qcom,venus/subsys4/wakeup/wakeup28/event_count" dev="sysfs" ino=69808 scontext=u:r:system_suspend:s0 tcontext=u:object_r:sysfs:s0 tclass=file permissive=1
12-10 08:46:21.145   828  2104 I unicore_gps: gps fix cb: ts=21.000 flags=0x17, lat=54.444357, lon=9.830062, alt=69.50, spd=0.21, cog=0.00
12-10 08:46:22.047 12545 24076 I chatty  : uid=0(root) main expire 2 lines
12-10 08:46:22.145   828  2104 I unicore_gps: gps fix cb: ts=22.000 flags=0x17, lat=54.444359, lon=9.830058, alt=69.30, spd=0.24, cog=0.00
12-10 08:46:22.878 24093 24093 I chatty  : uid=0(root) expire 2 lines
12-10 08:46:22.926 24098 24098 I chatty  : uid=0(root) df expire 1 line
12-10 08:46:23.145   828  2104 I unicore_gps: gps fix cb: ts=23.000 flags=0x17, lat=54.444361, lon=9.830057, alt=69.30, spd=0.15, cog=0.00
12-10 08:46:23.992  2003  2534 D McuMgr  : Query Android System Status by MCU. data =  00 01 01 00 ff ff 00
12-10 08:46:24.059 12545 24139 I chatty  : uid=0(root) main expire 3 lines
12-10 08:46:24.145   828  2104 I unicore_gps: gps fix cb: ts=24.000 flags=0x17, lat=54.444363, lon=9.830060, alt=69.40, spd=0.19, cog=0.00
12-10 08:46:24.882  2003  2003 D KeyguardUpdateMonitor: received broadcast android.intent.action.BATTERY_CHANGED
12-10 08:46:24.894  2003  2003 D KeyguardUpdateMonitor: handleBatteryUpdate
12-10 08:46:24.962  1443  1443 I chatty  : uid=0(root) /system/bin/dji_blackbox expire 5 lines
12-10 08:46:25.147   828  2104 I unicore_gps: gps fix cb: ts=25.000 flags=0x17, lat=54.444362, lon=9.830062, alt=69.50, spd=0.19, cog=0.00
12-10 08:46:26.147   828  2104 I unicore_gps: gps fix cb: ts=26.000 flags=0x17, lat=54.444362, lon=9.830062, alt=69.90, spd=0.20, cog=0.00
12-10 08:46:26.162   846  1096 I chatty  : uid=1000(system) HwBinder:846_1 expire 572 lines
12-10 08:46:27.002 24268 24268 I chatty  : uid=0(root) df expire 2 lines
12-10 08:46:27.060 12545 24283 I chatty  : uid=0(root) main expire 2 lines
12-10 08:46:27.117  1201  1794 I chatty  : uid=0(root) SDRS Heartbeat expire 40 lines
12-10 08:46:27.146   828  2104 I unicore_gps: gps fix cb: ts=27.000 flags=0x17, lat=54.444362, lon=9.830060, alt=70.50, spd=0.25, cog=0.00
12-10 08:46:27.214  2725  2725 I chatty  : uid=0(root) logwrapper expire 16 lines
12-10 08:46:27.423  1206  1508 I chatty  : uid=0(root) link_state_mgr expire 49 lines
12-10 08:46:27.484  1188  1408 I chatty  : uid=0(root) Thread_Monitor_ expire 160 lines
12-10 08:46:27.544  1188 12363 I chatty  : uid=0(root) bulk_router_tas expire 152 lines
12-10 08:46:27.559  1188  1482 I chatty  : uid=0(root) pm_cfg_task expire 48 lines
12-10 08:46:27.559  1201  1610 I chatty  : uid=0(root) pm_cfg_task expire 48 lines
12-10 08:46:27.588  2664  2931 I chatty  : uid=0(root) dev_reg_int2 expire 10 lines
12-10 08:46:27.588  2664  2930 I chatty  : uid=0(root) dev_reg_int1 expire 10 lines
12-10 08:46:27.594  2664  2933 I chatty  : uid=0(root) remo_reg_int1 expire 10 lines
12-10 08:46:27.594  2664  2934 I chatty  : uid=0(root) remo_reg_int2 expire 10 lines
12-10 08:46:27.655  2723  2723 I chatty  : uid=0(root) logwrapper expire 10 lines
12-10 08:46:27.711  1188  1450 I chatty  : uid=0(root) wl_router_task expire 39 lines
12-10 08:46:27.790  1188  1459 I chatty  : uid=0(root) event_task expire 10 lines
12-10 08:46:28.146   828  2104 I unicore_gps: gps fix cb: ts=28.000 flags=0x17, lat=54.444363, lon=9.830060, alt=70.80, spd=0.23, cog=0.00
12-10 08:46:28.181  1188  1478 I chatty  : uid=0(root) monitor_uav_reg expire 18 lines
12-10 08:46:28.314  2195  2195 I LocalSock: type=1400 audit(0.0:341736): avc: denied { write } for name="fpv_sock" dev="tmpfs" ino=39286 scontext=u:r:untrusted_app:s0:c21,c256,c512,c768 tcontext=u:object_r:socket_device:s0 tclass=sock_file permissive=1 app=dji.go.v5
12-10 08:46:28.990  2003  2534 D McuMgr  : Query Android System Status by MCU. data =  00 01 01 00 ff ff 00
12-10 08:46:29.146   828  2104 I unicore_gps: gps fix cb: ts=29.000 flags=0x17, lat=54.444364, lon=9.830061, alt=70.70, spd=0.04, cog=0.00
12-10 08:46:30.001  2003  2003 D KeyguardUpdateMonitor: received broadcast android.intent.action.BATTERY_CHANGED
12-10 08:46:30.007  2003  2003 D KeyguardUpdateMonitor: handleBatteryUpdate
12-10 08:46:30.146   828  2104 I unicore_gps: gps fix cb: ts=30.000 flags=0x17, lat=54.444363, lon=9.830063, alt=70.90, spd=0.20, cog=0.00
12-10 08:46:31.050 24430 24430 I chatty  : uid=0(root) df expire 4 lines
12-10 08:46:31.146   828  2104 I unicore_gps: gps fix cb: ts=31.000 flags=0x17, lat=54.444363, lon=9.830064, alt=71.00, spd=0.07, cog=0.00
12-10 08:46:32.071 12545 24469 I chatty  : uid=0(root) main expire 2 lines
12-10 08:46:32.145   828  2104 I unicore_gps: gps fix cb: ts=32.000 flags=0x17, lat=54.444363, lon=9.830063, alt=71.10, spd=0.12, cog=0.00
12-10 08:46:33.082  1188  1188 I chatty  : uid=0(root) /system/bin/dji_link expire 10 lines
12-10 08:46:33.147   828  2104 I unicore_gps: gps fix cb: ts=33.000 flags=0x17, lat=54.444364, lon=9.830061, alt=71.20, spd=0.11, cog=0.00
12-10 08:46:33.314  2195  2195 I LocalSock: type=1400 audit(0.0:342355): avc: denied { write } for name="fpv_sock" dev="tmpfs" ino=39286 scontext=u:r:untrusted_app:s0:c21,c256,c512,c768 tcontext=u:object_r:socket_device:s0 tclass=sock_file permissive=1 app=dji.go.v5
12-10 08:46:33.416  1206  1510 I chatty  : uid=0(root) ability_nego_ta expire 8 lines
12-10 08:46:33.840  1188  2082 I chatty  : uid=0(root) dji_video_recv_ expire 3 lines
12-10 08:46:33.846  1188  2088 I chatty  : uid=0(root) dji_video_recv_ expire 3 lines
12-10 08:46:33.993  2003  2534 D McuMgr  : Query Android System Status by MCU. data =  00 01 01 00 ff ff 00
12-10 08:46:34.134  1201  1201 I chatty  : uid=0(root) /system/bin/dji_sdrs_agent expire 2 lines
12-10 08:46:34.145   828  2104 I unicore_gps: gps fix cb: ts=34.000 flags=0x17, lat=54.444365, lon=9.830060, alt=71.20, spd=0.12, cog=0.00
12-10 08:46:34.240  1189  1600 I chatty  : uid=0(root) wl_router_task expire 1 line
12-10 08:46:34.588  2664  2936 I chatty  : uid=0(root) upgrade_device_ expire 1 line
12-10 08:46:34.590  2664  2935 I chatty  : uid=0(root) remote_reg_all expire 1 line
12-10 08:46:35.042  1189  1920 I chatty  : uid=0(root) gnd_rc_lte_cont expire 1 line
12-10 08:46:35.116  1188  1429 I chatty  : uid=0(root) rs_event_listen expire 6 lines
12-10 08:46:35.116  1206  1491 I chatty  : uid=0(root) rs_event_listen expire 9 lines
12-10 08:46:35.114   829   829 I health@2.1-serv: type=1400 audit(0.0:342588): avc: denied { read } for name="present" dev="sysfs" ino=56857 scontext=u:r:hal_health_default:s0 tcontext=u:object_r:sysfs:s0 tclass=file permissive=1
12-10 08:46:35.114   829   829 I health@2.1-serv: type=1400 audit(0.0:342589): avc: denied { open } for path="/sys/devices/platform/soc/soc:dji_primary_battery/power_supply/aprimary-bat/present" dev="sysfs" ino=56857 scontext=u:r:hal_health_default:s0 tcontext=u:object_r:sysfs:s0 tclass=file permissive=1
12-10 08:46:35.114   829   829 I health@2.1-serv: type=1400 audit(0.0:342590): avc: denied { getattr } for path="/sys/devices/platform/soc/soc:dji_primary_battery/power_supply/aprimary-bat/present" dev="sysfs" ino=56857 scontext=u:r:hal_health_default:s0 tcontext=u:object_r:sysfs:s0 tclass=file permissive=1
12-10 08:46:35.117  1201  1565 I chatty  : uid=0(root) sa_uevent expire 3 lines
12-10 08:46:35.117  1188  1470 I chatty  : uid=0(root) SYS UEVENTS LIS expire 3 lines
12-10 08:46:35.118  2757  2757 I chatty  : uid=0(root) memory_monitor. expire 1 line
12-10 08:46:35.118 24596 24596 I chatty  : uid=0(root) /system/bin/sh expire 1 line
12-10 08:46:35.145   828  2104 I unicore_gps: gps fix cb: ts=35.000 flags=0x17, lat=54.444367, lon=9.830060, alt=70.90, spd=0.13, cog=0.00
12-10 08:46:35.327  1660  1758 D CompatibilityChangeReporter: Compat change id reported: 143937733; UID 10025; state: ENABLED
12-10 08:46:35.340   699   699 I chatty  : uid=0(root) main expire 1 line
